Archive member included to satisfy reference by file (symbol)

c:/program files (x86)/gnu tools arm embedded/7 2018-q2-update/bin/../lib/gcc/arm-none-eabi/7.3.1/../../../../arm-none-eabi/lib/thumb/v7e-m/fpv4-sp/hard\libc_nano.a(lib_a-exit.o)
                              c:/program files (x86)/gnu tools arm embedded/7 2018-q2-update/bin/../lib/gcc/arm-none-eabi/7.3.1/../../../../arm-none-eabi/lib/thumb/v7e-m/fpv4-sp/hard/crt0.o (exit)
c:/program files (x86)/gnu tools arm embedded/7 2018-q2-update/bin/../lib/gcc/arm-none-eabi/7.3.1/../../../../arm-none-eabi/lib/thumb/v7e-m/fpv4-sp/hard\libc_nano.a(lib_a-impure.o)
                              c:/program files (x86)/gnu tools arm embedded/7 2018-q2-update/bin/../lib/gcc/arm-none-eabi/7.3.1/../../../../arm-none-eabi/lib/thumb/v7e-m/fpv4-sp/hard\libc_nano.a(lib_a-exit.o) (_global_impure_ptr)
c:/program files (x86)/gnu tools arm embedded/7 2018-q2-update/bin/../lib/gcc/arm-none-eabi/7.3.1/../../../../arm-none-eabi/lib/thumb/v7e-m/fpv4-sp/hard\libc_nano.a(lib_a-init.o)
                              c:/program files (x86)/gnu tools arm embedded/7 2018-q2-update/bin/../lib/gcc/arm-none-eabi/7.3.1/../../../../arm-none-eabi/lib/thumb/v7e-m/fpv4-sp/hard/crt0.o (__libc_init_array)
c:/program files (x86)/gnu tools arm embedded/7 2018-q2-update/bin/../lib/gcc/arm-none-eabi/7.3.1/../../../../arm-none-eabi/lib/thumb/v7e-m/fpv4-sp/hard\libc_nano.a(lib_a-memcpy-stub.o)
                              _build/nrf52832_xxaa/nrf_memobj.c.o (memcpy)
c:/program files (x86)/gnu tools arm embedded/7 2018-q2-update/bin/../lib/gcc/arm-none-eabi/7.3.1/../../../../arm-none-eabi/lib/thumb/v7e-m/fpv4-sp/hard\libc_nano.a(lib_a-memset.o)
                              c:/program files (x86)/gnu tools arm embedded/7 2018-q2-update/bin/../lib/gcc/arm-none-eabi/7.3.1/../../../../arm-none-eabi/lib/thumb/v7e-m/fpv4-sp/hard/crt0.o (memset)
c:/program files (x86)/gnu tools arm embedded/7 2018-q2-update/bin/../lib/gcc/arm-none-eabi/7.3.1/../../../../arm-none-eabi/lib/thumb/v7e-m/fpv4-sp/hard\libc_nano.a(lib_a-printf.o)
                              _build/nrf52832_xxaa/main.c.o (printf)
c:/program files (x86)/gnu tools arm embedded/7 2018-q2-update/bin/../lib/gcc/arm-none-eabi/7.3.1/../../../../arm-none-eabi/lib/thumb/v7e-m/fpv4-sp/hard\libc_nano.a(lib_a-strlen.o)
                              _build/nrf52832_xxaa/nrf_fprintf_format.c.o (strlen)
c:/program files (x86)/gnu tools arm embedded/7 2018-q2-update/bin/../lib/gcc/arm-none-eabi/7.3.1/../../../../arm-none-eabi/lib/thumb/v7e-m/fpv4-sp/hard\libc_nano.a(lib_a-findfp.o)
                              c:/program files (x86)/gnu tools arm embedded/7 2018-q2-update/bin/../lib/gcc/arm-none-eabi/7.3.1/../../../../arm-none-eabi/lib/thumb/v7e-m/fpv4-sp/hard\libc_nano.a(lib_a-printf.o) (__sinit)
c:/program files (x86)/gnu tools arm embedded/7 2018-q2-update/bin/../lib/gcc/arm-none-eabi/7.3.1/../../../../arm-none-eabi/lib/thumb/v7e-m/fpv4-sp/hard\libc_nano.a(lib_a-fwalk.o)
                              c:/program files (x86)/gnu tools arm embedded/7 2018-q2-update/bin/../lib/gcc/arm-none-eabi/7.3.1/../../../../arm-none-eabi/lib/thumb/v7e-m/fpv4-sp/hard\libc_nano.a(lib_a-findfp.o) (_fwalk)
c:/program files (x86)/gnu tools arm embedded/7 2018-q2-update/bin/../lib/gcc/arm-none-eabi/7.3.1/../../../../arm-none-eabi/lib/thumb/v7e-m/fpv4-sp/hard\libc_nano.a(lib_a-nano-mallocr.o)
                              c:/program files (x86)/gnu tools arm embedded/7 2018-q2-update/bin/../lib/gcc/arm-none-eabi/7.3.1/../../../../arm-none-eabi/lib/thumb/v7e-m/fpv4-sp/hard\libc_nano.a(lib_a-findfp.o) (_malloc_r)
c:/program files (x86)/gnu tools arm embedded/7 2018-q2-update/bin/../lib/gcc/arm-none-eabi/7.3.1/../../../../arm-none-eabi/lib/thumb/v7e-m/fpv4-sp/hard\libc_nano.a(lib_a-nano-vfprintf.o)
                              c:/program files (x86)/gnu tools arm embedded/7 2018-q2-update/bin/../lib/gcc/arm-none-eabi/7.3.1/../../../../arm-none-eabi/lib/thumb/v7e-m/fpv4-sp/hard\libc_nano.a(lib_a-printf.o) (_vfprintf_r)
c:/program files (x86)/gnu tools arm embedded/7 2018-q2-update/bin/../lib/gcc/arm-none-eabi/7.3.1/../../../../arm-none-eabi/lib/thumb/v7e-m/fpv4-sp/hard\libc_nano.a(lib_a-nano-vfprintf_i.o)
                              c:/program files (x86)/gnu tools arm embedded/7 2018-q2-update/bin/../lib/gcc/arm-none-eabi/7.3.1/../../../../arm-none-eabi/lib/thumb/v7e-m/fpv4-sp/hard\libc_nano.a(lib_a-nano-vfprintf.o) (_printf_i)
c:/program files (x86)/gnu tools arm embedded/7 2018-q2-update/bin/../lib/gcc/arm-none-eabi/7.3.1/../../../../arm-none-eabi/lib/thumb/v7e-m/fpv4-sp/hard\libc_nano.a(lib_a-sbrkr.o)
                              c:/program files (x86)/gnu tools arm embedded/7 2018-q2-update/bin/../lib/gcc/arm-none-eabi/7.3.1/../../../../arm-none-eabi/lib/thumb/v7e-m/fpv4-sp/hard\libc_nano.a(lib_a-nano-mallocr.o) (_sbrk_r)
[...]
Memory Configuration

Name             Origin             Length             Attributes
FLASH            0x00000000         0x00080000         xr
RAM              0x20000000         0x00010000         xrw
*default*        0x00000000         0xffffffff

Linker script and memory map


.text           0x00000000     0x3368
 *(.isr_vector)
 .isr_vector    0x00000000      0x200 _build/nrf52832_xxaa/gcc_startup_nrf52.S.o
                0x00000000                __isr_vector
 *(.text*)
 .text          0x00000200       0x40 c:/program files (x86)/gnu tools arm embedded/7 2018-q2-update/bin/../lib/gcc/arm-none-eabi/7.3.1/thumb/v7e-m/fpv4-sp/hard/crtbegin.o
 .text          0x00000240       0x74 c:/program files (x86)/gnu tools arm embedded/7 2018-q2-update/bin/../lib/gcc/arm-none-eabi/7.3.1/../../../../arm-none-eabi/lib/thumb/v7e-m/fpv4-sp/hard/crt0.o
                0x00000240                _start
                0x00000240                _mainCRTStartup
 .text          0x000002b4       0x3c _build/nrf52832_xxaa/gcc_startup_nrf52.S.o
                0x000002b4                Reset_Handler
                0x000002dc                NMI_Handler
                0x000002de                HardFault_Handler
                0x000002e0                MemoryManagement_Handler
                0x000002e2                BusFault_Handler
                0x000002e4                UsageFault_Handler
                0x000002e6                SVC_Handler
                0x000002e8                DebugMon_Handler
                0x000002ea                PendSV_Handler
                0x000002ec                SysTick_Handler
                0x000002ee                POWER_CLOCK_IRQHandler
                0x000002ee                RADIO_IRQHandler
                0x000002ee                PDM_IRQHandler
                0x000002ee                SWI0_EGU0_IRQHandler
                0x000002ee                QDEC_IRQHandler
                0x000002ee                TIMER3_IRQHandler
                0x000002ee                FPU_IRQHandler
                0x000002ee                SPIM0_SPIS0_TWIM0_TWIS0_SPI0_TWI0_IRQHandler
                0x000002ee                TEMP_IRQHandler
                0x000002ee                TIMER4_IRQHandler
                0x000002ee                RTC0_IRQHandler
                0x000002ee                SWI4_EGU4_IRQHandler
                0x000002ee                TIMER0_IRQHandler
                0x000002ee                GPIOTE_IRQHandler
                0x000002ee                TIMER1_IRQHandler
                0x000002ee                ECB_IRQHandler
                0x000002ee                SPIM1_SPIS1_TWIM1_TWIS1_SPI1_TWI1_IRQHandler
                0x000002ee                Default_Handler
                0x000002ee                CCM_AAR_IRQHandler
                0x000002ee                WDT_IRQHandler
                0x000002ee                SWI2_EGU2_IRQHandler
                0x000002ee                SWI5_EGU5_IRQHandler
                0x000002ee                RNG_IRQHandler
                0x000002ee                RTC2_IRQHandler
                0x000002ee                SWI3_EGU3_IRQHandler
                0x000002ee                RTC1_IRQHandler
                0x000002ee                SWI1_EGU1_IRQHandler
                0x000002ee                SPIM2_SPIS2_SPI2_IRQHandler
                0x000002ee                NFCT_IRQHandler
                0x000002ee                I2S_IRQHandler
                0x000002ee                MWU_IRQHandler
                0x000002ee                TIMER2_IRQHandler
                0x000002ee                COMP_LPCOMP_IRQHandler
 .text.app_error_handler_bare
                0x000002f0       0x20 _build/nrf52832_xxaa/app_error.c.o
                0x000002f0                app_error_handler_bare
 .text.app_error_fault_handler
                0x00000310       0x34 _build/nrf52832_xxaa/app_error_weak.c.o
                0x00000310                app_error_fault_handler
 .text.app_fifo_init
                0x00000344       0x20 _build/nrf52832_xxaa/app_fifo.c.o
                0x00000344                app_fifo_init
 .text.app_fifo_put
                0x00000364       0x30 _build/nrf52832_xxaa/app_fifo.c.o
                0x00000364                app_fifo_put
 .text.app_fifo_get
                0x00000394       0x2c _build/nrf52832_xxaa/app_fifo.c.o
                0x00000394                app_fifo_get
 .text.uart_event_handler
                0x000003c0      0x114 _build/nrf52832_xxaa/app_uart_fifo.c.o
 .text.app_uart_init
                0x000004d4       0xf4 _build/nrf52832_xxaa/app_uart_fifo.c.o
                0x000004d4                app_uart_init
 .text.app_uart_get
                0x000005c8       0x5c _build/nrf52832_xxaa/app_uart_fifo.c.o
                0x000005c8                app_uart_get
 .text.app_uart_put
                0x00000624       0x74 _build/nrf52832_xxaa/app_uart_fifo.c.o
                0x00000624                app_uart_put
 .text.app_util_critical_region_enter
                0x00000698       0x10 _build/nrf52832_xxaa/app_util_platform.c.o
                0x00000698                app_util_critical_region_enter
 .text.app_util_critical_region_exit
                0x000006a8       0x14 _build/nrf52832_xxaa/app_util_platform.c.o
                0x000006a8                app_util_critical_region_exit
 .text._write   0x000006bc       0x1c _build/nrf52832_xxaa/retarget.c.o
                0x000006bc                _write
 .text._read    0x000006d8       0x14 _build/nrf52832_xxaa/retarget.c.o
                0x000006d8                _read
 .text.uarte_evt_handler
                0x000006ec       0x34 _build/nrf52832_xxaa/nrf_drv_uart.c.o
 .text.uart_evt_handler
                0x00000720       0x34 _build/nrf52832_xxaa/nrf_drv_uart.c.o
 .text.nrf_drv_uart_init
                0x00000754       0x80 _build/nrf52832_xxaa/nrf_drv_uart.c.o
                0x00000754                nrf_drv_uart_init
 .text.UARTE0_UART0_IRQHandler
                0x000007d4        0xc _build/nrf52832_xxaa/nrfx_prs.c.o
                0x000007d4                UARTE0_UART0_IRQHandler
 .text.nrfx_prs_acquire
                0x000007e0       0x3c _build/nrf52832_xxaa/nrfx_prs.c.o
                0x000007e0                nrfx_prs_acquire
 .text.nrfx_uart_0_irq_handler
                0x0000081c      0x1bc _build/nrf52832_xxaa/nrfx_uart.c.o
                0x0000081c                nrfx_uart_0_irq_handler
 .text.nrfx_uart_init
                0x000009d8      0x1a4 _build/nrf52832_xxaa/nrfx_uart.c.o
                0x000009d8                nrfx_uart_init
 .text.nrfx_uart_tx
                0x00000b7c       0xcc _build/nrf52832_xxaa/nrfx_uart.c.o
                0x00000b7c                nrfx_uart_tx
 .text.nrfx_uart_tx_in_progress
                0x00000c48       0x18 _build/nrf52832_xxaa/nrfx_uart.c.o
                0x00000c48                nrfx_uart_tx_in_progress
 .text.nrfx_uart_rx
                0x00000c60      0x14c _build/nrf52832_xxaa/nrfx_uart.c.o
                0x00000c60                nrfx_uart_rx
 .text.nrfx_uarte_0_irq_handler
                0x00000dac      0x128 _build/nrf52832_xxaa/nrfx_uarte.c.o
                0x00000dac                nrfx_uarte_0_irq_handler
 .text.nrfx_uarte_init
                0x00000ed4      0x1c4 _build/nrf52832_xxaa/nrfx_uarte.c.o
                0x00000ed4                nrfx_uarte_init
 .text.nrfx_uarte_tx
                0x00001098       0xa0 _build/nrf52832_xxaa/nrfx_uarte.c.o
                0x00001098                nrfx_uarte_tx
 .text.nrfx_uarte_tx_in_progress
                0x00001138       0x1c _build/nrf52832_xxaa/nrfx_uarte.c.o
                0x00001138                nrfx_uarte_tx_in_progress
 .text.nrfx_uarte_rx
                0x00001154      0x12c _build/nrf52832_xxaa/nrfx_uarte.c.o
                0x00001154                nrfx_uarte_rx
 .text.SAADC_IRQHandler
                0x00001280      0x1f0 _build/nrf52832_xxaa/nrfx_saadc.c.o
                0x00001280                SAADC_IRQHandler
 .text.nrfx_saadc_init
                0x00001470       0x9c _build/nrf52832_xxaa/nrfx_saadc.c.o
                0x00001470                nrfx_saadc_init
 .text.nrfx_saadc_channel_init
                0x0000150c       0xd8 _build/nrf52832_xxaa/nrfx_saadc.c.o
                0x0000150c                nrfx_saadc_channel_init
 .text.nrfx_saadc_sample_convert
                0x000015e4      0x19c _build/nrf52832_xxaa/nrfx_saadc.c.o
                0x000015e4                nrfx_saadc_sample_convert
 .text.uart_error_handle
                0x00001780       0x14 _build/nrf52832_xxaa/main.c.o
                0x00001780                uart_error_handle
 .text.startup.main
                0x00001794       0xe4 _build/nrf52832_xxaa/main.c.o
                0x00001794                main
 .text.SystemInit
                0x00001878      0x3c0 _build/nrf52832_xxaa/system_nrf52.c.o
                0x00001878                SystemInit
 .text.nrfx_pwm_init
                0x00001c38      0x22c _build/nrf52832_xxaa/nrfx_pwm.c.o
                0x00001c38                nrfx_pwm_init
 .text.nrfx_pwm_simple_playback
                0x00001e64       0xf4 _build/nrf52832_xxaa/nrfx_pwm.c.o
                0x00001e64                nrfx_pwm_simple_playback
 .text.PWM0_IRQHandler
                0x00001f58       0xbc _build/nrf52832_xxaa/nrfx_pwm.c.o
                0x00001f58                PWM0_IRQHandler
 .text.PWM1_IRQHandler
                0x00002014       0xbc _build/nrf52832_xxaa/nrfx_pwm.c.o
                0x00002014                PWM1_IRQHandler
 .text.PWM2_IRQHandler
                0x000020d0       0xbc _build/nrf52832_xxaa/nrfx_pwm.c.o
                0x000020d0                PWM2_IRQHandler
 .text.drv8801_init
                0x0000218c       0x38 _build/nrf52832_xxaa/drv8801.c.o
                0x0000218c                drv8801_init
 .text.drv8801_test
                0x000021c4       0x34 _build/nrf52832_xxaa/drv8801.c.o
                0x000021c4                drv8801_test
 .text.mpos_init
                0x000021f8       0x34 _build/nrf52832_xxaa/mpos.c.o
                0x000021f8                mpos_init
 .text.mpos_test_convert
                0x0000222c       0x18 _build/nrf52832_xxaa/mpos.c.o
                0x0000222c                mpos_test_convert
 .text.exit     0x00002244       0x28 c:/program files (x86)/gnu tools arm embedded/7 2018-q2-update/bin/../lib/gcc/arm-none-eabi/7.3.1/../../../../arm-none-eabi/lib/thumb/v7e-m/fpv4-sp/hard\libc_nano.a(lib_a-exit.o)
                0x00002244                exit
 .text.__libc_init_array
                0x0000226c       0x48 c:/program files (x86)/gnu tools arm embedded/7 2018-q2-update/bin/../lib/gcc/arm-none-eabi/7.3.1/../../../../arm-none-eabi/lib/thumb/v7e-m/fpv4-sp/hard\libc_nano.a(lib_a-init.o)
                0x0000226c                __libc_init_array
 .text.memset   0x000022b4       0x10 c:/program files (x86)/gnu tools arm embedded/7 2018-q2-update/bin/../lib/gcc/arm-none-eabi/7.3.1/../../../../arm-none-eabi/lib/thumb/v7e-m/fpv4-sp/hard\libc_nano.a(lib_a-memset.o)
                0x000022b4                memset
 .text.printf   0x000022c4       0x30 c:/program files (x86)/gnu tools arm embedded/7 2018-q2-update/bin/../lib/gcc/arm-none-eabi/7.3.1/../../../../arm-none-eabi/lib/thumb/v7e-m/fpv4-sp/hard\libc_nano.a(lib_a-printf.o)
                0x000022c4                iprintf
                0x000022c4                printf
 .text.std      0x000022f4       0x48 c:/program files (x86)/gnu tools arm embedded/7 2018-q2-update/bin/../lib/gcc/arm-none-eabi/7.3.1/../../../../arm-none-eabi/lib/thumb/v7e-m/fpv4-sp/hard\libc_nano.a(lib_a-findfp.o)
 .text._cleanup_r
                0x0000233c        0xc c:/program files (x86)/gnu tools arm embedded/7 2018-q2-update/bin/../lib/gcc/arm-none-eabi/7.3.1/../../../../arm-none-eabi/lib/thumb/v7e-m/fpv4-sp/hard\libc_nano.a(lib_a-findfp.o)
                0x0000233c                _cleanup_r
 .text.__sfmoreglue
                0x00002348       0x2c c:/program files (x86)/gnu tools arm embedded/7 2018-q2-update/bin/../lib/gcc/arm-none-eabi/7.3.1/../../../../arm-none-eabi/lib/thumb/v7e-m/fpv4-sp/hard\libc_nano.a(lib_a-findfp.o)
                0x00002348                __sfmoreglue
 .text.__sinit  0x00002374       0x60 c:/program files (x86)/gnu tools arm embedded/7 2018-q2-update/bin/../lib/gcc/arm-none-eabi/7.3.1/../../../../arm-none-eabi/lib/thumb/v7e-m/fpv4-sp/hard\libc_nano.a(lib_a-findfp.o)
                0x00002374                __sinit
 .text.__sfp    0x000023d4       0x78 c:/program files (x86)/gnu tools arm embedded/7 2018-q2-update/bin/../lib/gcc/arm-none-eabi/7.3.1/../../../../arm-none-eabi/lib/thumb/v7e-m/fpv4-sp/hard\libc_nano.a(lib_a-findfp.o)
                0x000023d4                __sfp
 .text._fwalk_reent
                0x0000244c       0x3c c:/program files (x86)/gnu tools arm embedded/7 2018-q2-update/bin/../lib/gcc/arm-none-eabi/7.3.1/../../../../arm-none-eabi/lib/thumb/v7e-m/fpv4-sp/hard\libc_nano.a(lib_a-fwalk.o)
                0x0000244c                _fwalk_reent
 .text._malloc_r
                0x00002488       0xb4 c:/program files (x86)/gnu tools arm embedded/7 2018-q2-update/bin/../lib/gcc/arm-none-eabi/7.3.1/../../../../arm-none-eabi/lib/thumb/v7e-m/fpv4-sp/hard\libc_nano.a(lib_a-nano-mallocr.o)
                0x00002488                _malloc_r
 .text.__sfputc_r
                0x0000253c       0x2e c:/program files (x86)/gnu tools arm embedded/7 2018-q2-update/bin/../lib/gcc/arm-none-eabi/7.3.1/../../../../arm-none-eabi/lib/thumb/v7e-m/fpv4-sp/hard\libc_nano.a(lib_a-nano-vfprintf.o)
 .text.__sfputs_r
                0x0000256a       0x24 c:/program files (x86)/gnu tools arm embedded/7 2018-q2-update/bin/../lib/gcc/arm-none-eabi/7.3.1/../../../../arm-none-eabi/lib/thumb/v7e-m/fpv4-sp/hard\libc_nano.a(lib_a-nano-vfprintf.o)
                0x0000256a                __sfputs_r
 *fill*         0x0000258e        0x2 
 .text._vfprintf_r
                0x00002590      0x22c c:/program files (x86)/gnu tools arm embedded/7 2018-q2-update/bin/../lib/gcc/arm-none-eabi/7.3.1/../../../../arm-none-eabi/lib/thumb/v7e-m/fpv4-sp/hard\libc_nano.a(lib_a-nano-vfprintf.o)
                0x00002590                _vfprintf_r
                0x00002590                _vfiprintf_r
 .text._printf_common
                0x000027bc       0xea c:/program files (x86)/gnu tools arm embedded/7 2018-q2-update/bin/../lib/gcc/arm-none-eabi/7.3.1/../../../../arm-none-eabi/lib/thumb/v7e-m/fpv4-sp/hard\libc_nano.a(lib_a-nano-vfprintf_i.o)
                0x000027bc                _printf_common
 *fill*         0x000028a6        0x2 
 .text._printf_i
                0x000028a8      0x224 c:/program files (x86)/gnu tools arm embedded/7 2018-q2-update/bin/../lib/gcc/arm-none-eabi/7.3.1/../../../../arm-none-eabi/lib/thumb/v7e-m/fpv4-sp/hard\libc_nano.a(lib_a-nano-vfprintf_i.o)
                0x000028a8                _printf_i
 .text._sbrk_r  0x00002acc       0x20 c:/program files (x86)/gnu tools arm embedded/7 2018-q2-update/bin/../lib/gcc/arm-none-eabi/7.3.1/../../../../arm-none-eabi/lib/thumb/v7e-m/fpv4-sp/hard\libc_nano.a(lib_a-sbrkr.o)
                0x00002acc                _sbrk_r
 .text.__sread  0x00002aec       0x22 c:/program files (x86)/gnu tools arm embedded/7 2018-q2-update/bin/../lib/gcc/arm-none-eabi/7.3.1/../../../../arm-none-eabi/lib/thumb/v7e-m/fpv4-sp/hard\libc_nano.a(lib_a-stdio.o)
                0x00002aec                __sread
 .text.__swrite
                0x00002b0e       0x38 c:/program files (x86)/gnu tools arm embedded/7 2018-q2-update/bin/../lib/gcc/arm-none-eabi/7.3.1/../../../../arm-none-eabi/lib/thumb/v7e-m/fpv4-sp/hard\libc_nano.a(lib_a-stdio.o)
                0x00002b0e                __swrite
 .text.__sseek  0x00002b46       0x24 c:/program files (x86)/gnu tools arm embedded/7 2018-q2-update/bin/../lib/gcc/arm-none-eabi/7.3.1/../../../../arm-none-eabi/lib/thumb/v7e-m/fpv4-sp/hard\libc_nano.a(lib_a-stdio.o)
                0x00002b46                __sseek
 .text.__sclose
                0x00002b6a        0x8 c:/program files (x86)/gnu tools arm embedded/7 2018-q2-update/bin/../lib/gcc/arm-none-eabi/7.3.1/../../../../arm-none-eabi/lib/thumb/v7e-m/fpv4-sp/hard\libc_nano.a(lib_a-stdio.o)
                0x00002b6a                __sclose
 *fill*         0x00002b72        0x2 
 .text.__swbuf_r
                0x00002b74       0xa4 c:/program files (x86)/gnu tools arm embedded/7 2018-q2-update/bin/../lib/gcc/arm-none-eabi/7.3.1/../../../../arm-none-eabi/lib/thumb/v7e-m/fpv4-sp/hard\libc_nano.a(lib_a-wbuf.o)
                0x00002b74                __swbuf_r
 .text._write_r
                0x00002c18       0x24 c:/program files (x86)/gnu tools arm embedded/7 2018-q2-update/bin/../lib/gcc/arm-none-eabi/7.3.1/../../../../arm-none-eabi/lib/thumb/v7e-m/fpv4-sp/hard\libc_nano.a(lib_a-writer.o)
                0x00002c18                _write_r
 .text.__swsetup_r
                0x00002c3c       0xdc c:/program files (x86)/gnu tools arm embedded/7 2018-q2-update/bin/../lib/gcc/arm-none-eabi/7.3.1/../../../../arm-none-eabi/lib/thumb/v7e-m/fpv4-sp/hard\libc_nano.a(lib_a-wsetup.o)
                0x00002c3c                __swsetup_r
 .text._close_r
                0x00002d18       0x20 c:/program files (x86)/gnu tools arm embedded/7 2018-q2-update/bin/../lib/gcc/arm-none-eabi/7.3.1/../../../../arm-none-eabi/lib/thumb/v7e-m/fpv4-sp/hard\libc_nano.a(lib_a-closer.o)
                0x00002d18                _close_r
 .text.__sflush_r
                0x00002d38      0x10c c:/program files (x86)/gnu tools arm embedded/7 2018-q2-update/bin/../lib/gcc/arm-none-eabi/7.3.1/../../../../arm-none-eabi/lib/thumb/v7e-m/fpv4-sp/hard\libc_nano.a(lib_a-fflush.o)
                0x00002d38                __sflush_r
 .text._fflush_r
                0x00002e44       0x54 c:/program files (x86)/gnu tools arm embedded/7 2018-q2-update/bin/../lib/gcc/arm-none-eabi/7.3.1/../../../../arm-none-eabi/lib/thumb/v7e-m/fpv4-sp/hard\libc_nano.a(lib_a-fflush.o)
                0x00002e44                _fflush_r
 .text._lseek_r
                0x00002e98       0x24 c:/program files (x86)/gnu tools arm embedded/7 2018-q2-update/bin/../lib/gcc/arm-none-eabi/7.3.1/../../../../arm-none-eabi/lib/thumb/v7e-m/fpv4-sp/hard\libc_nano.a(lib_a-lseekr.o)
                0x00002e98                _lseek_r
 .text.__swhatbuf_r
                0x00002ebc       0x48 c:/program files (x86)/gnu tools arm embedded/7 2018-q2-update/bin/../lib/gcc/arm-none-eabi/7.3.1/../../../../arm-none-eabi/lib/thumb/v7e-m/fpv4-sp/hard\libc_nano.a(lib_a-makebuf.o)
                0x00002ebc                __swhatbuf_r
 .text.__smakebuf_r
                0x00002f04       0x80 c:/program files (x86)/gnu tools arm embedded/7 2018-q2-update/bin/../lib/gcc/arm-none-eabi/7.3.1/../../../../arm-none-eabi/lib/thumb/v7e-m/fpv4-sp/hard\libc_nano.a(lib_a-makebuf.o)
                0x00002f04                __smakebuf_r
 *fill*         0x00002f84        0xc 
 .text          0x00002f90       0xa0 c:/program files (x86)/gnu tools arm embedded/7 2018-q2-update/bin/../lib/gcc/arm-none-eabi/7.3.1/../../../../arm-none-eabi/lib/thumb/v7e-m/fpv4-sp/hard\libc_nano.a(lib_a-memchr.o)
                0x00002f90                memchr
 .text.__malloc_lock
                0x00003030        0x2 c:/program files (x86)/gnu tools arm embedded/7 2018-q2-update/bin/../lib/gcc/arm-none-eabi/7.3.1/../../../../arm-none-eabi/lib/thumb/v7e-m/fpv4-sp/hard\libc_nano.a(lib_a-mlock.o)
                0x00003030                __malloc_lock
 .text.__malloc_unlock
                0x00003032        0x2 c:/program files (x86)/gnu tools arm embedded/7 2018-q2-update/bin/../lib/gcc/arm-none-eabi/7.3.1/../../../../arm-none-eabi/lib/thumb/v7e-m/fpv4-sp/hard\libc_nano.a(lib_a-mlock.o)
                0x00003032                __malloc_unlock
 .text._free_r  0x00003034       0x9c c:/program files (x86)/gnu tools arm embedded/7 2018-q2-update/bin/../lib/gcc/arm-none-eabi/7.3.1/../../../../arm-none-eabi/lib/thumb/v7e-m/fpv4-sp/hard\libc_nano.a(lib_a-nano-freer.o)
                0x00003034                _free_r
 .text._read_r  0x000030d0       0x24 c:/program files (x86)/gnu tools arm embedded/7 2018-q2-update/bin/../lib/gcc/arm-none-eabi/7.3.1/../../../../arm-none-eabi/lib/thumb/v7e-m/fpv4-sp/hard\libc_nano.a(lib_a-readr.o)
                0x000030d0                _read_r
 .text._fstat_r
                0x000030f4       0x24 c:/program files (x86)/gnu tools arm embedded/7 2018-q2-update/bin/../lib/gcc/arm-none-eabi/7.3.1/../../../../arm-none-eabi/lib/thumb/v7e-m/fpv4-sp/hard\libc_nano.a(lib_a-fstatr.o)
                0x000030f4                _fstat_r
 .text._isatty_r
                0x00003118       0x20 c:/program files (x86)/gnu tools arm embedded/7 2018-q2-update/bin/../lib/gcc/arm-none-eabi/7.3.1/../../../../arm-none-eabi/lib/thumb/v7e-m/fpv4-sp/hard\libc_nano.a(lib_a-isattyr.o)
                0x00003118                _isatty_r
 .text._close   0x00003138       0x10 c:/program files (x86)/gnu tools arm embedded/7 2018-q2-update/bin/../lib/gcc/arm-none-eabi/7.3.1/../../../../arm-none-eabi/lib/thumb/v7e-m/fpv4-sp/hard\libnosys.a(close.o)
                0x00003138                _close
 .text._fstat   0x00003148       0x10 c:/program files (x86)/gnu tools arm embedded/7 2018-q2-update/bin/../lib/gcc/arm-none-eabi/7.3.1/../../../../arm-none-eabi/lib/thumb/v7e-m/fpv4-sp/hard\libnosys.a(fstat.o)
                0x00003148                _fstat
 .text._isatty  0x00003158       0x10 c:/program files (x86)/gnu tools arm embedded/7 2018-q2-update/bin/../lib/gcc/arm-none-eabi/7.3.1/../../../../arm-none-eabi/lib/thumb/v7e-m/fpv4-sp/hard\libnosys.a(isatty.o)
                0x00003158                _isatty
 .text._lseek   0x00003168       0x10 c:/program files (x86)/gnu tools arm embedded/7 2018-q2-update/bin/../lib/gcc/arm-none-eabi/7.3.1/../../../../arm-none-eabi/lib/thumb/v7e-m/fpv4-sp/hard\libnosys.a(lseek.o)
                0x00003168                _lseek
 .text._sbrk    0x00003178       0x1c c:/program files (x86)/gnu tools arm embedded/7 2018-q2-update/bin/../lib/gcc/arm-none-eabi/7.3.1/../../../../arm-none-eabi/lib/thumb/v7e-m/fpv4-sp/hard\libnosys.a(sbrk.o)
                0x00003178                _sbrk
 .text._exit    0x00003194        0x4 c:/program files (x86)/gnu tools arm embedded/7 2018-q2-update/bin/../lib/gcc/arm-none-eabi/7.3.1/../../../../arm-none-eabi/lib/thumb/v7e-m/fpv4-sp/hard\libnosys.a(_exit.o)
                0x00003194                _exit
 *(.init)
 .init          0x00003198        0x4 c:/program files (x86)/gnu tools arm embedded/7 2018-q2-update/bin/../lib/gcc/arm-none-eabi/7.3.1/thumb/v7e-m/fpv4-sp/hard/crti.o
                0x00003198                _init
 .init          0x0000319c        0x8 c:/program files (x86)/gnu tools arm embedded/7 2018-q2-update/bin/../lib/gcc/arm-none-eabi/7.3.1/thumb/v7e-m/fpv4-sp/hard/crtn.o
 *(.fini)
 .fini          0x000031a4        0x4 c:/program files (x86)/gnu tools arm embedded/7 2018-q2-update/bin/../lib/gcc/arm-none-eabi/7.3.1/thumb/v7e-m/fpv4-sp/hard/crti.o
                0x000031a4                _fini
 .fini          0x000031a8        0x8 c:/program files (x86)/gnu tools arm embedded/7 2018-q2-update/bin/../lib/gcc/arm-none-eabi/7.3.1/thumb/v7e-m/fpv4-sp/hard/crtn.o
 *crtbegin.o(.ctors)
 *crtbegin?.o(.ctors)
 *(EXCLUDE_FILE(*crtend.o *crtend?.o) .ctors)
 *(SORT_BY_NAME(.ctors.*))
 *(.ctors)
 *crtbegin.o(.dtors)
 *crtbegin?.o(.dtors)
 *(EXCLUDE_FILE(*crtend.o *crtend?.o) .dtors)
 *(SORT_BY_NAME(.dtors.*))
 *(.dtors)
 *(.rodata*)
 .rodata        0x000031b0       0x20 _build/nrf52832_xxaa/app_uart_fifo.c.o
 .rodata        0x000031d0       0x18 _build/nrf52832_xxaa/main.c.o
 *fill*         0x000031e8        0x8 
 .rodata.delay_bytecode.8088
                0x000031f0        0x6 _build/nrf52832_xxaa/main.c.o
 *fill*         0x000031f6        0x2 
 .rodata.main.str1.4
                0x000031f8       0x9c _build/nrf52832_xxaa/main.c.o
                                 0x9b (size before relaxing)
 .rodata        0x00003294       0x2c _build/nrf52832_xxaa/drv8801.c.o
 .rodata        0x000032c0        0x9 _build/nrf52832_xxaa/mpos.c.o
 *fill*         0x000032c9        0x3 
 .rodata._global_impure_ptr
                0x000032cc        0x4 c:/program files (x86)/gnu tools arm embedded/7 2018-q2-update/bin/../lib/gcc/arm-none-eabi/7.3.1/../../../../arm-none-eabi/lib/thumb/v7e-m/fpv4-sp/hard\libc_nano.a(lib_a-impure.o)
                0x000032cc                _global_impure_ptr
 .rodata.__sf_fake_stderr
                0x000032d0       0x20 c:/program files (x86)/gnu tools arm embedded/7 2018-q2-update/bin/../lib/gcc/arm-none-eabi/7.3.1/../../../../arm-none-eabi/lib/thumb/v7e-m/fpv4-sp/hard\libc_nano.a(lib_a-findfp.o)
                0x000032d0                __sf_fake_stderr
 .rodata.__sf_fake_stdin
                0x000032f0       0x20 c:/program files (x86)/gnu tools arm embedded/7 2018-q2-update/bin/../lib/gcc/arm-none-eabi/7.3.1/../../../../arm-none-eabi/lib/thumb/v7e-m/fpv4-sp/hard\libc_nano.a(lib_a-findfp.o)
                0x000032f0                __sf_fake_stdin
 .rodata.__sf_fake_stdout
                0x00003310       0x20 c:/program files (x86)/gnu tools arm embedded/7 2018-q2-update/bin/../lib/gcc/arm-none-eabi/7.3.1/../../../../arm-none-eabi/lib/thumb/v7e-m/fpv4-sp/hard\libc_nano.a(lib_a-findfp.o)
                0x00003310                __sf_fake_stdout
 .rodata._vfprintf_r.str1.1
                0x00003330       0x11 c:/program files (x86)/gnu tools arm embedded/7 2018-q2-update/bin/../lib/gcc/arm-none-eabi/7.3.1/../../../../arm-none-eabi/lib/thumb/v7e-m/fpv4-sp/hard\libc_nano.a(lib_a-nano-vfprintf.o)
 .rodata._printf_i.str1.1
                0x00003341       0x22 c:/program files (x86)/gnu tools arm embedded/7 2018-q2-update/bin/../lib/gcc/arm-none-eabi/7.3.1/../../../../arm-none-eabi/lib/thumb/v7e-m/fpv4-sp/hard\libc_nano.a(lib_a-nano-vfprintf_i.o)
 *(.eh_frame*)
 *fill*         0x00003363        0x1 
 .eh_frame      0x00003364        0x0 c:/program files (x86)/gnu tools arm embedded/7 2018-q2-update/bin/../lib/gcc/arm-none-eabi/7.3.1/thumb/v7e-m/fpv4-sp/hard/crtbegin.o
 .eh_frame      0x00003364        0x4 c:/program files (x86)/gnu tools arm embedded/7 2018-q2-update/bin/../lib/gcc/arm-none-eabi/7.3.1/thumb/v7e-m/fpv4-sp/hard/crtend.o

.glue_7         0x00003368        0x0
 .glue_7        0x00003368        0x0 linker stubs

.glue_7t        0x00003368        0x0
 .glue_7t       0x00003368        0x0 linker stubs

.vfp11_veneer   0x00003368        0x0
 .vfp11_veneer  0x00003368        0x0 linker stubs

.v4_bx          0x00003368        0x0
 .v4_bx         0x00003368        0x0 linker stubs

.iplt           0x00003368        0x0
 .iplt          0x00003368        0x0 c:/program files (x86)/gnu tools arm embedded/7 2018-q2-update/bin/../lib/gcc/arm-none-eabi/7.3.1/thumb/v7e-m/fpv4-sp/hard/crtbegin.o

.mem_section_dummy_rom

.log_const_data
                0x00003368        0x0
                [!provide]                PROVIDE (__start_log_const_data = .)
 *(SORT_BY_NAME(.log_const_data*))
                [!provide]                PROVIDE (__stop_log_const_data = .)

.log_backends   0x00003368        0x0
                [!provide]                PROVIDE (__start_log_backends = .)
 *(SORT_BY_NAME(.log_backends*))
                [!provide]                PROVIDE (__stop_log_backends = .)

.nrf_balloc     0x00003368        0x0
                [!provide]                PROVIDE (__start_nrf_balloc = .)
 *(.nrf_balloc)
                [!provide]                PROVIDE (__stop_nrf_balloc = .)

.ARM.extab
 *(.ARM.extab* .gnu.linkonce.armextab.*)
                0x00003368                __exidx_start = .

.ARM.exidx      0x00003368        0x8
 *(.ARM.exidx* .gnu.linkonce.armexidx.*)
 .ARM.exidx     0x00003368        0x8 c:/program files (x86)/gnu tools arm embedded/7 2018-q2-update/bin/../lib/gcc/arm-none-eabi/7.3.1/../../../../arm-none-eabi/lib/thumb/v7e-m/fpv4-sp/hard/crt0.o
                0x00003370                __exidx_end = .
                0x00003370                __etext = .

.rel.dyn        0x00003370        0x0
 .rel.iplt      0x00003370        0x0 c:/program files (x86)/gnu tools arm embedded/7 2018-q2-update/bin/../lib/gcc/arm-none-eabi/7.3.1/thumb/v7e-m/fpv4-sp/hard/crtbegin.o

.data           0x20000000       0xb4 load address 0x00003370
                0x20000000                __data_start__ = .
 *(vtable)
 *(.data*)
 .data.app_uart_inst
                0x20000000       0x14 _build/nrf52832_xxaa/app_uart_fifo.c.o
 .data.SystemCoreClock
                0x20000014        0x4 _build/nrf52832_xxaa/system_nrf52.c.o
                0x20000014                SystemCoreClock
 .data.m_pwm0   0x20000018        0x8 _build/nrf52832_xxaa/drv8801.c.o
 .data.seq_values
                0x20000020        0x4 _build/nrf52832_xxaa/drv8801.c.o
 .data.seq_values2
                0x20000024       0x24 _build/nrf52832_xxaa/drv8801.c.o
 .data._impure_ptr
                0x20000048        0x4 c:/program files (x86)/gnu tools arm embedded/7 2018-q2-update/bin/../lib/gcc/arm-none-eabi/7.3.1/../../../../arm-none-eabi/lib/thumb/v7e-m/fpv4-sp/hard\libc_nano.a(lib_a-impure.o)
                0x20000048                _impure_ptr
 .data.impure_data
                0x2000004c       0x60 c:/program files (x86)/gnu tools arm embedded/7 2018-q2-update/bin/../lib/gcc/arm-none-eabi/7.3.1/../../../../arm-none-eabi/lib/thumb/v7e-m/fpv4-sp/hard\libc_nano.a(lib_a-impure.o)
                0x200000ac                . = ALIGN (0x4)
                0x200000ac                PROVIDE (__preinit_array_start = .)
 *(.preinit_array)
                0x200000ac                PROVIDE (__preinit_array_end = .)
                0x200000ac                . = ALIGN (0x4)
                0x200000ac                PROVIDE (__init_array_start = .)
 *(SORT_BY_NAME(.init_array.*))
 *(.init_array)
 .init_array    0x200000ac        0x4 c:/program files (x86)/gnu tools arm embedded/7 2018-q2-update/bin/../lib/gcc/arm-none-eabi/7.3.1/thumb/v7e-m/fpv4-sp/hard/crtbegin.o
                0x200000b0                PROVIDE (__init_array_end = .)
                0x200000b0                . = ALIGN (0x4)
                [!provide]                PROVIDE (__fini_array_start = .)
 *(SORT_BY_NAME(.fini_array.*))
 *(.fini_array)
 .fini_array    0x200000b0        0x4 c:/program files (x86)/gnu tools arm embedded/7 2018-q2-update/bin/../lib/gcc/arm-none-eabi/7.3.1/thumb/v7e-m/fpv4-sp/hard/crtbegin.o
                [!provide]                PROVIDE (__fini_array_end = .)
 *(.jcr*)
                0x200000b4                . = ALIGN (0x4)
                0x200000b4                __data_end__ = .
LOAD c:/program files (x86)/gnu tools arm embedded/7 2018-q2-update/bin/../lib/gcc/arm-none-eabi/7.3.1/thumb/v7e-m/fpv4-sp/hard/crti.o
LOAD c:/program files (x86)/gnu tools arm embedded/7 2018-q2-update/bin/../lib/gcc/arm-none-eabi/7.3.1/thumb/v7e-m/fpv4-sp/hard/crtbegin.o
LOAD c:/program files (x86)/gnu tools arm embedded/7 2018-q2-update/bin/../lib/gcc/arm-none-eabi/7.3.1/../../../../arm-none-eabi/lib/thumb/v7e-m/fpv4-sp/hard/crt0.o
LOAD _build/nrf52832_xxaa/gcc_startup_nrf52.S.o
LOAD _build/nrf52832_xxaa/nrf_log_frontend.c.o
LOAD _build/nrf52832_xxaa/nrf_log_str_formatter.c.o
LOAD _build/nrf52832_xxaa/app_error.c.o
LOAD _build/nrf52832_xxaa/app_error_handler_gcc.c.o
LOAD _build/nrf52832_xxaa/app_error_weak.c.o
LOAD _build/nrf52832_xxaa/app_fifo.c.o
LOAD _build/nrf52832_xxaa/app_uart_fifo.c.o
LOAD _build/nrf52832_xxaa/app_util_platform.c.o
LOAD _build/nrf52832_xxaa/nrf_assert.c.o
LOAD _build/nrf52832_xxaa/nrf_atomic.c.o
LOAD _build/nrf52832_xxaa/nrf_balloc.c.o
LOAD _build/nrf52832_xxaa/nrf_fprintf.c.o
LOAD _build/nrf52832_xxaa/nrf_fprintf_format.c.o
LOAD _build/nrf52832_xxaa/nrf_memobj.c.o
LOAD _build/nrf52832_xxaa/nrf_ringbuf.c.o
LOAD _build/nrf52832_xxaa/nrf_strerror.c.o
LOAD _build/nrf52832_xxaa/retarget.c.o
LOAD _build/nrf52832_xxaa/nrf_drv_uart.c.o
LOAD _build/nrf52832_xxaa/nrfx_prs.c.o
LOAD _build/nrf52832_xxaa/nrfx_uart.c.o
LOAD _build/nrf52832_xxaa/nrfx_uarte.c.o
LOAD _build/nrf52832_xxaa/nrfx_saadc.c.o
LOAD _build/nrf52832_xxaa/main.c.o
LOAD _build/nrf52832_xxaa/system_nrf52.c.o
LOAD _build/nrf52832_xxaa/nrfx_pwm.c.o
LOAD _build/nrf52832_xxaa/drv8801.c.o
LOAD _build/nrf52832_xxaa/mpos.c.o
LOAD c:/program files (x86)/gnu tools arm embedded/7 2018-q2-update/bin/../lib/gcc/arm-none-eabi/7.3.1/../../../../arm-none-eabi/lib/thumb/v7e-m/fpv4-sp/hard\libc_nano.a
LOAD c:/program files (x86)/gnu tools arm embedded/7 2018-q2-update/bin/../lib/gcc/arm-none-eabi/7.3.1/../../../../arm-none-eabi/lib/thumb/v7e-m/fpv4-sp/hard\libnosys.a
LOAD c:/program files (x86)/gnu tools arm embedded/7 2018-q2-update/bin/../lib/gcc/arm-none-eabi/7.3.1/../../../../arm-none-eabi/lib/thumb/v7e-m/fpv4-sp/hard\libm.a
START GROUP
LOAD c:/program files (x86)/gnu tools arm embedded/7 2018-q2-update/bin/../lib/gcc/arm-none-eabi/7.3.1/thumb/v7e-m/fpv4-sp/hard\libgcc.a
LOAD c:/program files (x86)/gnu tools arm embedded/7 2018-q2-update/bin/../lib/gcc/arm-none-eabi/7.3.1/../../../../arm-none-eabi/lib/thumb/v7e-m/fpv4-sp/hard\libg_nano.a
LOAD c:/program files (x86)/gnu tools arm embedded/7 2018-q2-update/bin/../lib/gcc/arm-none-eabi/7.3.1/../../../../arm-none-eabi/lib/thumb/v7e-m/fpv4-sp/hard\libc_nano.a
END GROUP
START GROUP
LOAD c:/program files (x86)/gnu tools arm embedded/7 2018-q2-update/bin/../lib/gcc/arm-none-eabi/7.3.1/thumb/v7e-m/fpv4-sp/hard\libgcc.a
LOAD c:/program files (x86)/gnu tools arm embedded/7 2018-q2-update/bin/../lib/gcc/arm-none-eabi/7.3.1/../../../../arm-none-eabi/lib/thumb/v7e-m/fpv4-sp/hard\libc_nano.a
END GROUP
LOAD c:/program files (x86)/gnu tools arm embedded/7 2018-q2-update/bin/../lib/gcc/arm-none-eabi/7.3.1/thumb/v7e-m/fpv4-sp/hard/crtend.o
LOAD c:/program files (x86)/gnu tools arm embedded/7 2018-q2-update/bin/../lib/gcc/arm-none-eabi/7.3.1/thumb/v7e-m/fpv4-sp/hard/crtn.o
START GROUP
LOAD c:/program files (x86)/gnu tools arm embedded/7 2018-q2-update/bin/../lib/gcc/arm-none-eabi/7.3.1/thumb/v7e-m/fpv4-sp/hard\libgcc.a
LOAD c:/program files (x86)/gnu tools arm embedded/7 2018-q2-update/bin/../lib/gcc/arm-none-eabi/7.3.1/../../../../arm-none-eabi/lib/thumb/v7e-m/fpv4-sp/hard\libc.a
LOAD c:/program files (x86)/gnu tools arm embedded/7 2018-q2-update/bin/../lib/gcc/arm-none-eabi/7.3.1/../../../../arm-none-eabi/lib/thumb/v7e-m/fpv4-sp/hard\libnosys.a
END GROUP

.igot.plt       0x200000b4        0x0 load address 0x00003424
 .igot.plt      0x200000b4        0x0 c:/program files (x86)/gnu tools arm embedded/7 2018-q2-update/bin/../lib/gcc/arm-none-eabi/7.3.1/thumb/v7e-m/fpv4-sp/hard/crtbegin.o
                0x200000b4                . = ALIGN (0x4)

.mem_section_dummy_ram

.log_dynamic_data
                0x200000b4        0x0
                [!provide]                PROVIDE (__start_log_dynamic_data = .)
 *(SORT_BY_NAME(.log_dynamic_data*))
                [!provide]                PROVIDE (__stop_log_dynamic_data = .)

.log_filter_data
                0x200000b4        0x0
                [!provide]                PROVIDE (__start_log_filter_data = .)
 *(SORT_BY_NAME(.log_filter_data*))
                [!provide]                PROVIDE (__stop_log_filter_data = .)

.bss            0x200000b4      0x30c load address 0x00003424
                0x200000b4                . = ALIGN (0x4)
                0x200000b4                __bss_start__ = .
 *(.bss*)
 .bss           0x200000b4       0x1c c:/program files (x86)/gnu tools arm embedded/7 2018-q2-update/bin/../lib/gcc/arm-none-eabi/7.3.1/thumb/v7e-m/fpv4-sp/hard/crtbegin.o
 .bss.m_event_handler
                0x200000d0        0x4 _build/nrf52832_xxaa/app_uart_fifo.c.o
 .bss.m_rx_fifo
                0x200000d4       0x10 _build/nrf52832_xxaa/app_uart_fifo.c.o
 .bss.m_rx_ovf  0x200000e4        0x1 _build/nrf52832_xxaa/app_uart_fifo.c.o
 *fill*         0x200000e5        0x3 
 .bss.m_tx_fifo
                0x200000e8       0x10 _build/nrf52832_xxaa/app_uart_fifo.c.o
 .bss.rx_buffer
                0x200000f8        0x1 _build/nrf52832_xxaa/app_uart_fifo.c.o
 *fill*         0x200000f9        0x3 
 .bss.tx_buffer
                0x200000fc        0x1 _build/nrf52832_xxaa/app_uart_fifo.c.o
 *fill*         0x200000fd        0x3 
 .bss.m_in_critical_region
                0x20000100        0x4 _build/nrf52832_xxaa/app_util_platform.c.o
 .bss.m_contexts
                0x20000104        0x4 _build/nrf52832_xxaa/nrf_drv_uart.c.o
 .bss.m_handlers
                0x20000108        0x4 _build/nrf52832_xxaa/nrf_drv_uart.c.o
 .bss.m_prs_box_4
                0x2000010c        0x8 _build/nrf52832_xxaa/nrfx_prs.c.o
 .bss.m_cb      0x20000114       0x2c _build/nrf52832_xxaa/nrfx_uart.c.o
 .bss.m_cb      0x20000140       0x24 _build/nrf52832_xxaa/nrfx_uarte.c.o
 .bss.m_cb      0x20000164       0x30 _build/nrf52832_xxaa/nrfx_saadc.c.o
 .bss.rx_buf.9281
                0x20000194      0x100 _build/nrf52832_xxaa/main.c.o
 .bss.tx_buf.9282
                0x20000294      0x100 _build/nrf52832_xxaa/main.c.o
 .bss.m_cb      0x20000394       0x18 _build/nrf52832_xxaa/nrfx_pwm.c.o
 .bss.__malloc_free_list
                0x200003ac        0x4 c:/program files (x86)/gnu tools arm embedded/7 2018-q2-update/bin/../lib/gcc/arm-none-eabi/7.3.1/../../../../arm-none-eabi/lib/thumb/v7e-m/fpv4-sp/hard\libc_nano.a(lib_a-nano-mallocr.o)
                0x200003ac                __malloc_free_list
 .bss.__malloc_sbrk_start
                0x200003b0        0x4 c:/program files (x86)/gnu tools arm embedded/7 2018-q2-update/bin/../lib/gcc/arm-none-eabi/7.3.1/../../../../arm-none-eabi/lib/thumb/v7e-m/fpv4-sp/hard\libc_nano.a(lib_a-nano-mallocr.o)
                0x200003b0                __malloc_sbrk_start
 .bss.heap_end.5377
                0x200003b4        0x4 c:/program files (x86)/gnu tools arm embedded/7 2018-q2-update/bin/../lib/gcc/arm-none-eabi/7.3.1/../../../../arm-none-eabi/lib/thumb/v7e-m/fpv4-sp/hard\libnosys.a(sbrk.o)
 *(COMMON)
 COMMON         0x200003b8        0x1 _build/nrf52832_xxaa/nrf_drv_uart.c.o
                0x200003b8                nrf_drv_uart_use_easy_dma
 *fill*         0x200003b9        0x3 
 COMMON         0x200003bc        0x4 c:/program files (x86)/gnu tools arm embedded/7 2018-q2-update/bin/../lib/gcc/arm-none-eabi/7.3.1/../../../../arm-none-eabi/lib/thumb/v7e-m/fpv4-sp/hard\libc_nano.a(lib_a-reent.o)
                0x200003bc                errno
                0x200003c0                . = ALIGN (0x4)
                0x200003c0                __bss_end__ = .

.heap           0x200003c0     0x2000
                0x200003c0                __HeapBase = .
                0x200003c0                __end__ = .
                0x200003c0                PROVIDE (end = .)
 *(.heap*)
 .heap          0x200003c0     0x2000 _build/nrf52832_xxaa/gcc_startup_nrf52.S.o
                0x200023c0                __HeapLimit = .

.stack_dummy    0x200003c0     0x2000
 *(.stack*)
 .stack         0x200003c0     0x2000 _build/nrf52832_xxaa/gcc_startup_nrf52.S.o
                0x20010000                __StackTop = (ORIGIN (RAM) + LENGTH (RAM))
                0x2000e000                __StackLimit = (__StackTop - SIZEOF (.stack_dummy))
                0x20010000                PROVIDE (__stack = __StackTop)
                0x00000001                ASSERT ((__StackLimit >= __HeapLimit), region RAM overflowed with stack)
                0x000000b4                DataInitFlashUsed = (__bss_start__ - __data_start__)
                0x00003370                CodeFlashUsed = (__etext - ORIGIN (FLASH))
                0x00003424                TotalFlashUsed = (CodeFlashUsed + DataInitFlashUsed)
                0x00000001                ASSERT ((TotalFlashUsed <= LENGTH (FLASH)), region FLASH overflowed with .data and user data)
OUTPUT(_build/nrf52832_xxaa.out elf32-littlearm)

.ARM.attributes
                0x00000000       0x30
 .ARM.attributes
                0x00000000       0x22 c:/program files (x86)/gnu tools arm embedded/7 2018-q2-update/bin/../lib/gcc/arm-none-eabi/7.3.1/thumb/v7e-m/fpv4-sp/hard/crti.o
 .ARM.attributes
                0x00000022       0x34 c:/program files (x86)/gnu tools arm embedded/7 2018-q2-update/bin/../lib/gcc/arm-none-eabi/7.3.1/thumb/v7e-m/fpv4-sp/hard/crtbegin.o
 .ARM.attributes
                0x00000056       0x20 c:/program files (x86)/gnu tools arm embedded/7 2018-q2-update/bin/../lib/gcc/arm-none-eabi/7.3.1/../../../../arm-none-eabi/lib/thumb/v7e-m/fpv4-sp/hard/crt0.o
 .ARM.attributes
                0x00000076       0x20 _build/nrf52832_xxaa/gcc_startup_nrf52.S.o
 .ARM.attributes
                0x00000096       0x39 _build/nrf52832_xxaa/app_error.c.o
 .ARM.attributes
                0x000000cf       0x39 _build/nrf52832_xxaa/app_error_weak.c.o
 .ARM.attributes
                0x00000108       0x39 _build/nrf52832_xxaa/app_fifo.c.o
 .ARM.attributes
                0x00000141       0x39 _build/nrf52832_xxaa/app_uart_fifo.c.o
 .ARM.attributes
                0x0000017a       0x39 _build/nrf52832_xxaa/app_util_platform.c.o
 .ARM.attributes
                0x000001b3       0x39 _build/nrf52832_xxaa/retarget.c.o
 .ARM.attributes
                0x000001ec       0x39 _build/nrf52832_xxaa/nrf_drv_uart.c.o
 .ARM.attributes
                0x00000225       0x39 _build/nrf52832_xxaa/nrfx_prs.c.o
 .ARM.attributes
                0x0000025e       0x39 _build/nrf52832_xxaa/nrfx_uart.c.o
 .ARM.attributes
                0x00000297       0x39 _build/nrf52832_xxaa/nrfx_uarte.c.o
 .ARM.attributes
                0x000002d0       0x39 _build/nrf52832_xxaa/nrfx_saadc.c.o
 .ARM.attributes
                0x00000309       0x39 _build/nrf52832_xxaa/main.c.o
 .ARM.attributes
                0x00000342       0x39 _build/nrf52832_xxaa/system_nrf52.c.o
 .ARM.attributes
                0x0000037b       0x39 _build/nrf52832_xxaa/nrfx_pwm.c.o
 .ARM.attributes
                0x000003b4       0x39 _build/nrf52832_xxaa/drv8801.c.o
 .ARM.attributes
                0x000003ed       0x39 _build/nrf52832_xxaa/mpos.c.o
 .ARM.attributes
                0x00000426       0x34 c:/program files (x86)/gnu tools arm embedded/7 2018-q2-update/bin/../lib/gcc/arm-none-eabi/7.3.1/../../../../arm-none-eabi/lib/thumb/v7e-m/fpv4-sp/hard\libc_nano.a(lib_a-exit.o)
 .ARM.attributes
                0x0000045a       0x34 c:/program files (x86)/gnu tools arm embedded/7 2018-q2-update/bin/../lib/gcc/arm-none-eabi/7.3.1/../../../../arm-none-eabi/lib/thumb/v7e-m/fpv4-sp/hard\libc_nano.a(lib_a-impure.o)
 .ARM.attributes
                0x0000048e       0x34 c:/program files (x86)/gnu tools arm embedded/7 2018-q2-update/bin/../lib/gcc/arm-none-eabi/7.3.1/../../../../arm-none-eabi/lib/thumb/v7e-m/fpv4-sp/hard\libc_nano.a(lib_a-init.o)
 .ARM.attributes
                0x000004c2       0x34 c:/program files (x86)/gnu tools arm embedded/7 2018-q2-update/bin/../lib/gcc/arm-none-eabi/7.3.1/../../../../arm-none-eabi/lib/thumb/v7e-m/fpv4-sp/hard\libc_nano.a(lib_a-memset.o)
 .ARM.attributes
                0x000004f6       0x34 c:/program files (x86)/gnu tools arm embedded/7 2018-q2-update/bin/../lib/gcc/arm-none-eabi/7.3.1/../../../../arm-none-eabi/lib/thumb/v7e-m/fpv4-sp/hard\libc_nano.a(lib_a-printf.o)
 .ARM.attributes
                0x0000052a       0x34 c:/program files (x86)/gnu tools arm embedded/7 2018-q2-update/bin/../lib/gcc/arm-none-eabi/7.3.1/../../../../arm-none-eabi/lib/thumb/v7e-m/fpv4-sp/hard\libc_nano.a(lib_a-findfp.o)
 .ARM.attributes
                0x0000055e       0x34 c:/program files (x86)/gnu tools arm embedded/7 2018-q2-update/bin/../lib/gcc/arm-none-eabi/7.3.1/../../../../arm-none-eabi/lib/thumb/v7e-m/fpv4-sp/hard\libc_nano.a(lib_a-fwalk.o)
 .ARM.attributes
                0x00000592       0x34 c:/program files (x86)/gnu tools arm embedded/7 2018-q2-update/bin/../lib/gcc/arm-none-eabi/7.3.1/../../../../arm-none-eabi/lib/thumb/v7e-m/fpv4-sp/hard\libc_nano.a(lib_a-nano-mallocr.o)
 .ARM.attributes
                0x000005c6       0x34 c:/program files (x86)/gnu tools arm embedded/7 2018-q2-update/bin/../lib/gcc/arm-none-eabi/7.3.1/../../../../arm-none-eabi/lib/thumb/v7e-m/fpv4-sp/hard\libc_nano.a(lib_a-nano-vfprintf.o)
 .ARM.attributes
                0x000005fa       0x34 c:/program files (x86)/gnu tools arm embedded/7 2018-q2-update/bin/../lib/gcc/arm-none-eabi/7.3.1/../../../../arm-none-eabi/lib/thumb/v7e-m/fpv4-sp/hard\libc_nano.a(lib_a-nano-vfprintf_i.o)
 .ARM.attributes
                0x0000062e       0x34 c:/program files (x86)/gnu tools arm embedded/7 2018-q2-update/bin/../lib/gcc/arm-none-eabi/7.3.1/../../../../arm-none-eabi/lib/thumb/v7e-m/fpv4-sp/hard\libc_nano.a(lib_a-sbrkr.o)
 .ARM.attributes
                0x00000662       0x34 c:/program files (x86)/gnu tools arm embedded/7 2018-q2-update/bin/../lib/gcc/arm-none-eabi/7.3.1/../../../../arm-none-eabi/lib/thumb/v7e-m/fpv4-sp/hard\libc_nano.a(lib_a-stdio.o)
 .ARM.attributes
                0x00000696       0x34 c:/program files (x86)/gnu tools arm embedded/7 2018-q2-update/bin/../lib/gcc/arm-none-eabi/7.3.1/../../../../arm-none-eabi/lib/thumb/v7e-m/fpv4-sp/hard\libc_nano.a(lib_a-wbuf.o)
 .ARM.attributes
                0x000006ca       0x34 c:/program files (x86)/gnu tools arm embedded/7 2018-q2-update/bin/../lib/gcc/arm-none-eabi/7.3.1/../../../../arm-none-eabi/lib/thumb/v7e-m/fpv4-sp/hard\libc_nano.a(lib_a-writer.o)
 .ARM.attributes
                0x000006fe       0x34 c:/program files (x86)/gnu tools arm embedded/7 2018-q2-update/bin/../lib/gcc/arm-none-eabi/7.3.1/../../../../arm-none-eabi/lib/thumb/v7e-m/fpv4-sp/hard\libc_nano.a(lib_a-wsetup.o)
 .ARM.attributes
                0x00000732       0x34 c:/program files (x86)/gnu tools arm embedded/7 2018-q2-update/bin/../lib/gcc/arm-none-eabi/7.3.1/../../../../arm-none-eabi/lib/thumb/v7e-m/fpv4-sp/hard\libc_nano.a(lib_a-closer.o)
 .ARM.attributes
                0x00000766       0x34 c:/program files (x86)/gnu tools arm embedded/7 2018-q2-update/bin/../lib/gcc/arm-none-eabi/7.3.1/../../../../arm-none-eabi/lib/thumb/v7e-m/fpv4-sp/hard\libc_nano.a(lib_a-fflush.o)
 .ARM.attributes
                0x0000079a       0x34 c:/program files (x86)/gnu tools arm embedded/7 2018-q2-update/bin/../lib/gcc/arm-none-eabi/7.3.1/../../../../arm-none-eabi/lib/thumb/v7e-m/fpv4-sp/hard\libc_nano.a(lib_a-lseekr.o)
 .ARM.attributes
                0x000007ce       0x34 c:/program files (x86)/gnu tools arm embedded/7 2018-q2-update/bin/../lib/gcc/arm-none-eabi/7.3.1/../../../../arm-none-eabi/lib/thumb/v7e-m/fpv4-sp/hard\libc_nano.a(lib_a-makebuf.o)
 .ARM.attributes
                0x00000802       0x20 c:/program files (x86)/gnu tools arm embedded/7 2018-q2-update/bin/../lib/gcc/arm-none-eabi/7.3.1/../../../../arm-none-eabi/lib/thumb/v7e-m/fpv4-sp/hard\libc_nano.a(lib_a-memchr.o)
 .ARM.attributes
                0x00000822       0x34 c:/program files (x86)/gnu tools arm embedded/7 2018-q2-update/bin/../lib/gcc/arm-none-eabi/7.3.1/../../../../arm-none-eabi/lib/thumb/v7e-m/fpv4-sp/hard\libc_nano.a(lib_a-mlock.o)
 .ARM.attributes
                0x00000856       0x34 c:/program files (x86)/gnu tools arm embedded/7 2018-q2-update/bin/../lib/gcc/arm-none-eabi/7.3.1/../../../../arm-none-eabi/lib/thumb/v7e-m/fpv4-sp/hard\libc_nano.a(lib_a-nano-freer.o)
 .ARM.attributes
                0x0000088a       0x34 c:/program files (x86)/gnu tools arm embedded/7 2018-q2-update/bin/../lib/gcc/arm-none-eabi/7.3.1/../../../../arm-none-eabi/lib/thumb/v7e-m/fpv4-sp/hard\libc_nano.a(lib_a-readr.o)
 .ARM.attributes
                0x000008be       0x34 c:/program files (x86)/gnu tools arm embedded/7 2018-q2-update/bin/../lib/gcc/arm-none-eabi/7.3.1/../../../../arm-none-eabi/lib/thumb/v7e-m/fpv4-sp/hard\libc_nano.a(lib_a-reent.o)
 .ARM.attributes
                0x000008f2       0x34 c:/program files (x86)/gnu tools arm embedded/7 2018-q2-update/bin/../lib/gcc/arm-none-eabi/7.3.1/../../../../arm-none-eabi/lib/thumb/v7e-m/fpv4-sp/hard\libc_nano.a(lib_a-fstatr.o)
 .ARM.attributes
                0x00000926       0x34 c:/program files (x86)/gnu tools arm embedded/7 2018-q2-update/bin/../lib/gcc/arm-none-eabi/7.3.1/../../../../arm-none-eabi/lib/thumb/v7e-m/fpv4-sp/hard\libc_nano.a(lib_a-isattyr.o)
 .ARM.attributes
                0x0000095a       0x34 c:/program files (x86)/gnu tools arm embedded/7 2018-q2-update/bin/../lib/gcc/arm-none-eabi/7.3.1/../../../../arm-none-eabi/lib/thumb/v7e-m/fpv4-sp/hard\libnosys.a(close.o)
 .ARM.attributes
                0x0000098e       0x34 c:/program files (x86)/gnu tools arm embedded/7 2018-q2-update/bin/../lib/gcc/arm-none-eabi/7.3.1/../../../../arm-none-eabi/lib/thumb/v7e-m/fpv4-sp/hard\libnosys.a(fstat.o)
 .ARM.attributes
                0x000009c2       0x34 c:/program files (x86)/gnu tools arm embedded/7 2018-q2-update/bin/../lib/gcc/arm-none-eabi/7.3.1/../../../../arm-none-eabi/lib/thumb/v7e-m/fpv4-sp/hard\libnosys.a(isatty.o)
 .ARM.attributes
                0x000009f6       0x34 c:/program files (x86)/gnu tools arm embedded/7 2018-q2-update/bin/../lib/gcc/arm-none-eabi/7.3.1/../../../../arm-none-eabi/lib/thumb/v7e-m/fpv4-sp/hard\libnosys.a(lseek.o)
 .ARM.attributes
                0x00000a2a       0x34 c:/program files (x86)/gnu tools arm embedded/7 2018-q2-update/bin/../lib/gcc/arm-none-eabi/7.3.1/../../../../arm-none-eabi/lib/thumb/v7e-m/fpv4-sp/hard\libnosys.a(sbrk.o)
 .ARM.attributes
                0x00000a5e       0x34 c:/program files (x86)/gnu tools arm embedded/7 2018-q2-update/bin/../lib/gcc/arm-none-eabi/7.3.1/../../../../arm-none-eabi/lib/thumb/v7e-m/fpv4-sp/hard\libnosys.a(_exit.o)
 .ARM.attributes
                0x00000a92       0x34 c:/program files (x86)/gnu tools arm embedded/7 2018-q2-update/bin/../lib/gcc/arm-none-eabi/7.3.1/thumb/v7e-m/fpv4-sp/hard/crtend.o
 .ARM.attributes
                0x00000ac6       0x22 c:/program files (x86)/gnu tools arm embedded/7 2018-q2-update/bin/../lib/gcc/arm-none-eabi/7.3.1/thumb/v7e-m/fpv4-sp/hard/crtn.o

.comment        0x00000000       0x7f
 .comment       0x00000000       0x7f _build/nrf52832_xxaa/app_error.c.o
                                 0x80 (size before relaxing)
 .comment       0x0000007f       0x80 _build/nrf52832_xxaa/app_error_weak.c.o
 .comment       0x0000007f       0x80 _build/nrf52832_xxaa/app_fifo.c.o
 .comment       0x0000007f       0x80 _build/nrf52832_xxaa/app_uart_fifo.c.o
 .comment       0x0000007f       0x80 _build/nrf52832_xxaa/app_util_platform.c.o
 .comment       0x0000007f       0x80 _build/nrf52832_xxaa/retarget.c.o
 .comment       0x0000007f       0x80 _build/nrf52832_xxaa/nrf_drv_uart.c.o
 .comment       0x0000007f       0x80 _build/nrf52832_xxaa/nrfx_prs.c.o
 .comment       0x0000007f       0x80 _build/nrf52832_xxaa/nrfx_uart.c.o
 .comment       0x0000007f       0x80 _build/nrf52832_xxaa/nrfx_uarte.c.o
 .comment       0x0000007f       0x80 _build/nrf52832_xxaa/nrfx_saadc.c.o
 .comment       0x0000007f       0x80 _build/nrf52832_xxaa/main.c.o
 .comment       0x0000007f       0x80 _build/nrf52832_xxaa/system_nrf52.c.o
 .comment       0x0000007f       0x80 _build/nrf52832_xxaa/nrfx_pwm.c.o
 .comment       0x0000007f       0x80 _build/nrf52832_xxaa/drv8801.c.o
 .comment       0x0000007f       0x80 _build/nrf52832_xxaa/mpos.c.o

.debug_line     0x00000000     0x910c
 .debug_line    0x00000000       0x80 _build/nrf52832_xxaa/gcc_startup_nrf52.S.o
 .debug_line    0x00000080      0x4eb _build/nrf52832_xxaa/app_error.c.o
 .debug_line    0x0000056b      0x6d4 _build/nrf52832_xxaa/app_error_weak.c.o
 .debug_line    0x00000c3f      0x65f _build/nrf52832_xxaa/app_fifo.c.o
 .debug_line    0x0000129e      0x958 _build/nrf52832_xxaa/app_uart_fifo.c.o
 .debug_line    0x00001bf6      0x58a _build/nrf52832_xxaa/app_util_platform.c.o
 .debug_line    0x00002180      0x58e _build/nrf52832_xxaa/retarget.c.o
 .debug_line    0x0000270e      0x76e _build/nrf52832_xxaa/nrf_drv_uart.c.o
 .debug_line    0x00002e7c      0x81c _build/nrf52832_xxaa/nrfx_prs.c.o
 .debug_line    0x00003698      0xef5 _build/nrf52832_xxaa/nrfx_uart.c.o
 .debug_line    0x0000458d      0xe35 _build/nrf52832_xxaa/nrfx_uarte.c.o
 .debug_line    0x000053c2     0x11c7 _build/nrf52832_xxaa/nrfx_saadc.c.o
 .debug_line    0x00006589      0x84f _build/nrf52832_xxaa/main.c.o
 .debug_line    0x00006dd8      0x493 _build/nrf52832_xxaa/system_nrf52.c.o
 .debug_line    0x0000726b      0xf89 _build/nrf52832_xxaa/nrfx_pwm.c.o
 .debug_line    0x000081f4      0x7f0 _build/nrf52832_xxaa/drv8801.c.o
 .debug_line    0x000089e4      0x728 _build/nrf52832_xxaa/mpos.c.o

.debug_info     0x00000000    0x19961
 .debug_info    0x00000000       0x26 _build/nrf52832_xxaa/gcc_startup_nrf52.S.o
 .debug_info    0x00000026      0xaeb _build/nrf52832_xxaa/app_error.c.o
 .debug_info    0x00000b11      0xe4a _build/nrf52832_xxaa/app_error_weak.c.o
 .debug_info    0x0000195b      0xe3e _build/nrf52832_xxaa/app_fifo.c.o
 .debug_info    0x00002799     0x1f13 _build/nrf52832_xxaa/app_uart_fifo.c.o
 .debug_info    0x000046ac      0xfa6 _build/nrf52832_xxaa/app_util_platform.c.o
 .debug_info    0x00005652      0x9ed _build/nrf52832_xxaa/retarget.c.o
 .debug_info    0x0000603f     0x18e8 _build/nrf52832_xxaa/nrf_drv_uart.c.o
 .debug_info    0x00007927     0x1072 _build/nrf52832_xxaa/nrfx_prs.c.o
 .debug_info    0x00008999     0x3818 _build/nrf52832_xxaa/nrfx_uart.c.o
 .debug_info    0x0000c1b1     0x351f _build/nrf52832_xxaa/nrfx_uarte.c.o
 .debug_info    0x0000f6d0     0x2d5e _build/nrf52832_xxaa/nrfx_saadc.c.o
 .debug_info    0x0001242e      0xedc _build/nrf52832_xxaa/main.c.o
 .debug_info    0x0001330a     0x1139 _build/nrf52832_xxaa/system_nrf52.c.o
 .debug_info    0x00014443     0x325d _build/nrf52832_xxaa/nrfx_pwm.c.o
 .debug_info    0x000176a0     0x168d _build/nrf52832_xxaa/drv8801.c.o
 .debug_info    0x00018d2d      0xc34 _build/nrf52832_xxaa/mpos.c.o

.debug_abbrev   0x00000000     0x3437
 .debug_abbrev  0x00000000       0x14 _build/nrf52832_xxaa/gcc_startup_nrf52.S.o
 .debug_abbrev  0x00000014      0x235 _build/nrf52832_xxaa/app_error.c.o
 .debug_abbrev  0x00000249      0x25f _build/nrf52832_xxaa/app_error_weak.c.o
 .debug_abbrev  0x000004a8      0x28d _build/nrf52832_xxaa/app_fifo.c.o
 .debug_abbrev  0x00000735      0x3c8 _build/nrf52832_xxaa/app_uart_fifo.c.o
 .debug_abbrev  0x00000afd      0x326 _build/nrf52832_xxaa/app_util_platform.c.o
 .debug_abbrev  0x00000e23      0x215 _build/nrf52832_xxaa/retarget.c.o
 .debug_abbrev  0x00001038      0x298 _build/nrf52832_xxaa/nrf_drv_uart.c.o
 .debug_abbrev  0x000012d0      0x2f8 _build/nrf52832_xxaa/nrfx_prs.c.o
 .debug_abbrev  0x000015c8      0x4f1 _build/nrf52832_xxaa/nrfx_uart.c.o
 .debug_abbrev  0x00001ab9      0x4e8 _build/nrf52832_xxaa/nrfx_uarte.c.o
 .debug_abbrev  0x00001fa1      0x560 _build/nrf52832_xxaa/nrfx_saadc.c.o
 .debug_abbrev  0x00002501      0x302 _build/nrf52832_xxaa/main.c.o
 .debug_abbrev  0x00002803      0x1e2 _build/nrf52832_xxaa/system_nrf52.c.o
 .debug_abbrev  0x000029e5      0x4d9 _build/nrf52832_xxaa/nrfx_pwm.c.o
 .debug_abbrev  0x00002ebe      0x327 _build/nrf52832_xxaa/drv8801.c.o
 .debug_abbrev  0x000031e5      0x252 _build/nrf52832_xxaa/mpos.c.o

.debug_aranges  0x00000000      0x440
 .debug_aranges
                0x00000000       0x20 _build/nrf52832_xxaa/gcc_startup_nrf52.S.o
 .debug_aranges
                0x00000020       0x28 _build/nrf52832_xxaa/app_error.c.o
 .debug_aranges
                0x00000048       0x20 _build/nrf52832_xxaa/app_error_weak.c.o
 .debug_aranges
                0x00000068       0x50 _build/nrf52832_xxaa/app_fifo.c.o
 .debug_aranges
                0x000000b8       0x48 _build/nrf52832_xxaa/app_uart_fifo.c.o
 .debug_aranges
                0x00000100       0x48 _build/nrf52832_xxaa/app_util_platform.c.o
 .debug_aranges
                0x00000148       0x28 _build/nrf52832_xxaa/retarget.c.o
 .debug_aranges
                0x00000170       0x30 _build/nrf52832_xxaa/nrf_drv_uart.c.o
 .debug_aranges
                0x000001a0       0x30 _build/nrf52832_xxaa/nrfx_prs.c.o
 .debug_aranges
                0x000001d0       0x78 _build/nrf52832_xxaa/nrfx_uart.c.o
 .debug_aranges
                0x00000248       0x68 _build/nrf52832_xxaa/nrfx_uarte.c.o
 .debug_aranges
                0x000002b0       0x80 _build/nrf52832_xxaa/nrfx_saadc.c.o
 .debug_aranges
                0x00000330       0x28 _build/nrf52832_xxaa/main.c.o
 .debug_aranges
                0x00000358       0x28 _build/nrf52832_xxaa/system_nrf52.c.o
 .debug_aranges
                0x00000380       0x60 _build/nrf52832_xxaa/nrfx_pwm.c.o
 .debug_aranges
                0x000003e0       0x38 _build/nrf52832_xxaa/drv8801.c.o
 .debug_aranges
                0x00000418       0x28 _build/nrf52832_xxaa/mpos.c.o

.debug_str      0x00000000    0x77e39
 .debug_str     0x00000000       0x6f _build/nrf52832_xxaa/gcc_startup_nrf52.S.o
 .debug_str     0x0000006f    0x5fd62 _build/nrf52832_xxaa/app_error.c.o
                              0x60900 (size before relaxing)
 .debug_str     0x0005fdd1     0xd379 _build/nrf52832_xxaa/app_error_weak.c.o
                              0x6e1f5 (size before relaxing)
 .debug_str     0x0006d14a      0x1fd _build/nrf52832_xxaa/app_fifo.c.o
                              0x6a848 (size before relaxing)
 .debug_str     0x0006d347     0x485b _build/nrf52832_xxaa/app_uart_fifo.c.o
                              0x6fe77 (size before relaxing)
 .debug_str     0x00071ba2      0x34d _build/nrf52832_xxaa/app_util_platform.c.o
                              0x610f2 (size before relaxing)
 .debug_str     0x00071eef       0x38 _build/nrf52832_xxaa/retarget.c.o
                              0x6b697 (size before relaxing)
 .debug_str     0x00071f27      0x47b _build/nrf52832_xxaa/nrf_drv_uart.c.o
                              0x6f5a1 (size before relaxing)
 .debug_str     0x000723a2      0x647 _build/nrf52832_xxaa/nrfx_prs.c.o
                              0x71628 (size before relaxing)
 .debug_str     0x000729e9      0xad8 _build/nrf52832_xxaa/nrfx_uart.c.o
                              0x727d9 (size before relaxing)
 .debug_str     0x000734c1      0x8a3 _build/nrf52832_xxaa/nrfx_uarte.c.o
                              0x72bcb (size before relaxing)
 .debug_str     0x00073d64     0x1925 _build/nrf52832_xxaa/nrfx_saadc.c.o
                              0x72f06 (size before relaxing)
 .debug_str     0x00075689     0x1772 _build/nrf52832_xxaa/main.c.o
                              0x704c2 (size before relaxing)
 .debug_str     0x00076dfb      0x426 _build/nrf52832_xxaa/system_nrf52.c.o
                              0x5c45f (size before relaxing)
 .debug_str     0x00077221      0xb41 _build/nrf52832_xxaa/nrfx_pwm.c.o
                              0x727e7 (size before relaxing)
 .debug_str     0x00077d62       0xb2 _build/nrf52832_xxaa/drv8801.c.o
                              0x6f001 (size before relaxing)
 .debug_str     0x00077e14       0x25 _build/nrf52832_xxaa/mpos.c.o
                              0x6ebbe (size before relaxing)

.debug_loc      0x00000000     0x6f86
 .debug_loc     0x00000000       0xca _build/nrf52832_xxaa/app_error.c.o
 .debug_loc     0x000000ca       0x42 _build/nrf52832_xxaa/app_error_weak.c.o
 .debug_loc     0x0000010c      0x6a3 _build/nrf52832_xxaa/app_fifo.c.o
 .debug_loc     0x000007af      0x72e _build/nrf52832_xxaa/app_uart_fifo.c.o
 .debug_loc     0x00000edd       0xc3 _build/nrf52832_xxaa/app_util_platform.c.o
 .debug_loc     0x00000fa0       0xe9 _build/nrf52832_xxaa/retarget.c.o
 .debug_loc     0x00001089      0x1ae _build/nrf52832_xxaa/nrf_drv_uart.c.o
 .debug_loc     0x00001237       0xc6 _build/nrf52832_xxaa/nrfx_prs.c.o
 .debug_loc     0x000012fd     0x1902 _build/nrf52832_xxaa/nrfx_uart.c.o
 .debug_loc     0x00002bff     0x1352 _build/nrf52832_xxaa/nrfx_uarte.c.o
 .debug_loc     0x00003f51     0x1331 _build/nrf52832_xxaa/nrfx_saadc.c.o
 .debug_loc     0x00005282       0x8f _build/nrf52832_xxaa/main.c.o
 .debug_loc     0x00005311     0x1b52 _build/nrf52832_xxaa/nrfx_pwm.c.o
 .debug_loc     0x00006e63      0x110 _build/nrf52832_xxaa/drv8801.c.o
 .debug_loc     0x00006f73       0x13 _build/nrf52832_xxaa/mpos.c.o

.debug_ranges   0x00000000     0x1fd8
 .debug_ranges  0x00000000       0x18 _build/nrf52832_xxaa/app_error.c.o
 .debug_ranges  0x00000018       0x10 _build/nrf52832_xxaa/app_error_weak.c.o
 .debug_ranges  0x00000028      0x128 _build/nrf52832_xxaa/app_fifo.c.o
 .debug_ranges  0x00000150      0x120 _build/nrf52832_xxaa/app_uart_fifo.c.o
 .debug_ranges  0x00000270       0x50 _build/nrf52832_xxaa/app_util_platform.c.o
 .debug_ranges  0x000002c0       0x18 _build/nrf52832_xxaa/retarget.c.o
 .debug_ranges  0x000002d8       0x20 _build/nrf52832_xxaa/nrf_drv_uart.c.o
 .debug_ranges  0x000002f8       0x38 _build/nrf52832_xxaa/nrfx_prs.c.o
 .debug_ranges  0x00000330      0x4a0 _build/nrf52832_xxaa/nrfx_uart.c.o
 .debug_ranges  0x000007d0      0x420 _build/nrf52832_xxaa/nrfx_uarte.c.o
 .debug_ranges  0x00000bf0      0xb68 _build/nrf52832_xxaa/nrfx_saadc.c.o
 .debug_ranges  0x00001758       0x38 _build/nrf52832_xxaa/main.c.o
 .debug_ranges  0x00001790      0x168 _build/nrf52832_xxaa/system_nrf52.c.o
 .debug_ranges  0x000018f8      0x5e0 _build/nrf52832_xxaa/nrfx_pwm.c.o
 .debug_ranges  0x00001ed8       0xe8 _build/nrf52832_xxaa/drv8801.c.o
 .debug_ranges  0x00001fc0       0x18 _build/nrf52832_xxaa/mpos.c.o

.debug_macro    0x00000000     0x4d74
 .debug_macro   0x00000000      0x21f _build/nrf52832_xxaa/app_error.c.o
 .debug_macro   0x0000021f       0x35 _build/nrf52832_xxaa/app_error.c.o
 .debug_macro   0x00000254       0x22 _build/nrf52832_xxaa/app_error.c.o
 .debug_macro   0x00000276       0x16 _build/nrf52832_xxaa/app_error.c.o
 .debug_macro   0x0000028c       0x97 _build/nrf52832_xxaa/app_error.c.o
 .debug_macro   0x00000323       0xf6 _build/nrf52832_xxaa/app_error.c.o
 .debug_macro   0x00000419       0x10 _build/nrf52832_xxaa/app_error.c.o
 .debug_macro   0x00000429       0x10 _build/nrf52832_xxaa/app_error.c.o
 .debug_macro   0x00000439       0xb6 _build/nrf52832_xxaa/app_error.c.o
 .debug_macro   0x000004ef       0x16 _build/nrf52832_xxaa/app_error.c.o
 .debug_macro   0x00000505      0x129 _build/nrf52832_xxaa/app_error.c.o
 .debug_macro   0x0000062e       0x49 _build/nrf52832_xxaa/app_error.c.o
 .debug_macro   0x00000677      0x30e _build/nrf52832_xxaa/app_error_weak.c.o
 .debug_macro   0x00000985       0x16 _build/nrf52832_xxaa/app_error_weak.c.o
 .debug_macro   0x0000099b       0x31 _build/nrf52832_xxaa/app_error_weak.c.o
 .debug_macro   0x000009cc       0x16 _build/nrf52832_xxaa/app_error_weak.c.o
 .debug_macro   0x000009e2       0x55 _build/nrf52832_xxaa/app_error_weak.c.o
 .debug_macro   0x00000a37      0x17f _build/nrf52832_xxaa/app_error_weak.c.o
 .debug_macro   0x00000bb6       0x9a _build/nrf52832_xxaa/app_error_weak.c.o
 .debug_macro   0x00000c50       0x28 _build/nrf52832_xxaa/app_error_weak.c.o
 .debug_macro   0x00000c78       0x23 _build/nrf52832_xxaa/app_error_weak.c.o
 .debug_macro   0x00000c9b       0x1c _build/nrf52832_xxaa/app_error_weak.c.o
 .debug_macro   0x00000cb7       0x92 _build/nrf52832_xxaa/app_error_weak.c.o
 .debug_macro   0x00000d49      0x23f _build/nrf52832_xxaa/app_fifo.c.o
 .debug_macro   0x00000f88       0x16 _build/nrf52832_xxaa/app_fifo.c.o
 .debug_macro   0x00000f9e       0x22 _build/nrf52832_xxaa/app_fifo.c.o
 .debug_macro   0x00000fc0      0x3cf _build/nrf52832_xxaa/app_uart_fifo.c.o
 .debug_macro   0x0000138f       0x8c _build/nrf52832_xxaa/app_uart_fifo.c.o
 .debug_macro   0x0000141b       0x18 _build/nrf52832_xxaa/app_uart_fifo.c.o
 .debug_macro   0x00001433      0x3a3 _build/nrf52832_xxaa/app_uart_fifo.c.o
 .debug_macro   0x000017d6       0x3d _build/nrf52832_xxaa/app_uart_fifo.c.o
 .debug_macro   0x00001813      0x313 _build/nrf52832_xxaa/app_uart_fifo.c.o
 .debug_macro   0x00001b26      0x11f _build/nrf52832_xxaa/app_uart_fifo.c.o
 .debug_macro   0x00001c45       0x3f _build/nrf52832_xxaa/app_uart_fifo.c.o
 .debug_macro   0x00001c84       0x19 _build/nrf52832_xxaa/app_uart_fifo.c.o
 .debug_macro   0x00001c9d       0x16 _build/nrf52832_xxaa/app_uart_fifo.c.o
 .debug_macro   0x00001cb3       0x7b _build/nrf52832_xxaa/app_uart_fifo.c.o
 .debug_macro   0x00001d2e       0x64 _build/nrf52832_xxaa/app_uart_fifo.c.o
 .debug_macro   0x00001d92       0x20 _build/nrf52832_xxaa/app_uart_fifo.c.o
 .debug_macro   0x00001db2       0x10 _build/nrf52832_xxaa/app_uart_fifo.c.o
 .debug_macro   0x00001dc2       0x10 _build/nrf52832_xxaa/app_uart_fifo.c.o
 .debug_macro   0x00001dd2       0x10 _build/nrf52832_xxaa/app_uart_fifo.c.o
 .debug_macro   0x00001de2       0x10 _build/nrf52832_xxaa/app_uart_fifo.c.o
 .debug_macro   0x00001df2       0x10 _build/nrf52832_xxaa/app_uart_fifo.c.o
 .debug_macro   0x00001e02       0x3f _build/nrf52832_xxaa/app_uart_fifo.c.o
 .debug_macro   0x00001e41      0x235 _build/nrf52832_xxaa/app_util_platform.c.o
 .debug_macro   0x00002076      0x29d _build/nrf52832_xxaa/retarget.c.o
 .debug_macro   0x00002313      0x34f _build/nrf52832_xxaa/nrf_drv_uart.c.o
 .debug_macro   0x00002662      0x3b2 _build/nrf52832_xxaa/nrfx_prs.c.o
 .debug_macro   0x00002a14       0x28 _build/nrf52832_xxaa/nrfx_prs.c.o
 .debug_macro   0x00002a3c       0x1c _build/nrf52832_xxaa/nrfx_prs.c.o
 .debug_macro   0x00002a58       0x37 _build/nrf52832_xxaa/nrfx_prs.c.o
 .debug_macro   0x00002a8f       0x10 _build/nrf52832_xxaa/nrfx_prs.c.o
 .debug_macro   0x00002a9f      0x179 _build/nrf52832_xxaa/nrfx_prs.c.o
 .debug_macro   0x00002c18       0x42 _build/nrf52832_xxaa/nrfx_prs.c.o
 .debug_macro   0x00002c5a      0x3cd _build/nrf52832_xxaa/nrfx_uart.c.o
 .debug_macro   0x00003027       0x1c _build/nrf52832_xxaa/nrfx_uart.c.o
 .debug_macro   0x00003043      0x3df _build/nrf52832_xxaa/nrfx_uarte.c.o
 .debug_macro   0x00003422      0x3d9 _build/nrf52832_xxaa/nrfx_saadc.c.o
 .debug_macro   0x000037fb       0x10 _build/nrf52832_xxaa/nrfx_saadc.c.o
 .debug_macro   0x0000380b       0x22 _build/nrf52832_xxaa/nrfx_saadc.c.o
 .debug_macro   0x0000382d      0x3c5 _build/nrf52832_xxaa/main.c.o
 .debug_macro   0x00003bf2       0x10 _build/nrf52832_xxaa/main.c.o
 .debug_macro   0x00003c02      0x4cc _build/nrf52832_xxaa/main.c.o
 .debug_macro   0x000040ce       0x16 _build/nrf52832_xxaa/main.c.o
 .debug_macro   0x000040e4       0x8e _build/nrf52832_xxaa/main.c.o
 .debug_macro   0x00004172       0x10 _build/nrf52832_xxaa/main.c.o
 .debug_macro   0x00004182       0x1d _build/nrf52832_xxaa/main.c.o
 .debug_macro   0x0000419f       0x1c _build/nrf52832_xxaa/main.c.o
 .debug_macro   0x000041bb       0xf1 _build/nrf52832_xxaa/system_nrf52.c.o
 .debug_macro   0x000042ac      0x3b8 _build/nrf52832_xxaa/nrfx_pwm.c.o
 .debug_macro   0x00004664      0x339 _build/nrf52832_xxaa/drv8801.c.o
 .debug_macro   0x0000499d       0x94 _build/nrf52832_xxaa/drv8801.c.o
 .debug_macro   0x00004a31      0x343 _build/nrf52832_xxaa/mpos.c.o

.debug_frame    0x00000000     0x1424
 .debug_frame   0x00000000       0x54 _build/nrf52832_xxaa/app_error.c.o
 .debug_frame   0x00000054       0x20 _build/nrf52832_xxaa/app_error_weak.c.o
 .debug_frame   0x00000074      0x110 _build/nrf52832_xxaa/app_fifo.c.o
 .debug_frame   0x00000184       0xf0 _build/nrf52832_xxaa/app_uart_fifo.c.o
 .debug_frame   0x00000274       0x70 _build/nrf52832_xxaa/app_util_platform.c.o
 .debug_frame   0x000002e4       0x44 _build/nrf52832_xxaa/retarget.c.o
 .debug_frame   0x00000328       0x7c _build/nrf52832_xxaa/nrf_drv_uart.c.o
 .debug_frame   0x000003a4       0x4c _build/nrf52832_xxaa/nrfx_prs.c.o
 .debug_frame   0x000003f0      0x198 _build/nrf52832_xxaa/nrfx_uart.c.o
 .debug_frame   0x00000588      0x188 _build/nrf52832_xxaa/nrfx_uarte.c.o
 .debug_frame   0x00000710      0x224 _build/nrf52832_xxaa/nrfx_saadc.c.o
 .debug_frame   0x00000934       0x44 _build/nrf52832_xxaa/main.c.o
 .debug_frame   0x00000978       0x40 _build/nrf52832_xxaa/system_nrf52.c.o
 .debug_frame   0x000009b8      0x188 _build/nrf52832_xxaa/nrfx_pwm.c.o
 .debug_frame   0x00000b40       0x9c _build/nrf52832_xxaa/drv8801.c.o
 .debug_frame   0x00000bdc       0x4c _build/nrf52832_xxaa/mpos.c.o
 .debug_frame   0x00000c28       0x28 c:/program files (x86)/gnu tools arm embedded/7 2018-q2-update/bin/../lib/gcc/arm-none-eabi/7.3.1/../../../../arm-none-eabi/lib/thumb/v7e-m/fpv4-sp/hard\libc_nano.a(lib_a-exit.o)
 .debug_frame   0x00000c50       0x2c c:/program files (x86)/gnu tools arm embedded/7 2018-q2-update/bin/../lib/gcc/arm-none-eabi/7.3.1/../../../../arm-none-eabi/lib/thumb/v7e-m/fpv4-sp/hard\libc_nano.a(lib_a-init.o)
 .debug_frame   0x00000c7c       0x20 c:/program files (x86)/gnu tools arm embedded/7 2018-q2-update/bin/../lib/gcc/arm-none-eabi/7.3.1/../../../../arm-none-eabi/lib/thumb/v7e-m/fpv4-sp/hard\libc_nano.a(lib_a-memset.o)
 .debug_frame   0x00000c9c       0x74 c:/program files (x86)/gnu tools arm embedded/7 2018-q2-update/bin/../lib/gcc/arm-none-eabi/7.3.1/../../../../arm-none-eabi/lib/thumb/v7e-m/fpv4-sp/hard\libc_nano.a(lib_a-printf.o)
 .debug_frame   0x00000d10      0x11c c:/program files (x86)/gnu tools arm embedded/7 2018-q2-update/bin/../lib/gcc/arm-none-eabi/7.3.1/../../../../arm-none-eabi/lib/thumb/v7e-m/fpv4-sp/hard\libc_nano.a(lib_a-findfp.o)
 .debug_frame   0x00000e2c       0x54 c:/program files (x86)/gnu tools arm embedded/7 2018-q2-update/bin/../lib/gcc/arm-none-eabi/7.3.1/../../../../arm-none-eabi/lib/thumb/v7e-m/fpv4-sp/hard\libc_nano.a(lib_a-fwalk.o)
 .debug_frame   0x00000e80       0x2c c:/program files (x86)/gnu tools arm embedded/7 2018-q2-update/bin/../lib/gcc/arm-none-eabi/7.3.1/../../../../arm-none-eabi/lib/thumb/v7e-m/fpv4-sp/hard\libc_nano.a(lib_a-nano-mallocr.o)
 .debug_frame   0x00000eac       0xac c:/program files (x86)/gnu tools arm embedded/7 2018-q2-update/bin/../lib/gcc/arm-none-eabi/7.3.1/../../../../arm-none-eabi/lib/thumb/v7e-m/fpv4-sp/hard\libc_nano.a(lib_a-nano-vfprintf.o)
 .debug_frame   0x00000f58       0x60 c:/program files (x86)/gnu tools arm embedded/7 2018-q2-update/bin/../lib/gcc/arm-none-eabi/7.3.1/../../../../arm-none-eabi/lib/thumb/v7e-m/fpv4-sp/hard\libc_nano.a(lib_a-nano-vfprintf_i.o)
 .debug_frame   0x00000fb8       0x2c c:/program files (x86)/gnu tools arm embedded/7 2018-q2-update/bin/../lib/gcc/arm-none-eabi/7.3.1/../../../../arm-none-eabi/lib/thumb/v7e-m/fpv4-sp/hard\libc_nano.a(lib_a-sbrkr.o)
 .debug_frame   0x00000fe4       0x88 c:/program files (x86)/gnu tools arm embedded/7 2018-q2-update/bin/../lib/gcc/arm-none-eabi/7.3.1/../../../../arm-none-eabi/lib/thumb/v7e-m/fpv4-sp/hard\libc_nano.a(lib_a-stdio.o)
 .debug_frame   0x0000106c       0x40 c:/program files (x86)/gnu tools arm embedded/7 2018-q2-update/bin/../lib/gcc/arm-none-eabi/7.3.1/../../../../arm-none-eabi/lib/thumb/v7e-m/fpv4-sp/hard\libc_nano.a(lib_a-wbuf.o)
 .debug_frame   0x000010ac       0x2c c:/program files (x86)/gnu tools arm embedded/7 2018-q2-update/bin/../lib/gcc/arm-none-eabi/7.3.1/../../../../arm-none-eabi/lib/thumb/v7e-m/fpv4-sp/hard\libc_nano.a(lib_a-writer.o)
 .debug_frame   0x000010d8       0x2c c:/program files (x86)/gnu tools arm embedded/7 2018-q2-update/bin/../lib/gcc/arm-none-eabi/7.3.1/../../../../arm-none-eabi/lib/thumb/v7e-m/fpv4-sp/hard\libc_nano.a(lib_a-wsetup.o)
 .debug_frame   0x00001104       0x2c c:/program files (x86)/gnu tools arm embedded/7 2018-q2-update/bin/../lib/gcc/arm-none-eabi/7.3.1/../../../../arm-none-eabi/lib/thumb/v7e-m/fpv4-sp/hard\libc_nano.a(lib_a-closer.o)
 .debug_frame   0x00001130       0x68 c:/program files (x86)/gnu tools arm embedded/7 2018-q2-update/bin/../lib/gcc/arm-none-eabi/7.3.1/../../../../arm-none-eabi/lib/thumb/v7e-m/fpv4-sp/hard\libc_nano.a(lib_a-fflush.o)
 .debug_frame   0x00001198       0x2c c:/program files (x86)/gnu tools arm embedded/7 2018-q2-update/bin/../lib/gcc/arm-none-eabi/7.3.1/../../../../arm-none-eabi/lib/thumb/v7e-m/fpv4-sp/hard\libc_nano.a(lib_a-lseekr.o)
 .debug_frame   0x000011c4       0x58 c:/program files (x86)/gnu tools arm embedded/7 2018-q2-update/bin/../lib/gcc/arm-none-eabi/7.3.1/../../../../arm-none-eabi/lib/thumb/v7e-m/fpv4-sp/hard\libc_nano.a(lib_a-makebuf.o)
 .debug_frame   0x0000121c       0x30 c:/program files (x86)/gnu tools arm embedded/7 2018-q2-update/bin/../lib/gcc/arm-none-eabi/7.3.1/../../../../arm-none-eabi/lib/thumb/v7e-m/fpv4-sp/hard\libc_nano.a(lib_a-mlock.o)
 .debug_frame   0x0000124c       0x38 c:/program files (x86)/gnu tools arm embedded/7 2018-q2-update/bin/../lib/gcc/arm-none-eabi/7.3.1/../../../../arm-none-eabi/lib/thumb/v7e-m/fpv4-sp/hard\libc_nano.a(lib_a-nano-freer.o)
 .debug_frame   0x00001284       0x2c c:/program files (x86)/gnu tools arm embedded/7 2018-q2-update/bin/../lib/gcc/arm-none-eabi/7.3.1/../../../../arm-none-eabi/lib/thumb/v7e-m/fpv4-sp/hard\libc_nano.a(lib_a-readr.o)
 .debug_frame   0x000012b0       0x5c c:/program files (x86)/gnu tools arm embedded/7 2018-q2-update/bin/../lib/gcc/arm-none-eabi/7.3.1/../../../../arm-none-eabi/lib/thumb/v7e-m/fpv4-sp/hard\libc_nano.a(lib_a-reent.o)
 .debug_frame   0x0000130c       0x2c c:/program files (x86)/gnu tools arm embedded/7 2018-q2-update/bin/../lib/gcc/arm-none-eabi/7.3.1/../../../../arm-none-eabi/lib/thumb/v7e-m/fpv4-sp/hard\libc_nano.a(lib_a-fstatr.o)
 .debug_frame   0x00001338       0x2c c:/program files (x86)/gnu tools arm embedded/7 2018-q2-update/bin/../lib/gcc/arm-none-eabi/7.3.1/../../../../arm-none-eabi/lib/thumb/v7e-m/fpv4-sp/hard\libc_nano.a(lib_a-isattyr.o)
 .debug_frame   0x00001364       0x20 c:/program files (x86)/gnu tools arm embedded/7 2018-q2-update/bin/../lib/gcc/arm-none-eabi/7.3.1/../../../../arm-none-eabi/lib/thumb/v7e-m/fpv4-sp/hard\libnosys.a(close.o)
 .debug_frame   0x00001384       0x20 c:/program files (x86)/gnu tools arm embedded/7 2018-q2-update/bin/../lib/gcc/arm-none-eabi/7.3.1/../../../../arm-none-eabi/lib/thumb/v7e-m/fpv4-sp/hard\libnosys.a(fstat.o)
 .debug_frame   0x000013a4       0x20 c:/program files (x86)/gnu tools arm embedded/7 2018-q2-update/bin/../lib/gcc/arm-none-eabi/7.3.1/../../../../arm-none-eabi/lib/thumb/v7e-m/fpv4-sp/hard\libnosys.a(isatty.o)
 .debug_frame   0x000013c4       0x20 c:/program files (x86)/gnu tools arm embedded/7 2018-q2-update/bin/../lib/gcc/arm-none-eabi/7.3.1/../../../../arm-none-eabi/lib/thumb/v7e-m/fpv4-sp/hard\libnosys.a(lseek.o)
 .debug_frame   0x000013e4       0x20 c:/program files (x86)/gnu tools arm embedded/7 2018-q2-update/bin/../lib/gcc/arm-none-eabi/7.3.1/../../../../arm-none-eabi/lib/thumb/v7e-m/fpv4-sp/hard\libnosys.a(sbrk.o)
 .debug_frame   0x00001404       0x20 c:/program files (x86)/gnu tools arm embedded/7 2018-q2-update/bin/../lib/gcc/arm-none-eabi/7.3.1/../../../../arm-none-eabi/lib/thumb/v7e-m/fpv4-sp/hard\libnosys.a(_exit.o)

.stab           0x00000000       0x6c
 .stab          0x00000000       0x24 c:/program files (x86)/gnu tools arm embedded/7 2018-q2-update/bin/../lib/gcc/arm-none-eabi/7.3.1/../../../../arm-none-eabi/lib/thumb/v7e-m/fpv4-sp/hard\libnosys.a(close.o)
 .stab          0x00000024       0x18 c:/program files (x86)/gnu tools arm embedded/7 2018-q2-update/bin/../lib/gcc/arm-none-eabi/7.3.1/../../../../arm-none-eabi/lib/thumb/v7e-m/fpv4-sp/hard\libnosys.a(fstat.o)
                                 0x24 (size before relaxing)
 .stab          0x0000003c       0x18 c:/program files (x86)/gnu tools arm embedded/7 2018-q2-update/bin/../lib/gcc/arm-none-eabi/7.3.1/../../../../arm-none-eabi/lib/thumb/v7e-m/fpv4-sp/hard\libnosys.a(isatty.o)
                                 0x24 (size before relaxing)
 .stab          0x00000054       0x18 c:/program files (x86)/gnu tools arm embedded/7 2018-q2-update/bin/../lib/gcc/arm-none-eabi/7.3.1/../../../../arm-none-eabi/lib/thumb/v7e-m/fpv4-sp/hard\libnosys.a(lseek.o)
                                 0x24 (size before relaxing)

.stabstr        0x00000000       0xe3
 .stabstr       0x00000000       0xe3 c:/program files (x86)/gnu tools arm embedded/7 2018-q2-update/bin/../lib/gcc/arm-none-eabi/7.3.1/../../../../arm-none-eabi/lib/thumb/v7e-m/fpv4-sp/hard\libnosys.a(close.o)
