Archive member included to satisfy reference by file (symbol)

c:/program files (x86)/gnu tools arm embedded/7 2018-q2-update/bin/../lib/gcc/arm-none-eabi/7.3.1/../../../../arm-none-eabi/lib/thumb/v7e-m/fpv4-sp/hard\libc_nano.a(lib_a-exit.o)
                              c:/program files (x86)/gnu tools arm embedded/7 2018-q2-update/bin/../lib/gcc/arm-none-eabi/7.3.1/../../../../arm-none-eabi/lib/thumb/v7e-m/fpv4-sp/hard/crt0.o (exit)
c:/program files (x86)/gnu tools arm embedded/7 2018-q2-update/bin/../lib/gcc/arm-none-eabi/7.3.1/../../../../arm-none-eabi/lib/thumb/v7e-m/fpv4-sp/hard\libc_nano.a(lib_a-impure.o)
                              c:/program files (x86)/gnu tools arm embedded/7 2018-q2-update/bin/../lib/gcc/arm-none-eabi/7.3.1/../../../../arm-none-eabi/lib/thumb/v7e-m/fpv4-sp/hard\libc_nano.a(lib_a-exit.o) (_global_impure_ptr)
c:/program files (x86)/gnu tools arm embedded/7 2018-q2-update/bin/../lib/gcc/arm-none-eabi/7.3.1/../../../../arm-none-eabi/lib/thumb/v7e-m/fpv4-sp/hard\libc_nano.a(lib_a-init.o)
                              c:/program files (x86)/gnu tools arm embedded/7 2018-q2-update/bin/../lib/gcc/arm-none-eabi/7.3.1/../../../../arm-none-eabi/lib/thumb/v7e-m/fpv4-sp/hard/crt0.o (__libc_init_array)
c:/program files (x86)/gnu tools arm embedded/7 2018-q2-update/bin/../lib/gcc/arm-none-eabi/7.3.1/../../../../arm-none-eabi/lib/thumb/v7e-m/fpv4-sp/hard\libc_nano.a(lib_a-locale.o)
                              _build/nrf52832_xxaa/nrf_log_str_formatter.c.o (__locale_ctype_ptr)
c:/program files (x86)/gnu tools arm embedded/7 2018-q2-update/bin/../lib/gcc/arm-none-eabi/7.3.1/../../../../arm-none-eabi/lib/thumb/v7e-m/fpv4-sp/hard\libc_nano.a(lib_a-mbtowc_r.o)
                              c:/program files (x86)/gnu tools arm embedded/7 2018-q2-update/bin/../lib/gcc/arm-none-eabi/7.3.1/../../../../arm-none-eabi/lib/thumb/v7e-m/fpv4-sp/hard\libc_nano.a(lib_a-locale.o) (__ascii_mbtowc)
c:/program files (x86)/gnu tools arm embedded/7 2018-q2-update/bin/../lib/gcc/arm-none-eabi/7.3.1/../../../../arm-none-eabi/lib/thumb/v7e-m/fpv4-sp/hard\libc_nano.a(lib_a-memcpy-stub.o)
                              _build/nrf52832_xxaa/nrf_log_frontend.c.o (memcpy)
c:/program files (x86)/gnu tools arm embedded/7 2018-q2-update/bin/../lib/gcc/arm-none-eabi/7.3.1/../../../../arm-none-eabi/lib/thumb/v7e-m/fpv4-sp/hard\libc_nano.a(lib_a-memset.o)
                              c:/program files (x86)/gnu tools arm embedded/7 2018-q2-update/bin/../lib/gcc/arm-none-eabi/7.3.1/../../../../arm-none-eabi/lib/thumb/v7e-m/fpv4-sp/hard/crt0.o (memset)
c:/program files (x86)/gnu tools arm embedded/7 2018-q2-update/bin/../lib/gcc/arm-none-eabi/7.3.1/../../../../arm-none-eabi/lib/thumb/v7e-m/fpv4-sp/hard\libc_nano.a(lib_a-nano-vfprintf_float.o)
                              (_printf_float)
c:/program files (x86)/gnu tools arm embedded/7 2018-q2-update/bin/../lib/gcc/arm-none-eabi/7.3.1/../../../../arm-none-eabi/lib/thumb/v7e-m/fpv4-sp/hard\libc_nano.a(lib_a-nano-vfprintf_i.o)
                              c:/program files (x86)/gnu tools arm embedded/7 2018-q2-update/bin/../lib/gcc/arm-none-eabi/7.3.1/../../../../arm-none-eabi/lib/thumb/v7e-m/fpv4-sp/hard\libc_nano.a(lib_a-nano-vfprintf_float.o) (_printf_common)
c:/program files (x86)/gnu tools arm embedded/7 2018-q2-update/bin/../lib/gcc/arm-none-eabi/7.3.1/../../../../arm-none-eabi/lib/thumb/v7e-m/fpv4-sp/hard\libc_nano.a(lib_a-printf.o)
                              _build/nrf52832_xxaa/main.c.o (printf)
c:/program files (x86)/gnu tools arm embedded/7 2018-q2-update/bin/../lib/gcc/arm-none-eabi/7.3.1/../../../../arm-none-eabi/lib/thumb/v7e-m/fpv4-sp/hard\libc_nano.a(lib_a-strcmp.o)
                              c:/program files (x86)/gnu tools arm embedded/7 2018-q2-update/bin/../lib/gcc/arm-none-eabi/7.3.1/../../../../arm-none-eabi/lib/thumb/v7e-m/fpv4-sp/hard\libc_nano.a(lib_a-locale.o) (strcmp)
c:/program files (x86)/gnu tools arm embedded/7 2018-q2-update/bin/../lib/gcc/arm-none-eabi/7.3.1/../../../../arm-none-eabi/lib/thumb/v7e-m/fpv4-sp/hard\libc_nano.a(lib_a-strcpy.o)
                              _build/nrf52832_xxaa/SEGGER_RTT.c.o (strcpy)
c:/program files (x86)/gnu tools arm embedded/7 2018-q2-update/bin/../lib/gcc/arm-none-eabi/7.3.1/../../../../arm-none-eabi/lib/thumb/v7e-m/fpv4-sp/hard\libc_nano.a(lib_a-strlen.o)
                              _build/nrf52832_xxaa/nrf_log_frontend.c.o (strlen)
c:/program files (x86)/gnu tools arm embedded/7 2018-q2-update/bin/../lib/gcc/arm-none-eabi/7.3.1/../../../../arm-none-eabi/lib/thumb/v7e-m/fpv4-sp/hard\libc_nano.a(lib_a-wctomb_r.o)
                              c:/program files (x86)/gnu tools arm embedded/7 2018-q2-update/bin/../lib/gcc/arm-none-eabi/7.3.1/../../../../arm-none-eabi/lib/thumb/v7e-m/fpv4-sp/hard\libc_nano.a(lib_a-locale.o) (__ascii_wctomb)
[...]
Memory Configuration

Name             Origin             Length             Attributes
FLASH            0x00000000         0x00080000         xr
RAM              0x20000000         0x00010000         xrw
*default*        0x00000000         0xffffffff

Linker script and memory map


.text           0x00000000     0x70a4
 *(.isr_vector)
 .isr_vector    0x00000000      0x200 _build/nrf52832_xxaa/gcc_startup_nrf52.S.o
                0x00000000                __isr_vector
 *(.text*)
 .text          0x00000200       0x40 c:/program files (x86)/gnu tools arm embedded/7 2018-q2-update/bin/../lib/gcc/arm-none-eabi/7.3.1/thumb/v7e-m/fpv4-sp/hard/crtbegin.o
 .text          0x00000240       0x74 c:/program files (x86)/gnu tools arm embedded/7 2018-q2-update/bin/../lib/gcc/arm-none-eabi/7.3.1/../../../../arm-none-eabi/lib/thumb/v7e-m/fpv4-sp/hard/crt0.o
                0x00000240                _start
                0x00000240                _mainCRTStartup
 .text          0x000002b4       0x3c _build/nrf52832_xxaa/gcc_startup_nrf52.S.o
                0x000002b4                Reset_Handler
                0x000002dc                NMI_Handler
                0x000002de                HardFault_Handler
                0x000002e0                MemoryManagement_Handler
                0x000002e2                BusFault_Handler
                0x000002e4                UsageFault_Handler
                0x000002e6                SVC_Handler
                0x000002e8                DebugMon_Handler
                0x000002ea                PendSV_Handler
                0x000002ec                SysTick_Handler
                0x000002ee                POWER_CLOCK_IRQHandler
                0x000002ee                RADIO_IRQHandler
                0x000002ee                PDM_IRQHandler
                0x000002ee                SWI0_EGU0_IRQHandler
                0x000002ee                QDEC_IRQHandler
                0x000002ee                TIMER3_IRQHandler
                0x000002ee                FPU_IRQHandler
                0x000002ee                SPIM0_SPIS0_TWIM0_TWIS0_SPI0_TWI0_IRQHandler
                0x000002ee                TEMP_IRQHandler
                0x000002ee                TIMER4_IRQHandler
                0x000002ee                RTC0_IRQHandler
                0x000002ee                SWI4_EGU4_IRQHandler
                0x000002ee                TIMER0_IRQHandler
                0x000002ee                GPIOTE_IRQHandler
                0x000002ee                TIMER1_IRQHandler
                0x000002ee                ECB_IRQHandler
                0x000002ee                SPIM1_SPIS1_TWIM1_TWIS1_SPI1_TWI1_IRQHandler
                0x000002ee                Default_Handler
                0x000002ee                CCM_AAR_IRQHandler
                0x000002ee                WDT_IRQHandler
                0x000002ee                SWI2_EGU2_IRQHandler
                0x000002ee                SWI5_EGU5_IRQHandler
                0x000002ee                RNG_IRQHandler
                0x000002ee                RTC2_IRQHandler
                0x000002ee                SWI3_EGU3_IRQHandler
                0x000002ee                RTC1_IRQHandler
                0x000002ee                SWI1_EGU1_IRQHandler
                0x000002ee                SPIM2_SPIS2_SPI2_IRQHandler
                0x000002ee                NFCT_IRQHandler
                0x000002ee                I2S_IRQHandler
                0x000002ee                MWU_IRQHandler
                0x000002ee                TIMER2_IRQHandler
                0x000002ee                COMP_LPCOMP_IRQHandler
 .text.nrf_log_backend_rtt_flush
                0x000002f0        0x4 _build/nrf52832_xxaa/nrf_log_backend_rtt.c.o
 .text.nrf_log_backend_rtt_put
                0x000002f4       0x20 _build/nrf52832_xxaa/nrf_log_backend_rtt.c.o
 .text.serial_tx
                0x00000314       0x54 _build/nrf52832_xxaa/nrf_log_backend_rtt.c.o
 .text.nrf_log_backend_rtt_panic_set
                0x00000368        0x4 _build/nrf52832_xxaa/nrf_log_backend_rtt.c.o
 .text.nrf_log_backend_rtt_init
                0x0000036c        0x4 _build/nrf52832_xxaa/nrf_log_backend_rtt.c.o
                0x0000036c                nrf_log_backend_rtt_init
 .text.nrf_log_backend_serial_put
                0x00000370       0xd4 _build/nrf52832_xxaa/nrf_log_backend_serial.c.o
                0x00000370                nrf_log_backend_serial_put
 .text.uart_evt_handler
                0x00000444        0xc _build/nrf52832_xxaa/nrf_log_backend_uart.c.o
 .text.nrf_log_backend_uart_flush
                0x00000450        0x4 _build/nrf52832_xxaa/nrf_log_backend_uart.c.o
 .text.nrf_log_backend_uart_put
                0x00000454       0x20 _build/nrf52832_xxaa/nrf_log_backend_uart.c.o
 .text.serial_tx
                0x00000474       0x4c _build/nrf52832_xxaa/nrf_log_backend_uart.c.o
 .text.nrf_log_backend_uart_panic_set
                0x000004c0       0x60 _build/nrf52832_xxaa/nrf_log_backend_uart.c.o
 .text.nrf_log_backend_uart_init
                0x00000520       0x48 _build/nrf52832_xxaa/nrf_log_backend_uart.c.o
                0x00000520                nrf_log_backend_uart_init
 .text.nrf_log_default_backends_init
                0x00000568       0x38 _build/nrf52832_xxaa/nrf_log_default_backends.c.o
                0x00000568                nrf_log_default_backends_init
 .text.log_skip
                0x000005a0       0xd4 _build/nrf52832_xxaa/nrf_log_frontend.c.o
 .text.nrf_log_init
                0x00000674       0x3c _build/nrf52832_xxaa/nrf_log_frontend.c.o
                0x00000674                nrf_log_init
 .text.nrf_log_module_name_get
                0x000006b0       0x58 _build/nrf52832_xxaa/nrf_log_frontend.c.o
                0x000006b0                nrf_log_module_name_get
 .text.nrf_log_color_id_get
                0x00000708       0x2c _build/nrf52832_xxaa/nrf_log_frontend.c.o
                0x00000708                nrf_log_color_id_get
 .text.nrf_log_frontend_std_0
                0x00000734       0xe4 _build/nrf52832_xxaa/nrf_log_frontend.c.o
                0x00000734                nrf_log_frontend_std_0
 .text.nrf_log_frontend_dequeue.part.6
                0x00000818      0x264 _build/nrf52832_xxaa/nrf_log_frontend.c.o
 .text.nrf_log_frontend_std_1
                0x00000a7c       0xf0 _build/nrf52832_xxaa/nrf_log_frontend.c.o
                0x00000a7c                nrf_log_frontend_std_1
 .text.nrf_log_frontend_dequeue
                0x00000b6c       0x18 _build/nrf52832_xxaa/nrf_log_frontend.c.o
                0x00000b6c                nrf_log_frontend_dequeue
 .text.nrf_log_backend_add
                0x00000b84       0x68 _build/nrf52832_xxaa/nrf_log_frontend.c.o
                0x00000b84                nrf_log_backend_add
 .text.nrf_log_panic
                0x00000bec       0x2c _build/nrf52832_xxaa/nrf_log_frontend.c.o
                0x00000bec                nrf_log_panic
 .text.nrf_log_std_entry_process
                0x00000c18      0x14c _build/nrf52832_xxaa/nrf_log_str_formatter.c.o
                0x00000c18                nrf_log_std_entry_process
 .text.nrf_log_hexdump_entry_process
                0x00000d64      0x158 _build/nrf52832_xxaa/nrf_log_str_formatter.c.o
                0x00000d64                nrf_log_hexdump_entry_process
 .text.app_error_handler_bare
                0x00000ebc       0x20 _build/nrf52832_xxaa/app_error.c.o
                0x00000ebc                app_error_handler_bare
 .text.app_error_fault_handler
                0x00000edc       0x70 _build/nrf52832_xxaa/app_error_weak.c.o
                0x00000edc                app_error_fault_handler
 .text.app_fifo_put
                0x00000f4c       0x30 _build/nrf52832_xxaa/app_fifo.c.o
                0x00000f4c                app_fifo_put
 .text.app_fifo_get
                0x00000f7c       0x2c _build/nrf52832_xxaa/app_fifo.c.o
                0x00000f7c                app_fifo_get
 .text.app_uart_get
                0x00000fa8       0x5c _build/nrf52832_xxaa/app_uart_fifo.c.o
                0x00000fa8                app_uart_get
 .text.app_uart_put
                0x00001004       0x74 _build/nrf52832_xxaa/app_uart_fifo.c.o
                0x00001004                app_uart_put
 .text.app_util_critical_region_enter
                0x00001078       0x10 _build/nrf52832_xxaa/app_util_platform.c.o
                0x00001078                app_util_critical_region_enter
 .text.app_util_critical_region_exit
                0x00001088       0x14 _build/nrf52832_xxaa/app_util_platform.c.o
                0x00001088                app_util_critical_region_exit
 .text.nrf_atomic_u32_fetch_store
                0x0000109c       0x14 _build/nrf52832_xxaa/nrf_atomic.c.o
                0x0000109c                nrf_atomic_u32_fetch_store
 .text.nrf_atomic_u32_add
                0x000010b0       0x18 _build/nrf52832_xxaa/nrf_atomic.c.o
                0x000010b0                nrf_atomic_u32_add
 .text.nrf_atomic_u32_sub
                0x000010c8       0x18 _build/nrf52832_xxaa/nrf_atomic.c.o
                0x000010c8                nrf_atomic_u32_sub
 .text.nrf_atomic_flag_set
                0x000010e0       0x18 _build/nrf52832_xxaa/nrf_atomic.c.o
                0x000010e0                nrf_atomic_flag_set
 .text.nrf_atomic_flag_clear_fetch
                0x000010f8       0x18 _build/nrf52832_xxaa/nrf_atomic.c.o
                0x000010f8                nrf_atomic_flag_clear_fetch
 .text.nrf_balloc_init
                0x00001110       0x38 _build/nrf52832_xxaa/nrf_balloc.c.o
                0x00001110                nrf_balloc_init
 .text.nrf_balloc_alloc
                0x00001148       0x44 _build/nrf52832_xxaa/nrf_balloc.c.o
                0x00001148                nrf_balloc_alloc
 .text.nrf_balloc_free
                0x0000118c       0x2c _build/nrf52832_xxaa/nrf_balloc.c.o
                0x0000118c                nrf_balloc_free
 .text.nrf_fprintf_buffer_flush
                0x000011b8       0x18 _build/nrf52832_xxaa/nrf_fprintf.c.o
                0x000011b8                nrf_fprintf_buffer_flush
 .text.nrf_fprintf
                0x000011d0       0x20 _build/nrf52832_xxaa/nrf_fprintf.c.o
                0x000011d0                nrf_fprintf
 .text.unsigned_print
                0x000011f0      0x10c _build/nrf52832_xxaa/nrf_fprintf_format.c.o
 .text.nrf_fprintf_fmt
                0x000012fc      0x5c4 _build/nrf52832_xxaa/nrf_fprintf_format.c.o
                0x000012fc                nrf_fprintf_fmt
 .text.nrf_memobj_pool_init
                0x000018c0        0x4 _build/nrf52832_xxaa/nrf_memobj.c.o
                0x000018c0                nrf_memobj_pool_init
 .text.nrf_memobj_alloc
                0x000018c4       0x84 _build/nrf52832_xxaa/nrf_memobj.c.o
                0x000018c4                nrf_memobj_alloc
 .text.nrf_memobj_get
                0x00001948        0x8 _build/nrf52832_xxaa/nrf_memobj.c.o
                0x00001948                nrf_memobj_get
 .text.nrf_memobj_put
                0x00001950       0x44 _build/nrf52832_xxaa/nrf_memobj.c.o
                0x00001950                nrf_memobj_put
 .text.nrf_memobj_write
                0x00001994       0x68 _build/nrf52832_xxaa/nrf_memobj.c.o
                0x00001994                nrf_memobj_write
 .text.nrf_memobj_read
                0x000019fc       0x68 _build/nrf52832_xxaa/nrf_memobj.c.o
                0x000019fc                nrf_memobj_read
 .text.nrf_ringbuf_init
                0x00001a64       0x1c _build/nrf52832_xxaa/nrf_ringbuf.c.o
                0x00001a64                nrf_ringbuf_init
 .text._write   0x00001a80       0x1c _build/nrf52832_xxaa/retarget.c.o
                0x00001a80                _write
 .text._read    0x00001a9c       0x14 _build/nrf52832_xxaa/retarget.c.o
                0x00001a9c                _read
 .text.uarte_evt_handler
                0x00001ab0       0x34 _build/nrf52832_xxaa/nrf_drv_uart.c.o
 .text.uart_evt_handler
                0x00001ae4       0x34 _build/nrf52832_xxaa/nrf_drv_uart.c.o
 .text.nrf_drv_uart_init
                0x00001b18       0x80 _build/nrf52832_xxaa/nrf_drv_uart.c.o
                0x00001b18                nrf_drv_uart_init
 .text.UARTE0_UART0_IRQHandler
                0x00001b98        0xc _build/nrf52832_xxaa/nrfx_prs.c.o
                0x00001b98                UARTE0_UART0_IRQHandler
 .text.nrfx_prs_acquire
                0x00001ba4       0x3c _build/nrf52832_xxaa/nrfx_prs.c.o
                0x00001ba4                nrfx_prs_acquire
 .text.nrfx_prs_release
                0x00001be0       0x18 _build/nrf52832_xxaa/nrfx_prs.c.o
                0x00001be0                nrfx_prs_release
 .text.nrfx_uart_0_irq_handler
                0x00001bf8      0x1bc _build/nrf52832_xxaa/nrfx_uart.c.o
                0x00001bf8                nrfx_uart_0_irq_handler
 .text.nrfx_uart_init
                0x00001db4      0x1a4 _build/nrf52832_xxaa/nrfx_uart.c.o
                0x00001db4                nrfx_uart_init
 .text.nrfx_uart_uninit
                0x00001f58       0xcc _build/nrf52832_xxaa/nrfx_uart.c.o
                0x00001f58                nrfx_uart_uninit
 .text.nrfx_uart_tx
                0x00002024       0xcc _build/nrf52832_xxaa/nrfx_uart.c.o
                0x00002024                nrfx_uart_tx
 .text.nrfx_uart_tx_in_progress
                0x000020f0       0x18 _build/nrf52832_xxaa/nrfx_uart.c.o
                0x000020f0                nrfx_uart_tx_in_progress
 .text.nrfx_uart_rx
                0x00002108      0x14c _build/nrf52832_xxaa/nrfx_uart.c.o
                0x00002108                nrfx_uart_rx
 .text.nrfx_uarte_0_irq_handler
                0x00002254      0x128 _build/nrf52832_xxaa/nrfx_uarte.c.o
                0x00002254                nrfx_uarte_0_irq_handler
 .text.nrfx_uarte_init
                0x0000237c      0x1c4 _build/nrf52832_xxaa/nrfx_uarte.c.o
                0x0000237c                nrfx_uarte_init
 .text.nrfx_uarte_uninit
                0x00002540       0xd0 _build/nrf52832_xxaa/nrfx_uarte.c.o
                0x00002540                nrfx_uarte_uninit
 .text.nrfx_uarte_tx
                0x00002610       0xa0 _build/nrf52832_xxaa/nrfx_uarte.c.o
                0x00002610                nrfx_uarte_tx
 .text.nrfx_uarte_tx_in_progress
                0x000026b0       0x1c _build/nrf52832_xxaa/nrfx_uarte.c.o
                0x000026b0                nrfx_uarte_tx_in_progress
 .text.nrfx_uarte_rx
                0x000026cc      0x12c _build/nrf52832_xxaa/nrfx_uarte.c.o
                0x000026cc                nrfx_uarte_rx
 .text.SAADC_IRQHandler
                0x000027f8      0x1f0 _build/nrf52832_xxaa/nrfx_saadc.c.o
                0x000027f8                SAADC_IRQHandler
 .text.nrfx_saadc_init
                0x000029e8       0x9c _build/nrf52832_xxaa/nrfx_saadc.c.o
                0x000029e8                nrfx_saadc_init
 .text.nrfx_saadc_channel_init
                0x00002a84       0xd8 _build/nrf52832_xxaa/nrfx_saadc.c.o
                0x00002a84                nrfx_saadc_channel_init
 .text.nrfx_saadc_buffer_convert
                0x00002b5c       0xc4 _build/nrf52832_xxaa/nrfx_saadc.c.o
                0x00002b5c                nrfx_saadc_buffer_convert
 .text.nrfx_saadc_sample
                0x00002c20       0x30 _build/nrf52832_xxaa/nrfx_saadc.c.o
                0x00002c20                nrfx_saadc_sample
 .text.startup.main
                0x00002c50       0xc4 _build/nrf52832_xxaa/main.c.o
                0x00002c50                main
 .text.SystemInit
                0x00002d14      0x3c0 _build/nrf52832_xxaa/system_nrf52.c.o
                0x00002d14                SystemInit
 .text.nrfx_pwm_init
                0x000030d4      0x22c _build/nrf52832_xxaa/nrfx_pwm.c.o
                0x000030d4                nrfx_pwm_init
 .text.nrfx_pwm_simple_playback
                0x00003300       0xf4 _build/nrf52832_xxaa/nrfx_pwm.c.o
                0x00003300                nrfx_pwm_simple_playback
 .text.PWM0_IRQHandler
                0x000033f4       0xbc _build/nrf52832_xxaa/nrfx_pwm.c.o
                0x000033f4                PWM0_IRQHandler
 .text.PWM1_IRQHandler
                0x000034b0       0xbc _build/nrf52832_xxaa/nrfx_pwm.c.o
                0x000034b0                PWM1_IRQHandler
 .text.PWM2_IRQHandler
                0x0000356c       0xbc _build/nrf52832_xxaa/nrfx_pwm.c.o
                0x0000356c                PWM2_IRQHandler
 .text.drv8801_init
                0x00003628       0x38 _build/nrf52832_xxaa/drv8801.c.o
                0x00003628                drv8801_init
 .text.drv8801_test
                0x00003660       0x34 _build/nrf52832_xxaa/drv8801.c.o
                0x00003660                drv8801_test
 .text.saadc_callback
                0x00003694       0x1c _build/nrf52832_xxaa/mpos.c.o
                0x00003694                saadc_callback
 .text.mpos_init
                0x000036b0       0x9c _build/nrf52832_xxaa/mpos.c.o
                0x000036b0                mpos_init
 .text.mpos_test_convert_event_activate
                0x0000374c       0x78 _build/nrf52832_xxaa/mpos.c.o
                0x0000374c                mpos_test_convert_event_activate
 .text.display_value
                0x000037c4       0x38 _build/nrf52832_xxaa/mpos.c.o
                0x000037c4                display_value
 .text.SEGGER_RTT_WriteNoLock
                0x000037fc      0x168 _build/nrf52832_xxaa/SEGGER_RTT.c.o
                0x000037fc                SEGGER_RTT_WriteNoLock
 .text.SEGGER_RTT_Init
                0x00003964       0x60 _build/nrf52832_xxaa/SEGGER_RTT.c.o
                0x00003964                SEGGER_RTT_Init
 .text.exit     0x000039c4       0x28 c:/program files (x86)/gnu tools arm embedded/7 2018-q2-update/bin/../lib/gcc/arm-none-eabi/7.3.1/../../../../arm-none-eabi/lib/thumb/v7e-m/fpv4-sp/hard\libc_nano.a(lib_a-exit.o)
                0x000039c4                exit
 .text.__libc_init_array
                0x000039ec       0x48 c:/program files (x86)/gnu tools arm embedded/7 2018-q2-update/bin/../lib/gcc/arm-none-eabi/7.3.1/../../../../arm-none-eabi/lib/thumb/v7e-m/fpv4-sp/hard\libc_nano.a(lib_a-init.o)
                0x000039ec                __libc_init_array
 .text.__locale_ctype_ptr
                0x00003a34       0x1c c:/program files (x86)/gnu tools arm embedded/7 2018-q2-update/bin/../lib/gcc/arm-none-eabi/7.3.1/../../../../arm-none-eabi/lib/thumb/v7e-m/fpv4-sp/hard\libc_nano.a(lib_a-locale.o)
                0x00003a34                __locale_ctype_ptr
 .text.__ascii_mbtowc
                0x00003a50       0x24 c:/program files (x86)/gnu tools arm embedded/7 2018-q2-update/bin/../lib/gcc/arm-none-eabi/7.3.1/../../../../arm-none-eabi/lib/thumb/v7e-m/fpv4-sp/hard\libc_nano.a(lib_a-mbtowc_r.o)
                0x00003a50                __ascii_mbtowc
 .text.memcpy   0x00003a74       0x16 c:/program files (x86)/gnu tools arm embedded/7 2018-q2-update/bin/../lib/gcc/arm-none-eabi/7.3.1/../../../../arm-none-eabi/lib/thumb/v7e-m/fpv4-sp/hard\libc_nano.a(lib_a-memcpy-stub.o)
                0x00003a74                memcpy
 .text.memset   0x00003a8a       0x10 c:/program files (x86)/gnu tools arm embedded/7 2018-q2-update/bin/../lib/gcc/arm-none-eabi/7.3.1/../../../../arm-none-eabi/lib/thumb/v7e-m/fpv4-sp/hard\libc_nano.a(lib_a-memset.o)
                0x00003a8a                memset
 .text.__cvt    0x00003a9a       0xc2 c:/program files (x86)/gnu tools arm embedded/7 2018-q2-update/bin/../lib/gcc/arm-none-eabi/7.3.1/../../../../arm-none-eabi/lib/thumb/v7e-m/fpv4-sp/hard\libc_nano.a(lib_a-nano-vfprintf_float.o)
                0x00003a9a                __cvt
 .text.__exponent
                0x00003b5c       0x66 c:/program files (x86)/gnu tools arm embedded/7 2018-q2-update/bin/../lib/gcc/arm-none-eabi/7.3.1/../../../../arm-none-eabi/lib/thumb/v7e-m/fpv4-sp/hard\libc_nano.a(lib_a-nano-vfprintf_float.o)
                0x00003b5c                __exponent
 *fill*         0x00003bc2        0x2 
 .text._printf_float
                0x00003bc4      0x480 c:/program files (x86)/gnu tools arm embedded/7 2018-q2-update/bin/../lib/gcc/arm-none-eabi/7.3.1/../../../../arm-none-eabi/lib/thumb/v7e-m/fpv4-sp/hard\libc_nano.a(lib_a-nano-vfprintf_float.o)
                0x00003bc4                _printf_float
 .text._printf_common
                0x00004044       0xea c:/program files (x86)/gnu tools arm embedded/7 2018-q2-update/bin/../lib/gcc/arm-none-eabi/7.3.1/../../../../arm-none-eabi/lib/thumb/v7e-m/fpv4-sp/hard\libc_nano.a(lib_a-nano-vfprintf_i.o)
                0x00004044                _printf_common
 *fill*         0x0000412e        0x2 
 .text._printf_i
                0x00004130      0x224 c:/program files (x86)/gnu tools arm embedded/7 2018-q2-update/bin/../lib/gcc/arm-none-eabi/7.3.1/../../../../arm-none-eabi/lib/thumb/v7e-m/fpv4-sp/hard\libc_nano.a(lib_a-nano-vfprintf_i.o)
                0x00004130                _printf_i
 .text.printf   0x00004354       0x30 c:/program files (x86)/gnu tools arm embedded/7 2018-q2-update/bin/../lib/gcc/arm-none-eabi/7.3.1/../../../../arm-none-eabi/lib/thumb/v7e-m/fpv4-sp/hard\libc_nano.a(lib_a-printf.o)
                0x00004354                iprintf
                0x00004354                printf
 .text.strcpy   0x00004384       0x10 c:/program files (x86)/gnu tools arm embedded/7 2018-q2-update/bin/../lib/gcc/arm-none-eabi/7.3.1/../../../../arm-none-eabi/lib/thumb/v7e-m/fpv4-sp/hard\libc_nano.a(lib_a-strcpy.o)
                0x00004384                strcpy
 .text          0x00004394       0x10 c:/program files (x86)/gnu tools arm embedded/7 2018-q2-update/bin/../lib/gcc/arm-none-eabi/7.3.1/../../../../arm-none-eabi/lib/thumb/v7e-m/fpv4-sp/hard\libc_nano.a(lib_a-strlen.o)
                0x00004394                strlen
 .text.__ascii_wctomb
                0x000043a4       0x1a c:/program files (x86)/gnu tools arm embedded/7 2018-q2-update/bin/../lib/gcc/arm-none-eabi/7.3.1/../../../../arm-none-eabi/lib/thumb/v7e-m/fpv4-sp/hard\libc_nano.a(lib_a-wctomb_r.o)
                0x000043a4                __ascii_wctomb
 .text.quorem   0x000043be      0x118 c:/program files (x86)/gnu tools arm embedded/7 2018-q2-update/bin/../lib/gcc/arm-none-eabi/7.3.1/../../../../arm-none-eabi/lib/thumb/v7e-m/fpv4-sp/hard\libc_nano.a(lib_a-dtoa.o)
 *fill*         0x000044d6        0x2 
 .text._dtoa_r  0x000044d8      0xb70 c:/program files (x86)/gnu tools arm embedded/7 2018-q2-update/bin/../lib/gcc/arm-none-eabi/7.3.1/../../../../arm-none-eabi/lib/thumb/v7e-m/fpv4-sp/hard\libc_nano.a(lib_a-dtoa.o)
                0x000044d8                _dtoa_r
 .text.std      0x00005048       0x48 c:/program files (x86)/gnu tools arm embedded/7 2018-q2-update/bin/../lib/gcc/arm-none-eabi/7.3.1/../../../../arm-none-eabi/lib/thumb/v7e-m/fpv4-sp/hard\libc_nano.a(lib_a-findfp.o)
 .text._cleanup_r
                0x00005090        0xc c:/program files (x86)/gnu tools arm embedded/7 2018-q2-update/bin/../lib/gcc/arm-none-eabi/7.3.1/../../../../arm-none-eabi/lib/thumb/v7e-m/fpv4-sp/hard\libc_nano.a(lib_a-findfp.o)
                0x00005090                _cleanup_r
 .text.__sfmoreglue
                0x0000509c       0x2c c:/program files (x86)/gnu tools arm embedded/7 2018-q2-update/bin/../lib/gcc/arm-none-eabi/7.3.1/../../../../arm-none-eabi/lib/thumb/v7e-m/fpv4-sp/hard\libc_nano.a(lib_a-findfp.o)
                0x0000509c                __sfmoreglue
 .text.__sinit  0x000050c8       0x60 c:/program files (x86)/gnu tools arm embedded/7 2018-q2-update/bin/../lib/gcc/arm-none-eabi/7.3.1/../../../../arm-none-eabi/lib/thumb/v7e-m/fpv4-sp/hard\libc_nano.a(lib_a-findfp.o)
                0x000050c8                __sinit
 .text.__sfp    0x00005128       0x78 c:/program files (x86)/gnu tools arm embedded/7 2018-q2-update/bin/../lib/gcc/arm-none-eabi/7.3.1/../../../../arm-none-eabi/lib/thumb/v7e-m/fpv4-sp/hard\libc_nano.a(lib_a-findfp.o)
                0x00005128                __sfp
 .text._fwalk_reent
                0x000051a0       0x3c c:/program files (x86)/gnu tools arm embedded/7 2018-q2-update/bin/../lib/gcc/arm-none-eabi/7.3.1/../../../../arm-none-eabi/lib/thumb/v7e-m/fpv4-sp/hard\libc_nano.a(lib_a-fwalk.o)
                0x000051a0                _fwalk_reent
 .text._localeconv_r
                0x000051dc       0x1c c:/program files (x86)/gnu tools arm embedded/7 2018-q2-update/bin/../lib/gcc/arm-none-eabi/7.3.1/../../../../arm-none-eabi/lib/thumb/v7e-m/fpv4-sp/hard\libc_nano.a(lib_a-localeconv.o)
                0x000051dc                _localeconv_r
 .text.malloc   0x000051f8       0x10 c:/program files (x86)/gnu tools arm embedded/7 2018-q2-update/bin/../lib/gcc/arm-none-eabi/7.3.1/../../../../arm-none-eabi/lib/thumb/v7e-m/fpv4-sp/hard\libc_nano.a(lib_a-malloc.o)
                0x000051f8                malloc
 *fill*         0x00005208        0x8 
 .text          0x00005210       0xa0 c:/program files (x86)/gnu tools arm embedded/7 2018-q2-update/bin/../lib/gcc/arm-none-eabi/7.3.1/../../../../arm-none-eabi/lib/thumb/v7e-m/fpv4-sp/hard\libc_nano.a(lib_a-memchr.o)
                0x00005210                memchr
 .text._Balloc  0x000052b0       0x68 c:/program files (x86)/gnu tools arm embedded/7 2018-q2-update/bin/../lib/gcc/arm-none-eabi/7.3.1/../../../../arm-none-eabi/lib/thumb/v7e-m/fpv4-sp/hard\libc_nano.a(lib_a-mprec.o)
                0x000052b0                _Balloc
 .text._Bfree   0x00005318       0x2e c:/program files (x86)/gnu tools arm embedded/7 2018-q2-update/bin/../lib/gcc/arm-none-eabi/7.3.1/../../../../arm-none-eabi/lib/thumb/v7e-m/fpv4-sp/hard\libc_nano.a(lib_a-mprec.o)
                0x00005318                _Bfree
 .text.__multadd
                0x00005346       0x76 c:/program files (x86)/gnu tools arm embedded/7 2018-q2-update/bin/../lib/gcc/arm-none-eabi/7.3.1/../../../../arm-none-eabi/lib/thumb/v7e-m/fpv4-sp/hard\libc_nano.a(lib_a-mprec.o)
                0x00005346                __multadd
 .text.__hi0bits
                0x000053bc       0x3e c:/program files (x86)/gnu tools arm embedded/7 2018-q2-update/bin/../lib/gcc/arm-none-eabi/7.3.1/../../../../arm-none-eabi/lib/thumb/v7e-m/fpv4-sp/hard\libc_nano.a(lib_a-mprec.o)
                0x000053bc                __hi0bits
 .text.__lo0bits
                0x000053fa       0x5e c:/program files (x86)/gnu tools arm embedded/7 2018-q2-update/bin/../lib/gcc/arm-none-eabi/7.3.1/../../../../arm-none-eabi/lib/thumb/v7e-m/fpv4-sp/hard\libc_nano.a(lib_a-mprec.o)
                0x000053fa                __lo0bits
 .text.__i2b    0x00005458       0x12 c:/program files (x86)/gnu tools arm embedded/7 2018-q2-update/bin/../lib/gcc/arm-none-eabi/7.3.1/../../../../arm-none-eabi/lib/thumb/v7e-m/fpv4-sp/hard\libc_nano.a(lib_a-mprec.o)
                0x00005458                __i2b
 .text.__multiply
                0x0000546a      0x12c c:/program files (x86)/gnu tools arm embedded/7 2018-q2-update/bin/../lib/gcc/arm-none-eabi/7.3.1/../../../../arm-none-eabi/lib/thumb/v7e-m/fpv4-sp/hard\libc_nano.a(lib_a-mprec.o)
                0x0000546a                __multiply
 *fill*         0x00005596        0x2 
 .text.__pow5mult
                0x00005598       0x9c c:/program files (x86)/gnu tools arm embedded/7 2018-q2-update/bin/../lib/gcc/arm-none-eabi/7.3.1/../../../../arm-none-eabi/lib/thumb/v7e-m/fpv4-sp/hard\libc_nano.a(lib_a-mprec.o)
                0x00005598                __pow5mult
 .text.__lshift
                0x00005634       0xa8 c:/program files (x86)/gnu tools arm embedded/7 2018-q2-update/bin/../lib/gcc/arm-none-eabi/7.3.1/../../../../arm-none-eabi/lib/thumb/v7e-m/fpv4-sp/hard\libc_nano.a(lib_a-mprec.o)
                0x00005634                __lshift
 .text.__mcmp   0x000056dc       0x34 c:/program files (x86)/gnu tools arm embedded/7 2018-q2-update/bin/../lib/gcc/arm-none-eabi/7.3.1/../../../../arm-none-eabi/lib/thumb/v7e-m/fpv4-sp/hard\libc_nano.a(lib_a-mprec.o)
                0x000056dc                __mcmp
 .text.__mdiff  0x00005710       0xba c:/program files (x86)/gnu tools arm embedded/7 2018-q2-update/bin/../lib/gcc/arm-none-eabi/7.3.1/../../../../arm-none-eabi/lib/thumb/v7e-m/fpv4-sp/hard\libc_nano.a(lib_a-mprec.o)
                0x00005710                __mdiff
 .text.__d2b    0x000057ca       0x9e c:/program files (x86)/gnu tools arm embedded/7 2018-q2-update/bin/../lib/gcc/arm-none-eabi/7.3.1/../../../../arm-none-eabi/lib/thumb/v7e-m/fpv4-sp/hard\libc_nano.a(lib_a-mprec.o)
                0x000057ca                __d2b
 .text._calloc_r
                0x00005868       0x1c c:/program files (x86)/gnu tools arm embedded/7 2018-q2-update/bin/../lib/gcc/arm-none-eabi/7.3.1/../../../../arm-none-eabi/lib/thumb/v7e-m/fpv4-sp/hard\libc_nano.a(lib_a-nano-callocr.o)
                0x00005868                _calloc_r
 .text._free_r  0x00005884       0x9c c:/program files (x86)/gnu tools arm embedded/7 2018-q2-update/bin/../lib/gcc/arm-none-eabi/7.3.1/../../../../arm-none-eabi/lib/thumb/v7e-m/fpv4-sp/hard\libc_nano.a(lib_a-nano-freer.o)
                0x00005884                _free_r
 .text._malloc_r
                0x00005920       0xb4 c:/program files (x86)/gnu tools arm embedded/7 2018-q2-update/bin/../lib/gcc/arm-none-eabi/7.3.1/../../../../arm-none-eabi/lib/thumb/v7e-m/fpv4-sp/hard\libc_nano.a(lib_a-nano-mallocr.o)
                0x00005920                _malloc_r
 .text.__sfputc_r
                0x000059d4       0x2e c:/program files (x86)/gnu tools arm embedded/7 2018-q2-update/bin/../lib/gcc/arm-none-eabi/7.3.1/../../../../arm-none-eabi/lib/thumb/v7e-m/fpv4-sp/hard\libc_nano.a(lib_a-nano-vfprintf.o)
 .text.__sfputs_r
                0x00005a02       0x24 c:/program files (x86)/gnu tools arm embedded/7 2018-q2-update/bin/../lib/gcc/arm-none-eabi/7.3.1/../../../../arm-none-eabi/lib/thumb/v7e-m/fpv4-sp/hard\libc_nano.a(lib_a-nano-vfprintf.o)
                0x00005a02                __sfputs_r
 *fill*         0x00005a26        0x2 
 .text._vfprintf_r
                0x00005a28      0x22c c:/program files (x86)/gnu tools arm embedded/7 2018-q2-update/bin/../lib/gcc/arm-none-eabi/7.3.1/../../../../arm-none-eabi/lib/thumb/v7e-m/fpv4-sp/hard\libc_nano.a(lib_a-nano-vfprintf.o)
                0x00005a28                _vfprintf_r
                0x00005a28                _vfiprintf_r
 .text._sbrk_r  0x00005c54       0x20 c:/program files (x86)/gnu tools arm embedded/7 2018-q2-update/bin/../lib/gcc/arm-none-eabi/7.3.1/../../../../arm-none-eabi/lib/thumb/v7e-m/fpv4-sp/hard\libc_nano.a(lib_a-sbrkr.o)
                0x00005c54                _sbrk_r
 .text.__sread  0x00005c74       0x22 c:/program files (x86)/gnu tools arm embedded/7 2018-q2-update/bin/../lib/gcc/arm-none-eabi/7.3.1/../../../../arm-none-eabi/lib/thumb/v7e-m/fpv4-sp/hard\libc_nano.a(lib_a-stdio.o)
                0x00005c74                __sread
 .text.__swrite
                0x00005c96       0x38 c:/program files (x86)/gnu tools arm embedded/7 2018-q2-update/bin/../lib/gcc/arm-none-eabi/7.3.1/../../../../arm-none-eabi/lib/thumb/v7e-m/fpv4-sp/hard\libc_nano.a(lib_a-stdio.o)
                0x00005c96                __swrite
 .text.__sseek  0x00005cce       0x24 c:/program files (x86)/gnu tools arm embedded/7 2018-q2-update/bin/../lib/gcc/arm-none-eabi/7.3.1/../../../../arm-none-eabi/lib/thumb/v7e-m/fpv4-sp/hard\libc_nano.a(lib_a-stdio.o)
                0x00005cce                __sseek
 .text.__sclose
                0x00005cf2        0x8 c:/program files (x86)/gnu tools arm embedded/7 2018-q2-update/bin/../lib/gcc/arm-none-eabi/7.3.1/../../../../arm-none-eabi/lib/thumb/v7e-m/fpv4-sp/hard\libc_nano.a(lib_a-stdio.o)
                0x00005cf2                __sclose
 *fill*         0x00005cfa        0x2 
 .text.__swbuf_r
                0x00005cfc       0xa4 c:/program files (x86)/gnu tools arm embedded/7 2018-q2-update/bin/../lib/gcc/arm-none-eabi/7.3.1/../../../../arm-none-eabi/lib/thumb/v7e-m/fpv4-sp/hard\libc_nano.a(lib_a-wbuf.o)
                0x00005cfc                __swbuf_r
 .text._write_r
                0x00005da0       0x24 c:/program files (x86)/gnu tools arm embedded/7 2018-q2-update/bin/../lib/gcc/arm-none-eabi/7.3.1/../../../../arm-none-eabi/lib/thumb/v7e-m/fpv4-sp/hard\libc_nano.a(lib_a-writer.o)
                0x00005da0                _write_r
 .text.__swsetup_r
                0x00005dc4       0xdc c:/program files (x86)/gnu tools arm embedded/7 2018-q2-update/bin/../lib/gcc/arm-none-eabi/7.3.1/../../../../arm-none-eabi/lib/thumb/v7e-m/fpv4-sp/hard\libc_nano.a(lib_a-wsetup.o)
                0x00005dc4                __swsetup_r
 .text._close_r
                0x00005ea0       0x20 c:/program files (x86)/gnu tools arm embedded/7 2018-q2-update/bin/../lib/gcc/arm-none-eabi/7.3.1/../../../../arm-none-eabi/lib/thumb/v7e-m/fpv4-sp/hard\libc_nano.a(lib_a-closer.o)
                0x00005ea0                _close_r
 .text.__sflush_r
                0x00005ec0      0x10c c:/program files (x86)/gnu tools arm embedded/7 2018-q2-update/bin/../lib/gcc/arm-none-eabi/7.3.1/../../../../arm-none-eabi/lib/thumb/v7e-m/fpv4-sp/hard\libc_nano.a(lib_a-fflush.o)
                0x00005ec0                __sflush_r
 .text._fflush_r
                0x00005fcc       0x54 c:/program files (x86)/gnu tools arm embedded/7 2018-q2-update/bin/../lib/gcc/arm-none-eabi/7.3.1/../../../../arm-none-eabi/lib/thumb/v7e-m/fpv4-sp/hard\libc_nano.a(lib_a-fflush.o)
                0x00005fcc                _fflush_r
 .text._lseek_r
                0x00006020       0x24 c:/program files (x86)/gnu tools arm embedded/7 2018-q2-update/bin/../lib/gcc/arm-none-eabi/7.3.1/../../../../arm-none-eabi/lib/thumb/v7e-m/fpv4-sp/hard\libc_nano.a(lib_a-lseekr.o)
                0x00006020                _lseek_r
 .text.__swhatbuf_r
                0x00006044       0x48 c:/program files (x86)/gnu tools arm embedded/7 2018-q2-update/bin/../lib/gcc/arm-none-eabi/7.3.1/../../../../arm-none-eabi/lib/thumb/v7e-m/fpv4-sp/hard\libc_nano.a(lib_a-makebuf.o)
                0x00006044                __swhatbuf_r
 .text.__smakebuf_r
                0x0000608c       0x80 c:/program files (x86)/gnu tools arm embedded/7 2018-q2-update/bin/../lib/gcc/arm-none-eabi/7.3.1/../../../../arm-none-eabi/lib/thumb/v7e-m/fpv4-sp/hard\libc_nano.a(lib_a-makebuf.o)
                0x0000608c                __smakebuf_r
 .text.__malloc_lock
                0x0000610c        0x2 c:/program files (x86)/gnu tools arm embedded/7 2018-q2-update/bin/../lib/gcc/arm-none-eabi/7.3.1/../../../../arm-none-eabi/lib/thumb/v7e-m/fpv4-sp/hard\libc_nano.a(lib_a-mlock.o)
                0x0000610c                __malloc_lock
 .text.__malloc_unlock
                0x0000610e        0x2 c:/program files (x86)/gnu tools arm embedded/7 2018-q2-update/bin/../lib/gcc/arm-none-eabi/7.3.1/../../../../arm-none-eabi/lib/thumb/v7e-m/fpv4-sp/hard\libc_nano.a(lib_a-mlock.o)
                0x0000610e                __malloc_unlock
 .text._read_r  0x00006110       0x24 c:/program files (x86)/gnu tools arm embedded/7 2018-q2-update/bin/../lib/gcc/arm-none-eabi/7.3.1/../../../../arm-none-eabi/lib/thumb/v7e-m/fpv4-sp/hard\libc_nano.a(lib_a-readr.o)
                0x00006110                _read_r
 .text._fstat_r
                0x00006134       0x24 c:/program files (x86)/gnu tools arm embedded/7 2018-q2-update/bin/../lib/gcc/arm-none-eabi/7.3.1/../../../../arm-none-eabi/lib/thumb/v7e-m/fpv4-sp/hard\libc_nano.a(lib_a-fstatr.o)
                0x00006134                _fstat_r
 .text._isatty_r
                0x00006158       0x20 c:/program files (x86)/gnu tools arm embedded/7 2018-q2-update/bin/../lib/gcc/arm-none-eabi/7.3.1/../../../../arm-none-eabi/lib/thumb/v7e-m/fpv4-sp/hard\libc_nano.a(lib_a-isattyr.o)
                0x00006158                _isatty_r
 .text._close   0x00006178       0x10 c:/program files (x86)/gnu tools arm embedded/7 2018-q2-update/bin/../lib/gcc/arm-none-eabi/7.3.1/../../../../arm-none-eabi/lib/thumb/v7e-m/fpv4-sp/hard\libnosys.a(close.o)
                0x00006178                _close
 .text._fstat   0x00006188       0x10 c:/program files (x86)/gnu tools arm embedded/7 2018-q2-update/bin/../lib/gcc/arm-none-eabi/7.3.1/../../../../arm-none-eabi/lib/thumb/v7e-m/fpv4-sp/hard\libnosys.a(fstat.o)
                0x00006188                _fstat
 .text._isatty  0x00006198       0x10 c:/program files (x86)/gnu tools arm embedded/7 2018-q2-update/bin/../lib/gcc/arm-none-eabi/7.3.1/../../../../arm-none-eabi/lib/thumb/v7e-m/fpv4-sp/hard\libnosys.a(isatty.o)
                0x00006198                _isatty
 .text._lseek   0x000061a8       0x10 c:/program files (x86)/gnu tools arm embedded/7 2018-q2-update/bin/../lib/gcc/arm-none-eabi/7.3.1/../../../../arm-none-eabi/lib/thumb/v7e-m/fpv4-sp/hard\libnosys.a(lseek.o)
                0x000061a8                _lseek
 .text._sbrk    0x000061b8       0x1c c:/program files (x86)/gnu tools arm embedded/7 2018-q2-update/bin/../lib/gcc/arm-none-eabi/7.3.1/../../../../arm-none-eabi/lib/thumb/v7e-m/fpv4-sp/hard\libnosys.a(sbrk.o)
                0x000061b8                _sbrk
 .text._exit    0x000061d4        0x4 c:/program files (x86)/gnu tools arm embedded/7 2018-q2-update/bin/../lib/gcc/arm-none-eabi/7.3.1/../../../../arm-none-eabi/lib/thumb/v7e-m/fpv4-sp/hard\libnosys.a(_exit.o)
                0x000061d4                _exit
 .text          0x000061d8      0x378 c:/program files (x86)/gnu tools arm embedded/7 2018-q2-update/bin/../lib/gcc/arm-none-eabi/7.3.1/thumb/v7e-m/fpv4-sp/hard\libgcc.a(_arm_addsubdf3.o)
                0x000061d8                __aeabi_drsub
                0x000061e0                __aeabi_dsub
                0x000061e0                __subdf3
                0x000061e4                __aeabi_dadd
                0x000061e4                __adddf3
                0x0000645c                __floatunsidf
                0x0000645c                __aeabi_ui2d
                0x0000647c                __floatsidf
                0x0000647c                __aeabi_i2d
                0x000064a0                __aeabi_f2d
                0x000064a0                __extendsfdf2
                0x000064e4                __floatundidf
                0x000064e4                __aeabi_ul2d
                0x000064f4                __floatdidf
                0x000064f4                __aeabi_l2d
 .text          0x00006550      0x424 c:/program files (x86)/gnu tools arm embedded/7 2018-q2-update/bin/../lib/gcc/arm-none-eabi/7.3.1/thumb/v7e-m/fpv4-sp/hard\libgcc.a(_arm_muldivdf3.o)
                0x00006550                __aeabi_dmul
                0x00006550                __muldf3
                0x000067a4                __divdf3
                0x000067a4                __aeabi_ddiv
 .text          0x00006974      0x110 c:/program files (x86)/gnu tools arm embedded/7 2018-q2-update/bin/../lib/gcc/arm-none-eabi/7.3.1/thumb/v7e-m/fpv4-sp/hard\libgcc.a(_arm_cmpdf2.o)
                0x00006974                __gtdf2
                0x00006974                __gedf2
                0x0000697c                __ltdf2
                0x0000697c                __ledf2
                0x00006984                __nedf2
                0x00006984                __eqdf2
                0x00006984                __cmpdf2
                0x00006a00                __aeabi_cdrcmple
                0x00006a10                __aeabi_cdcmpeq
                0x00006a10                __aeabi_cdcmple
                0x00006a20                __aeabi_dcmpeq
                0x00006a34                __aeabi_dcmplt
                0x00006a48                __aeabi_dcmple
                0x00006a5c                __aeabi_dcmpge
                0x00006a70                __aeabi_dcmpgt
 .text          0x00006a84       0x2c c:/program files (x86)/gnu tools arm embedded/7 2018-q2-update/bin/../lib/gcc/arm-none-eabi/7.3.1/thumb/v7e-m/fpv4-sp/hard\libgcc.a(_arm_unorddf2.o)
                0x00006a84                __unorddf2
                0x00006a84                __aeabi_dcmpun
 .text          0x00006ab0       0x50 c:/program files (x86)/gnu tools arm embedded/7 2018-q2-update/bin/../lib/gcc/arm-none-eabi/7.3.1/thumb/v7e-m/fpv4-sp/hard\libgcc.a(_arm_fixdfsi.o)
                0x00006ab0                __aeabi_d2iz
                0x00006ab0                __fixdfsi
 *(.init)
 .init          0x00006b00        0x4 c:/program files (x86)/gnu tools arm embedded/7 2018-q2-update/bin/../lib/gcc/arm-none-eabi/7.3.1/thumb/v7e-m/fpv4-sp/hard/crti.o
                0x00006b00                _init
 .init          0x00006b04        0x8 c:/program files (x86)/gnu tools arm embedded/7 2018-q2-update/bin/../lib/gcc/arm-none-eabi/7.3.1/thumb/v7e-m/fpv4-sp/hard/crtn.o
 *(.fini)
 .fini          0x00006b0c        0x4 c:/program files (x86)/gnu tools arm embedded/7 2018-q2-update/bin/../lib/gcc/arm-none-eabi/7.3.1/thumb/v7e-m/fpv4-sp/hard/crti.o
                0x00006b0c                _fini
 .fini          0x00006b10        0x8 c:/program files (x86)/gnu tools arm embedded/7 2018-q2-update/bin/../lib/gcc/arm-none-eabi/7.3.1/thumb/v7e-m/fpv4-sp/hard/crtn.o
 *crtbegin.o(.ctors)
 *crtbegin?.o(.ctors)
 *(EXCLUDE_FILE(*crtend.o *crtend?.o) .ctors)
 *(SORT_BY_NAME(.ctors.*))
 *(.ctors)
 *crtbegin.o(.dtors)
 *crtbegin?.o(.dtors)
 *(EXCLUDE_FILE(*crtend.o *crtend?.o) .dtors)
 *(SORT_BY_NAME(.dtors.*))
 *(.dtors)
 *(.rodata*)
 *fill*         0x00006b18        0x8 
 .rodata.delay_bytecode.8583
                0x00006b20        0x6 _build/nrf52832_xxaa/nrf_log_backend_rtt.c.o
 *fill*         0x00006b26        0x2 
 .rodata.nrf_log_backend_rtt_api
                0x00006b28        0xc _build/nrf52832_xxaa/nrf_log_backend_rtt.c.o
                0x00006b28                nrf_log_backend_rtt_api
 .rodata        0x00006b34       0x20 _build/nrf52832_xxaa/nrf_log_backend_uart.c.o
 .rodata.nrf_log_backend_uart_api
                0x00006b54        0xc _build/nrf52832_xxaa/nrf_log_backend_uart.c.o
                0x00006b54                nrf_log_backend_uart_api
 .rodata.str1.4
                0x00006b60       0x24 _build/nrf52832_xxaa/nrf_log_default_backends.c.o
 .rodata.m_log_push_ringbuf
                0x00006b84        0xc _build/nrf52832_xxaa/nrf_log_frontend.c.o
 .rodata.nrf_log_frontend_dequeue.part.6.str1.4
                0x00006b90       0x11 _build/nrf52832_xxaa/nrf_log_frontend.c.o
 *fill*         0x00006ba1        0x3 
 .rodata.str1.4
                0x00006ba4        0x4 _build/nrf52832_xxaa/nrf_log_frontend.c.o
 .rodata.m_colors
                0x00006ba8       0x24 _build/nrf52832_xxaa/nrf_log_str_formatter.c.o
 .rodata.nrf_log_hexdump_entry_process.str1.4
                0x00006bcc       0x13 _build/nrf52832_xxaa/nrf_log_str_formatter.c.o
                                 0x16 (size before relaxing)
 *fill*         0x00006bdf        0x1 
 .rodata.nrf_log_std_entry_process.str1.4
                0x00006be0       0x3b _build/nrf52832_xxaa/nrf_log_str_formatter.c.o
 *fill*         0x00006c1b        0x1 
 .rodata.severity_names
                0x00006c1c       0x14 _build/nrf52832_xxaa/nrf_log_str_formatter.c.o
 .rodata.str1.4
                0x00006c30       0x56 _build/nrf52832_xxaa/nrf_log_str_formatter.c.o
 *fill*         0x00006c86        0x2 
 .rodata.app_error_fault_handler.str1.4
                0x00006c88       0x19 _build/nrf52832_xxaa/app_error_weak.c.o
 *fill*         0x00006ca1        0x3 
 .rodata._aV2C.7399
                0x00006ca4       0x10 _build/nrf52832_xxaa/nrf_fprintf_format.c.o
 .rodata.str1.4
                0x00006cb4        0x9 _build/nrf52832_xxaa/nrf_pwr_mgmt.c.o
 *fill*         0x00006cbd        0x3 
 .rodata.str1.4
                0x00006cc0        0x4 _build/nrf52832_xxaa/nrfx_prs.c.o
 .rodata.str1.4
                0x00006cc4        0x5 _build/nrf52832_xxaa/nrfx_uart.c.o
 *fill*         0x00006cc9        0x3 
 .rodata.str1.4
                0x00006ccc        0x6 _build/nrf52832_xxaa/nrfx_uarte.c.o
 *fill*         0x00006cd2        0x2 
 .rodata.str1.4
                0x00006cd4        0x6 _build/nrf52832_xxaa/nrfx_saadc.c.o
 *fill*         0x00006cda        0x6 
 .rodata.delay_bytecode.8471
                0x00006ce0        0x6 _build/nrf52832_xxaa/main.c.o
 *fill*         0x00006ce6        0x2 
 .rodata.main.str1.4
                0x00006ce8       0x39 _build/nrf52832_xxaa/main.c.o
 *fill*         0x00006d21        0x3 
 .rodata.str1.4
                0x00006d24        0x4 _build/nrf52832_xxaa/nrfx_pwm.c.o
 .rodata        0x00006d28       0x2c _build/nrf52832_xxaa/drv8801.c.o
 .rodata        0x00006d54        0x9 _build/nrf52832_xxaa/mpos.c.o
 *fill*         0x00006d5d        0x3 
 .rodata.display_value.str1.4
                0x00006d60        0x3 _build/nrf52832_xxaa/mpos.c.o
 *fill*         0x00006d63        0x1 
 .rodata.mpos_init.str1.4
                0x00006d64        0xa _build/nrf52832_xxaa/mpos.c.o
 *fill*         0x00006d6e        0x2 
 .rodata.mpos_test_convert_event_activate.str1.4
                0x00006d70       0x55 _build/nrf52832_xxaa/mpos.c.o
 *fill*         0x00006dc5        0x3 
 .rodata.SEGGER_RTT_ReadNoLock.str1.4
                0x00006dc8       0x18 _build/nrf52832_xxaa/SEGGER_RTT.c.o
                                 0x17 (size before relaxing)
 .rodata._global_impure_ptr
                0x00006de0        0x4 c:/program files (x86)/gnu tools arm embedded/7 2018-q2-update/bin/../lib/gcc/arm-none-eabi/7.3.1/../../../../arm-none-eabi/lib/thumb/v7e-m/fpv4-sp/hard\libc_nano.a(lib_a-impure.o)
                0x00006de0                _global_impure_ptr
 .rodata._setlocale_r.str1.1
                0x00006de4        0x8 c:/program files (x86)/gnu tools arm embedded/7 2018-q2-update/bin/../lib/gcc/arm-none-eabi/7.3.1/../../../../arm-none-eabi/lib/thumb/v7e-m/fpv4-sp/hard\libc_nano.a(lib_a-locale.o)
                                  0x9 (size before relaxing)
 .rodata.str1.1
                0x00006dec        0x2 c:/program files (x86)/gnu tools arm embedded/7 2018-q2-update/bin/../lib/gcc/arm-none-eabi/7.3.1/../../../../arm-none-eabi/lib/thumb/v7e-m/fpv4-sp/hard\libc_nano.a(lib_a-locale.o)
 .rodata._printf_float.str1.1
                0x00006dee       0x12 c:/program files (x86)/gnu tools arm embedded/7 2018-q2-update/bin/../lib/gcc/arm-none-eabi/7.3.1/../../../../arm-none-eabi/lib/thumb/v7e-m/fpv4-sp/hard\libc_nano.a(lib_a-nano-vfprintf_float.o)
 .rodata._printf_i.str1.1
                0x00006e00       0x22 c:/program files (x86)/gnu tools arm embedded/7 2018-q2-update/bin/../lib/gcc/arm-none-eabi/7.3.1/../../../../arm-none-eabi/lib/thumb/v7e-m/fpv4-sp/hard\libc_nano.a(lib_a-nano-vfprintf_i.o)
 .rodata._ctype_
                0x00006e22      0x101 c:/program files (x86)/gnu tools arm embedded/7 2018-q2-update/bin/../lib/gcc/arm-none-eabi/7.3.1/../../../../arm-none-eabi/lib/thumb/v7e-m/fpv4-sp/hard\libc_nano.a(lib_a-ctype_.o)
                0x00006e22                _ctype_
 .rodata._dtoa_r.str1.1
                0x00006f23        0xd c:/program files (x86)/gnu tools arm embedded/7 2018-q2-update/bin/../lib/gcc/arm-none-eabi/7.3.1/../../../../arm-none-eabi/lib/thumb/v7e-m/fpv4-sp/hard\libc_nano.a(lib_a-dtoa.o)
                                  0xf (size before relaxing)
 .rodata.__sf_fake_stderr
                0x00006f30       0x20 c:/program files (x86)/gnu tools arm embedded/7 2018-q2-update/bin/../lib/gcc/arm-none-eabi/7.3.1/../../../../arm-none-eabi/lib/thumb/v7e-m/fpv4-sp/hard\libc_nano.a(lib_a-findfp.o)
                0x00006f30                __sf_fake_stderr
 .rodata.__sf_fake_stdin
                0x00006f50       0x20 c:/program files (x86)/gnu tools arm embedded/7 2018-q2-update/bin/../lib/gcc/arm-none-eabi/7.3.1/../../../../arm-none-eabi/lib/thumb/v7e-m/fpv4-sp/hard\libc_nano.a(lib_a-findfp.o)
                0x00006f50                __sf_fake_stdin
 .rodata.__sf_fake_stdout
                0x00006f70       0x20 c:/program files (x86)/gnu tools arm embedded/7 2018-q2-update/bin/../lib/gcc/arm-none-eabi/7.3.1/../../../../arm-none-eabi/lib/thumb/v7e-m/fpv4-sp/hard\libc_nano.a(lib_a-findfp.o)
                0x00006f70                __sf_fake_stdout
 .rodata.__mprec_bigtens
                0x00006f90       0x28 c:/program files (x86)/gnu tools arm embedded/7 2018-q2-update/bin/../lib/gcc/arm-none-eabi/7.3.1/../../../../arm-none-eabi/lib/thumb/v7e-m/fpv4-sp/hard\libc_nano.a(lib_a-mprec.o)
                0x00006f90                __mprec_bigtens
 .rodata.__mprec_tens
                0x00006fb8       0xc8 c:/program files (x86)/gnu tools arm embedded/7 2018-q2-update/bin/../lib/gcc/arm-none-eabi/7.3.1/../../../../arm-none-eabi/lib/thumb/v7e-m/fpv4-sp/hard\libc_nano.a(lib_a-mprec.o)
                0x00006fb8                __mprec_tens
 .rodata.p05.7359
                0x00007080        0xc c:/program files (x86)/gnu tools arm embedded/7 2018-q2-update/bin/../lib/gcc/arm-none-eabi/7.3.1/../../../../arm-none-eabi/lib/thumb/v7e-m/fpv4-sp/hard\libc_nano.a(lib_a-mprec.o)
 .rodata._vfprintf_r.str1.1
                0x0000708c       0x11 c:/program files (x86)/gnu tools arm embedded/7 2018-q2-update/bin/../lib/gcc/arm-none-eabi/7.3.1/../../../../arm-none-eabi/lib/thumb/v7e-m/fpv4-sp/hard\libc_nano.a(lib_a-nano-vfprintf.o)
 *(.eh_frame*)
 *fill*         0x0000709d        0x3 
 .eh_frame      0x000070a0        0x0 c:/program files (x86)/gnu tools arm embedded/7 2018-q2-update/bin/../lib/gcc/arm-none-eabi/7.3.1/thumb/v7e-m/fpv4-sp/hard/crtbegin.o
 .eh_frame      0x000070a0        0x4 c:/program files (x86)/gnu tools arm embedded/7 2018-q2-update/bin/../lib/gcc/arm-none-eabi/7.3.1/thumb/v7e-m/fpv4-sp/hard/crtend.o

.glue_7         0x000070a4        0x0
 .glue_7        0x000070a4        0x0 linker stubs

.glue_7t        0x000070a4        0x0
 .glue_7t       0x000070a4        0x0 linker stubs

.vfp11_veneer   0x000070a4        0x0
 .vfp11_veneer  0x000070a4        0x0 linker stubs

.v4_bx          0x000070a4        0x0
 .v4_bx         0x000070a4        0x0 linker stubs

.iplt           0x000070a4        0x0
 .iplt          0x000070a4        0x0 c:/program files (x86)/gnu tools arm embedded/7 2018-q2-update/bin/../lib/gcc/arm-none-eabi/7.3.1/thumb/v7e-m/fpv4-sp/hard/crtbegin.o

.mem_section_dummy_rom

.log_const_data
                0x000070a4       0x38
                0x000070a4                PROVIDE (__start_log_const_data = .)
 *(SORT_BY_NAME(.log_const_data*))
 .log_const_data_PRS
                0x000070a4        0x8 _build/nrf52832_xxaa/nrfx_prs.c.o
                0x000070a4                m_nrf_log_PRS_logs_data_const
 .log_const_data_PWM
                0x000070ac        0x8 _build/nrf52832_xxaa/nrfx_pwm.c.o
                0x000070ac                m_nrf_log_PWM_logs_data_const
 .log_const_data_SAADC
                0x000070b4        0x8 _build/nrf52832_xxaa/nrfx_saadc.c.o
                0x000070b4                m_nrf_log_SAADC_logs_data_const
 .log_const_data_UART
                0x000070bc        0x8 _build/nrf52832_xxaa/nrfx_uart.c.o
                0x000070bc                m_nrf_log_UART_logs_data_const
 .log_const_data_UARTE
                0x000070c4        0x8 _build/nrf52832_xxaa/nrfx_uarte.c.o
                0x000070c4                m_nrf_log_UARTE_logs_data_const
 .log_const_data_app
                0x000070cc        0x8 _build/nrf52832_xxaa/nrf_log_frontend.c.o
                0x000070cc                m_nrf_log_app_logs_data_const
 .log_const_data_pwr_mgmt
                0x000070d4        0x8 _build/nrf52832_xxaa/nrf_pwr_mgmt.c.o
                0x000070d4                m_nrf_log_pwr_mgmt_logs_data_const
                0x000070dc                PROVIDE (__stop_log_const_data = .)

.log_backends   0x000070dc       0x20
                [!provide]                PROVIDE (__start_log_backends = .)
 *(SORT_BY_NAME(.log_backends*))
 .log_backends  0x000070dc       0x20 _build/nrf52832_xxaa/nrf_log_default_backends.c.o
                [!provide]                PROVIDE (__stop_log_backends = .)

.nrf_balloc     0x000070fc       0x14
                [!provide]                PROVIDE (__start_nrf_balloc = .)
 *(.nrf_balloc)
 .nrf_balloc    0x000070fc       0x14 _build/nrf52832_xxaa/nrf_log_frontend.c.o
                0x000070fc                log_mempool
                [!provide]                PROVIDE (__stop_nrf_balloc = .)

.ARM.extab
 *(.ARM.extab* .gnu.linkonce.armextab.*)
                0x00007110                __exidx_start = .

.ARM.exidx      0x00007110        0x8
 *(.ARM.exidx* .gnu.linkonce.armexidx.*)
 .ARM.exidx     0x00007110        0x8 c:/program files (x86)/gnu tools arm embedded/7 2018-q2-update/bin/../lib/gcc/arm-none-eabi/7.3.1/../../../../arm-none-eabi/lib/thumb/v7e-m/fpv4-sp/hard/crt0.o
                0x00007118                __exidx_end = .
                0x00007118                __etext = .

.rel.dyn        0x00007118        0x0
 .rel.iplt      0x00007118        0x0 c:/program files (x86)/gnu tools arm embedded/7 2018-q2-update/bin/../lib/gcc/arm-none-eabi/7.3.1/thumb/v7e-m/fpv4-sp/hard/crtbegin.o

.data           0x20000000      0x244 load address 0x00007118
                0x20000000                __data_start__ = .
 *(vtable)
 *(.data*)
 .data.m_uart   0x20000000       0x14 _build/nrf52832_xxaa/nrf_log_backend_uart.c.o
                0x20000000                m_uart
 .data.log_backend_cb_rtt_log_backend
                0x20000014        0x8 _build/nrf52832_xxaa/nrf_log_default_backends.c.o
 .data.log_backend_cb_uart_log_backend
                0x2000001c        0x8 _build/nrf52832_xxaa/nrf_log_default_backends.c.o
 .data.app_uart_inst
                0x20000024       0x14 _build/nrf52832_xxaa/app_uart_fifo.c.o
 .data.SystemCoreClock
                0x20000038        0x4 _build/nrf52832_xxaa/system_nrf52.c.o
                0x20000038                SystemCoreClock
 .data.m_pwm0   0x2000003c        0x8 _build/nrf52832_xxaa/drv8801.c.o
 .data.seq_values
                0x20000044        0x4 _build/nrf52832_xxaa/drv8801.c.o
 .data.seq_values2
                0x20000048       0x24 _build/nrf52832_xxaa/drv8801.c.o
 .data._impure_ptr
                0x2000006c        0x4 c:/program files (x86)/gnu tools arm embedded/7 2018-q2-update/bin/../lib/gcc/arm-none-eabi/7.3.1/../../../../arm-none-eabi/lib/thumb/v7e-m/fpv4-sp/hard\libc_nano.a(lib_a-impure.o)
                0x2000006c                _impure_ptr
 .data.impure_data
                0x20000070       0x60 c:/program files (x86)/gnu tools arm embedded/7 2018-q2-update/bin/../lib/gcc/arm-none-eabi/7.3.1/../../../../arm-none-eabi/lib/thumb/v7e-m/fpv4-sp/hard\libc_nano.a(lib_a-impure.o)
 .data.__global_locale
                0x200000d0      0x16c c:/program files (x86)/gnu tools arm embedded/7 2018-q2-update/bin/../lib/gcc/arm-none-eabi/7.3.1/../../../../arm-none-eabi/lib/thumb/v7e-m/fpv4-sp/hard\libc_nano.a(lib_a-locale.o)
                0x200000d0                __global_locale
                0x2000023c                . = ALIGN (0x4)
                0x2000023c                PROVIDE (__preinit_array_start = .)
 *(.preinit_array)
                0x2000023c                PROVIDE (__preinit_array_end = .)
                0x2000023c                . = ALIGN (0x4)
                0x2000023c                PROVIDE (__init_array_start = .)
 *(SORT_BY_NAME(.init_array.*))
 *(.init_array)
 .init_array    0x2000023c        0x4 c:/program files (x86)/gnu tools arm embedded/7 2018-q2-update/bin/../lib/gcc/arm-none-eabi/7.3.1/thumb/v7e-m/fpv4-sp/hard/crtbegin.o
                0x20000240                PROVIDE (__init_array_end = .)
                0x20000240                . = ALIGN (0x4)
                [!provide]                PROVIDE (__fini_array_start = .)
 *(SORT_BY_NAME(.fini_array.*))
 *(.fini_array)
 .fini_array    0x20000240        0x4 c:/program files (x86)/gnu tools arm embedded/7 2018-q2-update/bin/../lib/gcc/arm-none-eabi/7.3.1/thumb/v7e-m/fpv4-sp/hard/crtbegin.o
                [!provide]                PROVIDE (__fini_array_end = .)
 *(.jcr*)
                0x20000244                . = ALIGN (0x4)
                0x20000244                __data_end__ = .
LOAD c:/program files (x86)/gnu tools arm embedded/7 2018-q2-update/bin/../lib/gcc/arm-none-eabi/7.3.1/thumb/v7e-m/fpv4-sp/hard/crti.o
LOAD c:/program files (x86)/gnu tools arm embedded/7 2018-q2-update/bin/../lib/gcc/arm-none-eabi/7.3.1/thumb/v7e-m/fpv4-sp/hard/crtbegin.o
LOAD c:/program files (x86)/gnu tools arm embedded/7 2018-q2-update/bin/../lib/gcc/arm-none-eabi/7.3.1/../../../../arm-none-eabi/lib/thumb/v7e-m/fpv4-sp/hard/crt0.o
LOAD _build/nrf52832_xxaa/gcc_startup_nrf52.S.o
LOAD _build/nrf52832_xxaa/nrf_log_backend_rtt.c.o
LOAD _build/nrf52832_xxaa/nrf_log_backend_serial.c.o
LOAD _build/nrf52832_xxaa/nrf_log_backend_uart.c.o
LOAD _build/nrf52832_xxaa/nrf_log_default_backends.c.o
LOAD _build/nrf52832_xxaa/nrf_log_frontend.c.o
LOAD _build/nrf52832_xxaa/nrf_log_str_formatter.c.o
LOAD _build/nrf52832_xxaa/app_error.c.o
LOAD _build/nrf52832_xxaa/app_error_handler_gcc.c.o
LOAD _build/nrf52832_xxaa/app_error_weak.c.o
LOAD _build/nrf52832_xxaa/app_fifo.c.o
LOAD _build/nrf52832_xxaa/app_uart_fifo.c.o
LOAD _build/nrf52832_xxaa/app_util_platform.c.o
LOAD _build/nrf52832_xxaa/nrf_assert.c.o
LOAD _build/nrf52832_xxaa/nrf_atomic.c.o
LOAD _build/nrf52832_xxaa/nrf_balloc.c.o
LOAD _build/nrf52832_xxaa/nrf_fprintf.c.o
LOAD _build/nrf52832_xxaa/nrf_fprintf_format.c.o
LOAD _build/nrf52832_xxaa/nrf_memobj.c.o
LOAD _build/nrf52832_xxaa/nrf_pwr_mgmt.c.o
LOAD _build/nrf52832_xxaa/nrf_ringbuf.c.o
LOAD _build/nrf52832_xxaa/nrf_section_iter.c.o
LOAD _build/nrf52832_xxaa/nrf_strerror.c.o
LOAD _build/nrf52832_xxaa/retarget.c.o
LOAD _build/nrf52832_xxaa/nrf_drv_uart.c.o
LOAD _build/nrf52832_xxaa/nrfx_prs.c.o
LOAD _build/nrf52832_xxaa/nrfx_uart.c.o
LOAD _build/nrf52832_xxaa/nrfx_uarte.c.o
LOAD _build/nrf52832_xxaa/nrfx_saadc.c.o
LOAD _build/nrf52832_xxaa/main.c.o
LOAD _build/nrf52832_xxaa/system_nrf52.c.o
LOAD _build/nrf52832_xxaa/nrfx_pwm.c.o
LOAD _build/nrf52832_xxaa/drv8801.c.o
LOAD _build/nrf52832_xxaa/mpos.c.o
LOAD _build/nrf52832_xxaa/SEGGER_RTT.c.o
LOAD _build/nrf52832_xxaa/SEGGER_RTT_Syscalls_GCC.c.o
LOAD _build/nrf52832_xxaa/SEGGER_RTT_printf.c.o
LOAD c:/program files (x86)/gnu tools arm embedded/7 2018-q2-update/bin/../lib/gcc/arm-none-eabi/7.3.1/../../../../arm-none-eabi/lib/thumb/v7e-m/fpv4-sp/hard\libc_nano.a
LOAD c:/program files (x86)/gnu tools arm embedded/7 2018-q2-update/bin/../lib/gcc/arm-none-eabi/7.3.1/../../../../arm-none-eabi/lib/thumb/v7e-m/fpv4-sp/hard\libnosys.a
LOAD c:/program files (x86)/gnu tools arm embedded/7 2018-q2-update/bin/../lib/gcc/arm-none-eabi/7.3.1/../../../../arm-none-eabi/lib/thumb/v7e-m/fpv4-sp/hard\libm.a
START GROUP
LOAD c:/program files (x86)/gnu tools arm embedded/7 2018-q2-update/bin/../lib/gcc/arm-none-eabi/7.3.1/thumb/v7e-m/fpv4-sp/hard\libgcc.a
LOAD c:/program files (x86)/gnu tools arm embedded/7 2018-q2-update/bin/../lib/gcc/arm-none-eabi/7.3.1/../../../../arm-none-eabi/lib/thumb/v7e-m/fpv4-sp/hard\libg_nano.a
LOAD c:/program files (x86)/gnu tools arm embedded/7 2018-q2-update/bin/../lib/gcc/arm-none-eabi/7.3.1/../../../../arm-none-eabi/lib/thumb/v7e-m/fpv4-sp/hard\libc_nano.a
END GROUP
START GROUP
LOAD c:/program files (x86)/gnu tools arm embedded/7 2018-q2-update/bin/../lib/gcc/arm-none-eabi/7.3.1/thumb/v7e-m/fpv4-sp/hard\libgcc.a
LOAD c:/program files (x86)/gnu tools arm embedded/7 2018-q2-update/bin/../lib/gcc/arm-none-eabi/7.3.1/../../../../arm-none-eabi/lib/thumb/v7e-m/fpv4-sp/hard\libc_nano.a
END GROUP
LOAD c:/program files (x86)/gnu tools arm embedded/7 2018-q2-update/bin/../lib/gcc/arm-none-eabi/7.3.1/thumb/v7e-m/fpv4-sp/hard/crtend.o
LOAD c:/program files (x86)/gnu tools arm embedded/7 2018-q2-update/bin/../lib/gcc/arm-none-eabi/7.3.1/thumb/v7e-m/fpv4-sp/hard/crtn.o
START GROUP
LOAD c:/program files (x86)/gnu tools arm embedded/7 2018-q2-update/bin/../lib/gcc/arm-none-eabi/7.3.1/thumb/v7e-m/fpv4-sp/hard\libgcc.a
LOAD c:/program files (x86)/gnu tools arm embedded/7 2018-q2-update/bin/../lib/gcc/arm-none-eabi/7.3.1/../../../../arm-none-eabi/lib/thumb/v7e-m/fpv4-sp/hard\libc.a
LOAD c:/program files (x86)/gnu tools arm embedded/7 2018-q2-update/bin/../lib/gcc/arm-none-eabi/7.3.1/../../../../arm-none-eabi/lib/thumb/v7e-m/fpv4-sp/hard\libnosys.a
END GROUP

.igot.plt       0x20000244        0x0 load address 0x0000735c
 .igot.plt      0x20000244        0x0 c:/program files (x86)/gnu tools arm embedded/7 2018-q2-update/bin/../lib/gcc/arm-none-eabi/7.3.1/thumb/v7e-m/fpv4-sp/hard/crtbegin.o
                0x20000244                . = ALIGN (0x4)

.mem_section_dummy_ram

.log_dynamic_data
                0x20000244        0x0
                0x20000244                PROVIDE (__start_log_dynamic_data = .)
 *(SORT_BY_NAME(.log_dynamic_data*))
                [!provide]                PROVIDE (__stop_log_dynamic_data = .)

.log_filter_data
                0x20000244        0x0
                [!provide]                PROVIDE (__start_log_filter_data = .)
 *(SORT_BY_NAME(.log_filter_data*))
                [!provide]                PROVIDE (__stop_log_filter_data = .)

.bss            0x20000244      0x9ac load address 0x0000735c
                0x20000244                . = ALIGN (0x4)
                0x20000244                __bss_start__ = .
 *(.bss*)
 .bss           0x20000244       0x1c c:/program files (x86)/gnu tools arm embedded/7 2018-q2-update/bin/../lib/gcc/arm-none-eabi/7.3.1/thumb/v7e-m/fpv4-sp/hard/crtbegin.o
 .bss.m_host_present
                0x20000260        0x1 _build/nrf52832_xxaa/nrf_log_backend_rtt.c.o
 *fill*         0x20000261        0x3 
 .bss.m_string_buff
                0x20000264       0x40 _build/nrf52832_xxaa/nrf_log_backend_rtt.c.o
 .bss.m_async_mode
                0x200002a4        0x1 _build/nrf52832_xxaa/nrf_log_backend_uart.c.o
 *fill*         0x200002a5        0x3 
 .bss.m_string_buff
                0x200002a8       0x40 _build/nrf52832_xxaa/nrf_log_backend_uart.c.o
 .bss.m_xfer_done
                0x200002e8        0x1 _build/nrf52832_xxaa/nrf_log_backend_uart.c.o
 *fill*         0x200002e9        0x3 
 .bss.log_mempool_nrf_balloc_cb
                0x200002ec        0x8 _build/nrf52832_xxaa/nrf_log_frontend.c.o
 .bss.log_mempool_nrf_balloc_pool_mem
                0x200002f4       0xc0 _build/nrf52832_xxaa/nrf_log_frontend.c.o
 .bss.log_mempool_nrf_balloc_pool_stack
                0x200003b4        0x8 _build/nrf52832_xxaa/nrf_log_frontend.c.o
 .bss.m_log_data
                0x200003bc      0x424 _build/nrf52832_xxaa/nrf_log_frontend.c.o
 .bss.m_log_push_ringbuf_buf
                0x200007e0       0x80 _build/nrf52832_xxaa/nrf_log_frontend.c.o
 .bss.m_log_push_ringbuf_cb
                0x20000860       0x18 _build/nrf52832_xxaa/nrf_log_frontend.c.o
 .bss.m_rx_fifo
                0x20000878       0x10 _build/nrf52832_xxaa/app_uart_fifo.c.o
 .bss.m_rx_ovf  0x20000888        0x1 _build/nrf52832_xxaa/app_uart_fifo.c.o
 *fill*         0x20000889        0x3 
 .bss.m_tx_fifo
                0x2000088c       0x10 _build/nrf52832_xxaa/app_uart_fifo.c.o
 .bss.rx_buffer
                0x2000089c        0x1 _build/nrf52832_xxaa/app_uart_fifo.c.o
 *fill*         0x2000089d        0x3 
 .bss.tx_buffer
                0x200008a0        0x1 _build/nrf52832_xxaa/app_uart_fifo.c.o
 *fill*         0x200008a1        0x3 
 .bss.m_in_critical_region
                0x200008a4        0x4 _build/nrf52832_xxaa/app_util_platform.c.o
 .bss.m_contexts
                0x200008a8        0x4 _build/nrf52832_xxaa/nrf_drv_uart.c.o
 .bss.m_handlers
                0x200008ac        0x4 _build/nrf52832_xxaa/nrf_drv_uart.c.o
 .bss.m_prs_box_4
                0x200008b0        0x8 _build/nrf52832_xxaa/nrfx_prs.c.o
 .bss.m_cb      0x200008b8       0x2c _build/nrf52832_xxaa/nrfx_uart.c.o
 .bss.m_cb      0x200008e4       0x24 _build/nrf52832_xxaa/nrfx_uarte.c.o
 .bss.m_cb      0x20000908       0x30 _build/nrf52832_xxaa/nrfx_saadc.c.o
 .bss.m_cb      0x20000938       0x18 _build/nrf52832_xxaa/nrfx_pwm.c.o
 .bss.m_buffer_pool
                0x20000950        0x2 _build/nrf52832_xxaa/mpos.c.o
 *fill*         0x20000952        0x2 
 .bss._acDownBuffer
                0x20000954       0x10 _build/nrf52832_xxaa/SEGGER_RTT.c.o
 .bss._acUpBuffer
                0x20000964      0x200 _build/nrf52832_xxaa/SEGGER_RTT.c.o
 .bss.__malloc_free_list
                0x20000b64        0x4 c:/program files (x86)/gnu tools arm embedded/7 2018-q2-update/bin/../lib/gcc/arm-none-eabi/7.3.1/../../../../arm-none-eabi/lib/thumb/v7e-m/fpv4-sp/hard\libc_nano.a(lib_a-nano-mallocr.o)
                0x20000b64                __malloc_free_list
 .bss.__malloc_sbrk_start
                0x20000b68        0x4 c:/program files (x86)/gnu tools arm embedded/7 2018-q2-update/bin/../lib/gcc/arm-none-eabi/7.3.1/../../../../arm-none-eabi/lib/thumb/v7e-m/fpv4-sp/hard\libc_nano.a(lib_a-nano-mallocr.o)
                0x20000b68                __malloc_sbrk_start
 .bss.heap_end.5377
                0x20000b6c        0x4 c:/program files (x86)/gnu tools arm embedded/7 2018-q2-update/bin/../lib/gcc/arm-none-eabi/7.3.1/../../../../arm-none-eabi/lib/thumb/v7e-m/fpv4-sp/hard\libnosys.a(sbrk.o)
 *(COMMON)
 COMMON         0x20000b70        0x1 _build/nrf52832_xxaa/nrf_drv_uart.c.o
                0x20000b70                nrf_drv_uart_use_easy_dma
 *fill*         0x20000b71        0x3 
 COMMON         0x20000b74       0x78 _build/nrf52832_xxaa/SEGGER_RTT.c.o
                0x20000b74                _SEGGER_RTT
 COMMON         0x20000bec        0x4 c:/program files (x86)/gnu tools arm embedded/7 2018-q2-update/bin/../lib/gcc/arm-none-eabi/7.3.1/../../../../arm-none-eabi/lib/thumb/v7e-m/fpv4-sp/hard\libc_nano.a(lib_a-reent.o)
                0x20000bec                errno
                0x20000bf0                . = ALIGN (0x4)
                0x20000bf0                __bss_end__ = .

.heap           0x20000bf0     0x2000
                0x20000bf0                __HeapBase = .
                0x20000bf0                __end__ = .
                0x20000bf0                PROVIDE (end = .)
 *(.heap*)
 .heap          0x20000bf0     0x2000 _build/nrf52832_xxaa/gcc_startup_nrf52.S.o
                0x20002bf0                __HeapLimit = .

.stack_dummy    0x20000bf0     0x2000
 *(.stack*)
 .stack         0x20000bf0     0x2000 _build/nrf52832_xxaa/gcc_startup_nrf52.S.o
                0x20010000                __StackTop = (ORIGIN (RAM) + LENGTH (RAM))
                0x2000e000                __StackLimit = (__StackTop - SIZEOF (.stack_dummy))
                0x20010000                PROVIDE (__stack = __StackTop)
                0x00000001                ASSERT ((__StackLimit >= __HeapLimit), region RAM overflowed with stack)
                0x00000244                DataInitFlashUsed = (__bss_start__ - __data_start__)
                0x00007118                CodeFlashUsed = (__etext - ORIGIN (FLASH))
                0x0000735c                TotalFlashUsed = (CodeFlashUsed + DataInitFlashUsed)
                0x00000001                ASSERT ((TotalFlashUsed <= LENGTH (FLASH)), region FLASH overflowed with .data and user data)
OUTPUT(_build/nrf52832_xxaa.out elf32-littlearm)

.ARM.attributes
                0x00000000       0x30
 .ARM.attributes
                0x00000000       0x22 c:/program files (x86)/gnu tools arm embedded/7 2018-q2-update/bin/../lib/gcc/arm-none-eabi/7.3.1/thumb/v7e-m/fpv4-sp/hard/crti.o
 .ARM.attributes
                0x00000022       0x34 c:/program files (x86)/gnu tools arm embedded/7 2018-q2-update/bin/../lib/gcc/arm-none-eabi/7.3.1/thumb/v7e-m/fpv4-sp/hard/crtbegin.o
 .ARM.attributes
                0x00000056       0x20 c:/program files (x86)/gnu tools arm embedded/7 2018-q2-update/bin/../lib/gcc/arm-none-eabi/7.3.1/../../../../arm-none-eabi/lib/thumb/v7e-m/fpv4-sp/hard/crt0.o
 .ARM.attributes
                0x00000076       0x20 _build/nrf52832_xxaa/gcc_startup_nrf52.S.o
 .ARM.attributes
                0x00000096       0x39 _build/nrf52832_xxaa/nrf_log_backend_rtt.c.o
 .ARM.attributes
                0x000000cf       0x39 _build/nrf52832_xxaa/nrf_log_backend_serial.c.o
 .ARM.attributes
                0x00000108       0x39 _build/nrf52832_xxaa/nrf_log_backend_uart.c.o
 .ARM.attributes
                0x00000141       0x39 _build/nrf52832_xxaa/nrf_log_default_backends.c.o
 .ARM.attributes
                0x0000017a       0x39 _build/nrf52832_xxaa/nrf_log_frontend.c.o
 .ARM.attributes
                0x000001b3       0x39 _build/nrf52832_xxaa/nrf_log_str_formatter.c.o
 .ARM.attributes
                0x000001ec       0x39 _build/nrf52832_xxaa/app_error.c.o
 .ARM.attributes
                0x00000225       0x39 _build/nrf52832_xxaa/app_error_weak.c.o
 .ARM.attributes
                0x0000025e       0x39 _build/nrf52832_xxaa/app_fifo.c.o
 .ARM.attributes
                0x00000297       0x39 _build/nrf52832_xxaa/app_uart_fifo.c.o
 .ARM.attributes
                0x000002d0       0x39 _build/nrf52832_xxaa/app_util_platform.c.o
 .ARM.attributes
                0x00000309       0x39 _build/nrf52832_xxaa/nrf_atomic.c.o
 .ARM.attributes
                0x00000342       0x39 _build/nrf52832_xxaa/nrf_balloc.c.o
 .ARM.attributes
                0x0000037b       0x39 _build/nrf52832_xxaa/nrf_fprintf.c.o
 .ARM.attributes
                0x000003b4       0x39 _build/nrf52832_xxaa/nrf_fprintf_format.c.o
 .ARM.attributes
                0x000003ed       0x39 _build/nrf52832_xxaa/nrf_memobj.c.o
 .ARM.attributes
                0x00000426       0x39 _build/nrf52832_xxaa/nrf_pwr_mgmt.c.o
 .ARM.attributes
                0x0000045f       0x39 _build/nrf52832_xxaa/nrf_ringbuf.c.o
 .ARM.attributes
                0x00000498       0x39 _build/nrf52832_xxaa/retarget.c.o
 .ARM.attributes
                0x000004d1       0x39 _build/nrf52832_xxaa/nrf_drv_uart.c.o
 .ARM.attributes
                0x0000050a       0x39 _build/nrf52832_xxaa/nrfx_prs.c.o
 .ARM.attributes
                0x00000543       0x39 _build/nrf52832_xxaa/nrfx_uart.c.o
 .ARM.attributes
                0x0000057c       0x39 _build/nrf52832_xxaa/nrfx_uarte.c.o
 .ARM.attributes
                0x000005b5       0x39 _build/nrf52832_xxaa/nrfx_saadc.c.o
 .ARM.attributes
                0x000005ee       0x39 _build/nrf52832_xxaa/main.c.o
 .ARM.attributes
                0x00000627       0x39 _build/nrf52832_xxaa/system_nrf52.c.o
 .ARM.attributes
                0x00000660       0x39 _build/nrf52832_xxaa/nrfx_pwm.c.o
 .ARM.attributes
                0x00000699       0x39 _build/nrf52832_xxaa/drv8801.c.o
 .ARM.attributes
                0x000006d2       0x39 _build/nrf52832_xxaa/mpos.c.o
 .ARM.attributes
                0x0000070b       0x39 _build/nrf52832_xxaa/SEGGER_RTT.c.o
 .ARM.attributes
                0x00000744       0x34 c:/program files (x86)/gnu tools arm embedded/7 2018-q2-update/bin/../lib/gcc/arm-none-eabi/7.3.1/../../../../arm-none-eabi/lib/thumb/v7e-m/fpv4-sp/hard\libc_nano.a(lib_a-exit.o)
 .ARM.attributes
                0x00000778       0x34 c:/program files (x86)/gnu tools arm embedded/7 2018-q2-update/bin/../lib/gcc/arm-none-eabi/7.3.1/../../../../arm-none-eabi/lib/thumb/v7e-m/fpv4-sp/hard\libc_nano.a(lib_a-impure.o)
 .ARM.attributes
                0x000007ac       0x34 c:/program files (x86)/gnu tools arm embedded/7 2018-q2-update/bin/../lib/gcc/arm-none-eabi/7.3.1/../../../../arm-none-eabi/lib/thumb/v7e-m/fpv4-sp/hard\libc_nano.a(lib_a-init.o)
 .ARM.attributes
                0x000007e0       0x34 c:/program files (x86)/gnu tools arm embedded/7 2018-q2-update/bin/../lib/gcc/arm-none-eabi/7.3.1/../../../../arm-none-eabi/lib/thumb/v7e-m/fpv4-sp/hard\libc_nano.a(lib_a-locale.o)
 .ARM.attributes
                0x00000814       0x34 c:/program files (x86)/gnu tools arm embedded/7 2018-q2-update/bin/../lib/gcc/arm-none-eabi/7.3.1/../../../../arm-none-eabi/lib/thumb/v7e-m/fpv4-sp/hard\libc_nano.a(lib_a-mbtowc_r.o)
 .ARM.attributes
                0x00000848       0x34 c:/program files (x86)/gnu tools arm embedded/7 2018-q2-update/bin/../lib/gcc/arm-none-eabi/7.3.1/../../../../arm-none-eabi/lib/thumb/v7e-m/fpv4-sp/hard\libc_nano.a(lib_a-memcpy-stub.o)
 .ARM.attributes
                0x0000087c       0x34 c:/program files (x86)/gnu tools arm embedded/7 2018-q2-update/bin/../lib/gcc/arm-none-eabi/7.3.1/../../../../arm-none-eabi/lib/thumb/v7e-m/fpv4-sp/hard\libc_nano.a(lib_a-memset.o)
 .ARM.attributes
                0x000008b0       0x34 c:/program files (x86)/gnu tools arm embedded/7 2018-q2-update/bin/../lib/gcc/arm-none-eabi/7.3.1/../../../../arm-none-eabi/lib/thumb/v7e-m/fpv4-sp/hard\libc_nano.a(lib_a-nano-vfprintf_float.o)
 .ARM.attributes
                0x000008e4       0x34 c:/program files (x86)/gnu tools arm embedded/7 2018-q2-update/bin/../lib/gcc/arm-none-eabi/7.3.1/../../../../arm-none-eabi/lib/thumb/v7e-m/fpv4-sp/hard\libc_nano.a(lib_a-nano-vfprintf_i.o)
 .ARM.attributes
                0x00000918       0x34 c:/program files (x86)/gnu tools arm embedded/7 2018-q2-update/bin/../lib/gcc/arm-none-eabi/7.3.1/../../../../arm-none-eabi/lib/thumb/v7e-m/fpv4-sp/hard\libc_nano.a(lib_a-printf.o)
 .ARM.attributes
                0x0000094c       0x34 c:/program files (x86)/gnu tools arm embedded/7 2018-q2-update/bin/../lib/gcc/arm-none-eabi/7.3.1/../../../../arm-none-eabi/lib/thumb/v7e-m/fpv4-sp/hard\libc_nano.a(lib_a-strcpy.o)
 .ARM.attributes
                0x00000980       0x1b c:/program files (x86)/gnu tools arm embedded/7 2018-q2-update/bin/../lib/gcc/arm-none-eabi/7.3.1/../../../../arm-none-eabi/lib/thumb/v7e-m/fpv4-sp/hard\libc_nano.a(lib_a-strlen.o)
 .ARM.attributes
                0x0000099b       0x34 c:/program files (x86)/gnu tools arm embedded/7 2018-q2-update/bin/../lib/gcc/arm-none-eabi/7.3.1/../../../../arm-none-eabi/lib/thumb/v7e-m/fpv4-sp/hard\libc_nano.a(lib_a-wctomb_r.o)
 .ARM.attributes
                0x000009cf       0x34 c:/program files (x86)/gnu tools arm embedded/7 2018-q2-update/bin/../lib/gcc/arm-none-eabi/7.3.1/../../../../arm-none-eabi/lib/thumb/v7e-m/fpv4-sp/hard\libc_nano.a(lib_a-ctype_.o)
 .ARM.attributes
                0x00000a03       0x34 c:/program files (x86)/gnu tools arm embedded/7 2018-q2-update/bin/../lib/gcc/arm-none-eabi/7.3.1/../../../../arm-none-eabi/lib/thumb/v7e-m/fpv4-sp/hard\libc_nano.a(lib_a-dtoa.o)
 .ARM.attributes
                0x00000a37       0x34 c:/program files (x86)/gnu tools arm embedded/7 2018-q2-update/bin/../lib/gcc/arm-none-eabi/7.3.1/../../../../arm-none-eabi/lib/thumb/v7e-m/fpv4-sp/hard\libc_nano.a(lib_a-findfp.o)
 .ARM.attributes
                0x00000a6b       0x34 c:/program files (x86)/gnu tools arm embedded/7 2018-q2-update/bin/../lib/gcc/arm-none-eabi/7.3.1/../../../../arm-none-eabi/lib/thumb/v7e-m/fpv4-sp/hard\libc_nano.a(lib_a-fwalk.o)
 .ARM.attributes
                0x00000a9f       0x34 c:/program files (x86)/gnu tools arm embedded/7 2018-q2-update/bin/../lib/gcc/arm-none-eabi/7.3.1/../../../../arm-none-eabi/lib/thumb/v7e-m/fpv4-sp/hard\libc_nano.a(lib_a-localeconv.o)
 .ARM.attributes
                0x00000ad3       0x34 c:/program files (x86)/gnu tools arm embedded/7 2018-q2-update/bin/../lib/gcc/arm-none-eabi/7.3.1/../../../../arm-none-eabi/lib/thumb/v7e-m/fpv4-sp/hard\libc_nano.a(lib_a-malloc.o)
 .ARM.attributes
                0x00000b07       0x20 c:/program files (x86)/gnu tools arm embedded/7 2018-q2-update/bin/../lib/gcc/arm-none-eabi/7.3.1/../../../../arm-none-eabi/lib/thumb/v7e-m/fpv4-sp/hard\libc_nano.a(lib_a-memchr.o)
 .ARM.attributes
                0x00000b27       0x34 c:/program files (x86)/gnu tools arm embedded/7 2018-q2-update/bin/../lib/gcc/arm-none-eabi/7.3.1/../../../../arm-none-eabi/lib/thumb/v7e-m/fpv4-sp/hard\libc_nano.a(lib_a-mprec.o)
 .ARM.attributes
                0x00000b5b       0x34 c:/program files (x86)/gnu tools arm embedded/7 2018-q2-update/bin/../lib/gcc/arm-none-eabi/7.3.1/../../../../arm-none-eabi/lib/thumb/v7e-m/fpv4-sp/hard\libc_nano.a(lib_a-nano-callocr.o)
 .ARM.attributes
                0x00000b8f       0x34 c:/program files (x86)/gnu tools arm embedded/7 2018-q2-update/bin/../lib/gcc/arm-none-eabi/7.3.1/../../../../arm-none-eabi/lib/thumb/v7e-m/fpv4-sp/hard\libc_nano.a(lib_a-nano-freer.o)
 .ARM.attributes
                0x00000bc3       0x34 c:/program files (x86)/gnu tools arm embedded/7 2018-q2-update/bin/../lib/gcc/arm-none-eabi/7.3.1/../../../../arm-none-eabi/lib/thumb/v7e-m/fpv4-sp/hard\libc_nano.a(lib_a-nano-mallocr.o)
 .ARM.attributes
                0x00000bf7       0x34 c:/program files (x86)/gnu tools arm embedded/7 2018-q2-update/bin/../lib/gcc/arm-none-eabi/7.3.1/../../../../arm-none-eabi/lib/thumb/v7e-m/fpv4-sp/hard\libc_nano.a(lib_a-nano-vfprintf.o)
 .ARM.attributes
                0x00000c2b       0x34 c:/program files (x86)/gnu tools arm embedded/7 2018-q2-update/bin/../lib/gcc/arm-none-eabi/7.3.1/../../../../arm-none-eabi/lib/thumb/v7e-m/fpv4-sp/hard\libc_nano.a(lib_a-sbrkr.o)
 .ARM.attributes
                0x00000c5f       0x34 c:/program files (x86)/gnu tools arm embedded/7 2018-q2-update/bin/../lib/gcc/arm-none-eabi/7.3.1/../../../../arm-none-eabi/lib/thumb/v7e-m/fpv4-sp/hard\libc_nano.a(lib_a-stdio.o)
 .ARM.attributes
                0x00000c93       0x34 c:/program files (x86)/gnu tools arm embedded/7 2018-q2-update/bin/../lib/gcc/arm-none-eabi/7.3.1/../../../../arm-none-eabi/lib/thumb/v7e-m/fpv4-sp/hard\libc_nano.a(lib_a-wbuf.o)
 .ARM.attributes
                0x00000cc7       0x34 c:/program files (x86)/gnu tools arm embedded/7 2018-q2-update/bin/../lib/gcc/arm-none-eabi/7.3.1/../../../../arm-none-eabi/lib/thumb/v7e-m/fpv4-sp/hard\libc_nano.a(lib_a-writer.o)
 .ARM.attributes
                0x00000cfb       0x34 c:/program files (x86)/gnu tools arm embedded/7 2018-q2-update/bin/../lib/gcc/arm-none-eabi/7.3.1/../../../../arm-none-eabi/lib/thumb/v7e-m/fpv4-sp/hard\libc_nano.a(lib_a-wsetup.o)
 .ARM.attributes
                0x00000d2f       0x34 c:/program files (x86)/gnu tools arm embedded/7 2018-q2-update/bin/../lib/gcc/arm-none-eabi/7.3.1/../../../../arm-none-eabi/lib/thumb/v7e-m/fpv4-sp/hard\libc_nano.a(lib_a-closer.o)
 .ARM.attributes
                0x00000d63       0x34 c:/program files (x86)/gnu tools arm embedded/7 2018-q2-update/bin/../lib/gcc/arm-none-eabi/7.3.1/../../../../arm-none-eabi/lib/thumb/v7e-m/fpv4-sp/hard\libc_nano.a(lib_a-fflush.o)
 .ARM.attributes
                0x00000d97       0x34 c:/program files (x86)/gnu tools arm embedded/7 2018-q2-update/bin/../lib/gcc/arm-none-eabi/7.3.1/../../../../arm-none-eabi/lib/thumb/v7e-m/fpv4-sp/hard\libc_nano.a(lib_a-lseekr.o)
 .ARM.attributes
                0x00000dcb       0x34 c:/program files (x86)/gnu tools arm embedded/7 2018-q2-update/bin/../lib/gcc/arm-none-eabi/7.3.1/../../../../arm-none-eabi/lib/thumb/v7e-m/fpv4-sp/hard\libc_nano.a(lib_a-makebuf.o)
 .ARM.attributes
                0x00000dff       0x34 c:/program files (x86)/gnu tools arm embedded/7 2018-q2-update/bin/../lib/gcc/arm-none-eabi/7.3.1/../../../../arm-none-eabi/lib/thumb/v7e-m/fpv4-sp/hard\libc_nano.a(lib_a-mlock.o)
 .ARM.attributes
                0x00000e33       0x34 c:/program files (x86)/gnu tools arm embedded/7 2018-q2-update/bin/../lib/gcc/arm-none-eabi/7.3.1/../../../../arm-none-eabi/lib/thumb/v7e-m/fpv4-sp/hard\libc_nano.a(lib_a-readr.o)
 .ARM.attributes
                0x00000e67       0x34 c:/program files (x86)/gnu tools arm embedded/7 2018-q2-update/bin/../lib/gcc/arm-none-eabi/7.3.1/../../../../arm-none-eabi/lib/thumb/v7e-m/fpv4-sp/hard\libc_nano.a(lib_a-reent.o)
 .ARM.attributes
                0x00000e9b       0x34 c:/program files (x86)/gnu tools arm embedded/7 2018-q2-update/bin/../lib/gcc/arm-none-eabi/7.3.1/../../../../arm-none-eabi/lib/thumb/v7e-m/fpv4-sp/hard\libc_nano.a(lib_a-fstatr.o)
 .ARM.attributes
                0x00000ecf       0x34 c:/program files (x86)/gnu tools arm embedded/7 2018-q2-update/bin/../lib/gcc/arm-none-eabi/7.3.1/../../../../arm-none-eabi/lib/thumb/v7e-m/fpv4-sp/hard\libc_nano.a(lib_a-isattyr.o)
 .ARM.attributes
                0x00000f03       0x34 c:/program files (x86)/gnu tools arm embedded/7 2018-q2-update/bin/../lib/gcc/arm-none-eabi/7.3.1/../../../../arm-none-eabi/lib/thumb/v7e-m/fpv4-sp/hard\libnosys.a(close.o)
 .ARM.attributes
                0x00000f37       0x34 c:/program files (x86)/gnu tools arm embedded/7 2018-q2-update/bin/../lib/gcc/arm-none-eabi/7.3.1/../../../../arm-none-eabi/lib/thumb/v7e-m/fpv4-sp/hard\libnosys.a(fstat.o)
 .ARM.attributes
                0x00000f6b       0x34 c:/program files (x86)/gnu tools arm embedded/7 2018-q2-update/bin/../lib/gcc/arm-none-eabi/7.3.1/../../../../arm-none-eabi/lib/thumb/v7e-m/fpv4-sp/hard\libnosys.a(isatty.o)
 .ARM.attributes
                0x00000f9f       0x34 c:/program files (x86)/gnu tools arm embedded/7 2018-q2-update/bin/../lib/gcc/arm-none-eabi/7.3.1/../../../../arm-none-eabi/lib/thumb/v7e-m/fpv4-sp/hard\libnosys.a(lseek.o)
 .ARM.attributes
                0x00000fd3       0x34 c:/program files (x86)/gnu tools arm embedded/7 2018-q2-update/bin/../lib/gcc/arm-none-eabi/7.3.1/../../../../arm-none-eabi/lib/thumb/v7e-m/fpv4-sp/hard\libnosys.a(sbrk.o)
 .ARM.attributes
                0x00001007       0x34 c:/program files (x86)/gnu tools arm embedded/7 2018-q2-update/bin/../lib/gcc/arm-none-eabi/7.3.1/../../../../arm-none-eabi/lib/thumb/v7e-m/fpv4-sp/hard\libnosys.a(_exit.o)
 .ARM.attributes
                0x0000103b       0x22 c:/program files (x86)/gnu tools arm embedded/7 2018-q2-update/bin/../lib/gcc/arm-none-eabi/7.3.1/thumb/v7e-m/fpv4-sp/hard\libgcc.a(_arm_addsubdf3.o)
 .ARM.attributes
                0x0000105d       0x22 c:/program files (x86)/gnu tools arm embedded/7 2018-q2-update/bin/../lib/gcc/arm-none-eabi/7.3.1/thumb/v7e-m/fpv4-sp/hard\libgcc.a(_arm_muldivdf3.o)
 .ARM.attributes
                0x0000107f       0x22 c:/program files (x86)/gnu tools arm embedded/7 2018-q2-update/bin/../lib/gcc/arm-none-eabi/7.3.1/thumb/v7e-m/fpv4-sp/hard\libgcc.a(_arm_cmpdf2.o)
 .ARM.attributes
                0x000010a1       0x22 c:/program files (x86)/gnu tools arm embedded/7 2018-q2-update/bin/../lib/gcc/arm-none-eabi/7.3.1/thumb/v7e-m/fpv4-sp/hard\libgcc.a(_arm_unorddf2.o)
 .ARM.attributes
                0x000010c3       0x22 c:/program files (x86)/gnu tools arm embedded/7 2018-q2-update/bin/../lib/gcc/arm-none-eabi/7.3.1/thumb/v7e-m/fpv4-sp/hard\libgcc.a(_arm_fixdfsi.o)
 .ARM.attributes
                0x000010e5       0x34 c:/program files (x86)/gnu tools arm embedded/7 2018-q2-update/bin/../lib/gcc/arm-none-eabi/7.3.1/thumb/v7e-m/fpv4-sp/hard/crtend.o
 .ARM.attributes
                0x00001119       0x22 c:/program files (x86)/gnu tools arm embedded/7 2018-q2-update/bin/../lib/gcc/arm-none-eabi/7.3.1/thumb/v7e-m/fpv4-sp/hard/crtn.o

.comment        0x00000000       0x7f
 .comment       0x00000000       0x7f _build/nrf52832_xxaa/nrf_log_backend_rtt.c.o
                                 0x80 (size before relaxing)
 .comment       0x0000007f       0x80 _build/nrf52832_xxaa/nrf_log_backend_serial.c.o
 .comment       0x0000007f       0x80 _build/nrf52832_xxaa/nrf_log_backend_uart.c.o
 .comment       0x0000007f       0x80 _build/nrf52832_xxaa/nrf_log_default_backends.c.o
 .comment       0x0000007f       0x80 _build/nrf52832_xxaa/nrf_log_frontend.c.o
 .comment       0x0000007f       0x80 _build/nrf52832_xxaa/nrf_log_str_formatter.c.o
 .comment       0x0000007f       0x80 _build/nrf52832_xxaa/app_error.c.o
 .comment       0x0000007f       0x80 _build/nrf52832_xxaa/app_error_weak.c.o
 .comment       0x0000007f       0x80 _build/nrf52832_xxaa/app_fifo.c.o
 .comment       0x0000007f       0x80 _build/nrf52832_xxaa/app_uart_fifo.c.o
 .comment       0x0000007f       0x80 _build/nrf52832_xxaa/app_util_platform.c.o
 .comment       0x0000007f       0x80 _build/nrf52832_xxaa/nrf_atomic.c.o
 .comment       0x0000007f       0x80 _build/nrf52832_xxaa/nrf_balloc.c.o
 .comment       0x0000007f       0x80 _build/nrf52832_xxaa/nrf_fprintf.c.o
 .comment       0x0000007f       0x80 _build/nrf52832_xxaa/nrf_fprintf_format.c.o
 .comment       0x0000007f       0x80 _build/nrf52832_xxaa/nrf_memobj.c.o
 .comment       0x0000007f       0x80 _build/nrf52832_xxaa/nrf_pwr_mgmt.c.o
 .comment       0x0000007f       0x80 _build/nrf52832_xxaa/nrf_ringbuf.c.o
 .comment       0x0000007f       0x80 _build/nrf52832_xxaa/retarget.c.o
 .comment       0x0000007f       0x80 _build/nrf52832_xxaa/nrf_drv_uart.c.o
 .comment       0x0000007f       0x80 _build/nrf52832_xxaa/nrfx_prs.c.o
 .comment       0x0000007f       0x80 _build/nrf52832_xxaa/nrfx_uart.c.o
 .comment       0x0000007f       0x80 _build/nrf52832_xxaa/nrfx_uarte.c.o
 .comment       0x0000007f       0x80 _build/nrf52832_xxaa/nrfx_saadc.c.o
 .comment       0x0000007f       0x80 _build/nrf52832_xxaa/main.c.o
 .comment       0x0000007f       0x80 _build/nrf52832_xxaa/system_nrf52.c.o
 .comment       0x0000007f       0x80 _build/nrf52832_xxaa/nrfx_pwm.c.o
 .comment       0x0000007f       0x80 _build/nrf52832_xxaa/drv8801.c.o
 .comment       0x0000007f       0x80 _build/nrf52832_xxaa/mpos.c.o
 .comment       0x0000007f       0x80 _build/nrf52832_xxaa/SEGGER_RTT.c.o

.debug_line     0x00000000    0x1160a
 .debug_line    0x00000000       0x80 _build/nrf52832_xxaa/gcc_startup_nrf52.S.o
 .debug_line    0x00000080      0x9c4 _build/nrf52832_xxaa/nrf_log_backend_rtt.c.o
 .debug_line    0x00000a44      0x7b8 _build/nrf52832_xxaa/nrf_log_backend_serial.c.o
 .debug_line    0x000011fc      0x9f8 _build/nrf52832_xxaa/nrf_log_backend_uart.c.o
 .debug_line    0x00001bf4      0x761 _build/nrf52832_xxaa/nrf_log_default_backends.c.o
 .debug_line    0x00002355      0xe49 _build/nrf52832_xxaa/nrf_log_frontend.c.o
 .debug_line    0x0000319e      0x812 _build/nrf52832_xxaa/nrf_log_str_formatter.c.o
 .debug_line    0x000039b0      0x4eb _build/nrf52832_xxaa/app_error.c.o
 .debug_line    0x00003e9b      0x78b _build/nrf52832_xxaa/app_error_weak.c.o
 .debug_line    0x00004626      0x65f _build/nrf52832_xxaa/app_fifo.c.o
 .debug_line    0x00004c85      0x958 _build/nrf52832_xxaa/app_uart_fifo.c.o
 .debug_line    0x000055dd      0x58a _build/nrf52832_xxaa/app_util_platform.c.o
 .debug_line    0x00005b67      0x696 _build/nrf52832_xxaa/nrf_atomic.c.o
 .debug_line    0x000061fd      0x707 _build/nrf52832_xxaa/nrf_balloc.c.o
 .debug_line    0x00006904      0x52f _build/nrf52832_xxaa/nrf_fprintf.c.o
 .debug_line    0x00006e33      0x72c _build/nrf52832_xxaa/nrf_fprintf_format.c.o
 .debug_line    0x0000755f      0x7eb _build/nrf52832_xxaa/nrf_memobj.c.o
 .debug_line    0x00007d4a      0xac9 _build/nrf52832_xxaa/nrf_pwr_mgmt.c.o
 .debug_line    0x00008813      0x6bc _build/nrf52832_xxaa/nrf_ringbuf.c.o
 .debug_line    0x00008ecf      0x58e _build/nrf52832_xxaa/retarget.c.o
 .debug_line    0x0000945d      0x76e _build/nrf52832_xxaa/nrf_drv_uart.c.o
 .debug_line    0x00009bcb      0x858 _build/nrf52832_xxaa/nrfx_prs.c.o
 .debug_line    0x0000a423      0xf31 _build/nrf52832_xxaa/nrfx_uart.c.o
 .debug_line    0x0000b354      0xe71 _build/nrf52832_xxaa/nrfx_uarte.c.o
 .debug_line    0x0000c1c5     0x1203 _build/nrf52832_xxaa/nrfx_saadc.c.o
 .debug_line    0x0000d3c8      0xae6 _build/nrf52832_xxaa/main.c.o
 .debug_line    0x0000deae      0x493 _build/nrf52832_xxaa/system_nrf52.c.o
 .debug_line    0x0000e341      0xfc5 _build/nrf52832_xxaa/nrfx_pwm.c.o
 .debug_line    0x0000f306      0x7f0 _build/nrf52832_xxaa/drv8801.c.o
 .debug_line    0x0000faf6      0xa34 _build/nrf52832_xxaa/mpos.c.o
 .debug_line    0x0001052a     0x10e0 _build/nrf52832_xxaa/SEGGER_RTT.c.o

.debug_info     0x00000000    0x2dfb0
 .debug_info    0x00000000       0x26 _build/nrf52832_xxaa/gcc_startup_nrf52.S.o
 .debug_info    0x00000026     0x1017 _build/nrf52832_xxaa/nrf_log_backend_rtt.c.o
 .debug_info    0x0000103d     0x10d4 _build/nrf52832_xxaa/nrf_log_backend_serial.c.o
 .debug_info    0x00002111     0x1a7a _build/nrf52832_xxaa/nrf_log_backend_uart.c.o
 .debug_info    0x00003b8b      0xcef _build/nrf52832_xxaa/nrf_log_default_backends.c.o
 .debug_info    0x0000487a     0x3848 _build/nrf52832_xxaa/nrf_log_frontend.c.o
 .debug_info    0x000080c2     0x132b _build/nrf52832_xxaa/nrf_log_str_formatter.c.o
 .debug_info    0x000093ed      0xaeb _build/nrf52832_xxaa/app_error.c.o
 .debug_info    0x00009ed8      0xecd _build/nrf52832_xxaa/app_error_weak.c.o
 .debug_info    0x0000ada5      0xe3e _build/nrf52832_xxaa/app_fifo.c.o
 .debug_info    0x0000bbe3     0x1f13 _build/nrf52832_xxaa/app_uart_fifo.c.o
 .debug_info    0x0000daf6      0xfa6 _build/nrf52832_xxaa/app_util_platform.c.o
 .debug_info    0x0000ea9c     0x122a _build/nrf52832_xxaa/nrf_atomic.c.o
 .debug_info    0x0000fcc6      0xd20 _build/nrf52832_xxaa/nrf_balloc.c.o
 .debug_info    0x000109e6      0xaa8 _build/nrf52832_xxaa/nrf_fprintf.c.o
 .debug_info    0x0001148e     0x11eb _build/nrf52832_xxaa/nrf_fprintf_format.c.o
 .debug_info    0x00012679     0x1320 _build/nrf52832_xxaa/nrf_memobj.c.o
 .debug_info    0x00013999     0x1af6 _build/nrf52832_xxaa/nrf_pwr_mgmt.c.o
 .debug_info    0x0001548f      0xdee _build/nrf52832_xxaa/nrf_ringbuf.c.o
 .debug_info    0x0001627d      0x9ed _build/nrf52832_xxaa/retarget.c.o
 .debug_info    0x00016c6a     0x18e8 _build/nrf52832_xxaa/nrf_drv_uart.c.o
 .debug_info    0x00018552     0x107f _build/nrf52832_xxaa/nrfx_prs.c.o
 .debug_info    0x000195d1     0x3825 _build/nrf52832_xxaa/nrfx_uart.c.o
 .debug_info    0x0001cdf6     0x352c _build/nrf52832_xxaa/nrfx_uarte.c.o
 .debug_info    0x00020322     0x2d6b _build/nrf52832_xxaa/nrfx_saadc.c.o
 .debug_info    0x0002308d      0xf82 _build/nrf52832_xxaa/main.c.o
 .debug_info    0x0002400f     0x1139 _build/nrf52832_xxaa/system_nrf52.c.o
 .debug_info    0x00025148     0x326a _build/nrf52832_xxaa/nrfx_pwm.c.o
 .debug_info    0x000283b2     0x168d _build/nrf52832_xxaa/drv8801.c.o
 .debug_info    0x00029a3f     0x1391 _build/nrf52832_xxaa/mpos.c.o
 .debug_info    0x0002add0     0x31e0 _build/nrf52832_xxaa/SEGGER_RTT.c.o

.debug_abbrev   0x00000000     0x627b
 .debug_abbrev  0x00000000       0x14 _build/nrf52832_xxaa/gcc_startup_nrf52.S.o
 .debug_abbrev  0x00000014      0x323 _build/nrf52832_xxaa/nrf_log_backend_rtt.c.o
 .debug_abbrev  0x00000337      0x27f _build/nrf52832_xxaa/nrf_log_backend_serial.c.o
 .debug_abbrev  0x000005b6      0x3ca _build/nrf52832_xxaa/nrf_log_backend_uart.c.o
 .debug_abbrev  0x00000980      0x26c _build/nrf52832_xxaa/nrf_log_default_backends.c.o
 .debug_abbrev  0x00000bec      0x598 _build/nrf52832_xxaa/nrf_log_frontend.c.o
 .debug_abbrev  0x00001184      0x2ba _build/nrf52832_xxaa/nrf_log_str_formatter.c.o
 .debug_abbrev  0x0000143e      0x235 _build/nrf52832_xxaa/app_error.c.o
 .debug_abbrev  0x00001673      0x298 _build/nrf52832_xxaa/app_error_weak.c.o
 .debug_abbrev  0x0000190b      0x28d _build/nrf52832_xxaa/app_fifo.c.o
 .debug_abbrev  0x00001b98      0x3c8 _build/nrf52832_xxaa/app_uart_fifo.c.o
 .debug_abbrev  0x00001f60      0x326 _build/nrf52832_xxaa/app_util_platform.c.o
 .debug_abbrev  0x00002286      0x31f _build/nrf52832_xxaa/nrf_atomic.c.o
 .debug_abbrev  0x000025a5      0x2f1 _build/nrf52832_xxaa/nrf_balloc.c.o
 .debug_abbrev  0x00002896      0x239 _build/nrf52832_xxaa/nrf_fprintf.c.o
 .debug_abbrev  0x00002acf      0x352 _build/nrf52832_xxaa/nrf_fprintf_format.c.o
 .debug_abbrev  0x00002e21      0x350 _build/nrf52832_xxaa/nrf_memobj.c.o
 .debug_abbrev  0x00003171      0x40b _build/nrf52832_xxaa/nrf_pwr_mgmt.c.o
 .debug_abbrev  0x0000357c      0x265 _build/nrf52832_xxaa/nrf_ringbuf.c.o
 .debug_abbrev  0x000037e1      0x215 _build/nrf52832_xxaa/retarget.c.o
 .debug_abbrev  0x000039f6      0x298 _build/nrf52832_xxaa/nrf_drv_uart.c.o
 .debug_abbrev  0x00003c8e      0x305 _build/nrf52832_xxaa/nrfx_prs.c.o
 .debug_abbrev  0x00003f93      0x4fe _build/nrf52832_xxaa/nrfx_uart.c.o
 .debug_abbrev  0x00004491      0x4f5 _build/nrf52832_xxaa/nrfx_uarte.c.o
 .debug_abbrev  0x00004986      0x56d _build/nrf52832_xxaa/nrfx_saadc.c.o
 .debug_abbrev  0x00004ef3      0x302 _build/nrf52832_xxaa/main.c.o
 .debug_abbrev  0x000051f5      0x1e2 _build/nrf52832_xxaa/system_nrf52.c.o
 .debug_abbrev  0x000053d7      0x4e6 _build/nrf52832_xxaa/nrfx_pwm.c.o
 .debug_abbrev  0x000058bd      0x327 _build/nrf52832_xxaa/drv8801.c.o
 .debug_abbrev  0x00005be4      0x311 _build/nrf52832_xxaa/mpos.c.o
 .debug_abbrev  0x00005ef5      0x386 _build/nrf52832_xxaa/SEGGER_RTT.c.o

.debug_aranges  0x00000000      0x900
 .debug_aranges
                0x00000000       0x20 _build/nrf52832_xxaa/gcc_startup_nrf52.S.o
 .debug_aranges
                0x00000020       0x38 _build/nrf52832_xxaa/nrf_log_backend_rtt.c.o
 .debug_aranges
                0x00000058       0x20 _build/nrf52832_xxaa/nrf_log_backend_serial.c.o
 .debug_aranges
                0x00000078       0x48 _build/nrf52832_xxaa/nrf_log_backend_uart.c.o
 .debug_aranges
                0x000000c0       0x20 _build/nrf52832_xxaa/nrf_log_default_backends.c.o
 .debug_aranges
                0x000000e0       0xc8 _build/nrf52832_xxaa/nrf_log_frontend.c.o
 .debug_aranges
                0x000001a8       0x30 _build/nrf52832_xxaa/nrf_log_str_formatter.c.o
 .debug_aranges
                0x000001d8       0x28 _build/nrf52832_xxaa/app_error.c.o
 .debug_aranges
                0x00000200       0x20 _build/nrf52832_xxaa/app_error_weak.c.o
 .debug_aranges
                0x00000220       0x50 _build/nrf52832_xxaa/app_fifo.c.o
 .debug_aranges
                0x00000270       0x48 _build/nrf52832_xxaa/app_uart_fifo.c.o
 .debug_aranges
                0x000002b8       0x48 _build/nrf52832_xxaa/app_util_platform.c.o
 .debug_aranges
                0x00000300       0xb0 _build/nrf52832_xxaa/nrf_atomic.c.o
 .debug_aranges
                0x000003b0       0x30 _build/nrf52832_xxaa/nrf_balloc.c.o
 .debug_aranges
                0x000003e0       0x28 _build/nrf52832_xxaa/nrf_fprintf.c.o
 .debug_aranges
                0x00000408       0x28 _build/nrf52832_xxaa/nrf_fprintf_format.c.o
 .debug_aranges
                0x00000430       0x50 _build/nrf52832_xxaa/nrf_memobj.c.o
 .debug_aranges
                0x00000480       0x38 _build/nrf52832_xxaa/nrf_pwr_mgmt.c.o
 .debug_aranges
                0x000004b8       0x50 _build/nrf52832_xxaa/nrf_ringbuf.c.o
 .debug_aranges
                0x00000508       0x28 _build/nrf52832_xxaa/retarget.c.o
 .debug_aranges
                0x00000530       0x30 _build/nrf52832_xxaa/nrf_drv_uart.c.o
 .debug_aranges
                0x00000560       0x30 _build/nrf52832_xxaa/nrfx_prs.c.o
 .debug_aranges
                0x00000590       0x78 _build/nrf52832_xxaa/nrfx_uart.c.o
 .debug_aranges
                0x00000608       0x68 _build/nrf52832_xxaa/nrfx_uarte.c.o
 .debug_aranges
                0x00000670       0x80 _build/nrf52832_xxaa/nrfx_saadc.c.o
 .debug_aranges
                0x000006f0       0x28 _build/nrf52832_xxaa/main.c.o
 .debug_aranges
                0x00000718       0x28 _build/nrf52832_xxaa/system_nrf52.c.o
 .debug_aranges