<html>
<body>
<pre>
<h1>µVision Build Log</h1>
<h2>Tool Versions:</h2>
IDE-Version: µVision V5.26.2.0
Copyright (C) 2018 ARM Ltd and ARM Germany GmbH. All rights reserved.
License Information: 1 2, 3, LIC=32B12-9HBYT-56CQ2-9EJ4C-1NV02-FCALQ
 
Tool Versions:
Toolchain:       MDK-ARM Plus  Version: 5.26.2.0
Toolchain Path:  C:\Keil_v5\ARM\ARMCC\Bin
C Compiler:      Armcc.exe V5.06 update 6 (build 750)
Assembler:       Armasm.exe V5.06 update 6 (build 750)
Linker/Locator:  ArmLink.exe V5.06 update 6 (build 750)
Library Manager: ArmAr.exe V5.06 update 6 (build 750)
Hex Converter:   FromElf.exe V5.06 update 6 (build 750)
CPU DLL:         
Dialog DLL:      
Target DLL:      Segger\JL2CM3.dll V2.99.31.0
Dialog DLL:      TCM.DLL V1.36.1.0
 
<h2>Project:</h2>
C:\Users\Keith\Documents\nRF5_SDK_15.2.0_9412b96\examples\peripheral\pwm_library\pca10040\blank\arm5_no_packs\pwm_library_pca10040.uvprojx
Project File Date:  11/04/2018

<h2>Output:</h2>
*** Using Compiler 'V5.06 update 6 (build 750)', folder: 'C:\Keil_v5\ARM\ARMCC\Bin'
Rebuild target 'nrf52832_xxaa'
compiling nrf_assert.c...
compiling app_error.c...
compiling nrf_soc.c...
compiling app_util_platform.c...
compiling nrf_nvic.c...
compiling app_error_handler_keil.c...
compiling nrf_atomic.c...
compiling app_error_weak.c...
compiling nrf_drv_ppi.c...
compiling boards.c...
compiling nrfx_timer.c...
compiling main.c...
compiling nrfx_ppi.c...
assembling arm_startup_nrf52.s...
compiling nrfx_gpiote.c...
compiling app_pwm.c...
compiling nrf_fprintf.c...
compiling nrf_balloc.c...
compiling nrf_fprintf_format.c...
compiling nrf_strerror.c...
compiling nrf_log_frontend.c...
compiling system_nrf52.c...
compiling nrf_memobj.c...
compiling nrf_ringbuf.c...
compiling nrf_log_str_formatter.c...
linking...
Program Size: Code=4872 RO-data=604 RW-data=28 ZI-data=8380  
FromELF: creating hex file...
".\_build\nrf52832_xxaa.axf" - 0 Error(s), 0 Warning(s).

<h2>Software Packages used:</h2>

Package Vendor: ARM
                http://www.keil.com/pack/ARM.CMSIS.4.5.0.pack
                ARM.CMSIS.4.5.0
                CMSIS (Cortex Microcontroller Software Interface Standard)
   * Component: CORE Version: 4.3.0

Package Vendor: NordicSemiconductor
                http://developer.nordicsemi.com/nRF5_SDK/pieces/nRF_DeviceFamilyPack/NordicSemiconductor.nRF_DeviceFamilyPack.8.17.0.pack
                NordicSemiconductor.nRF_DeviceFamilyPack.8.17.0
                Nordic Semiconductor nRF ARM devices Device Family Pack.
   * Component: Startup Version: 8.17.0

<h2>Collection of Component include folders:</h2>
  .\RTE\_nrf52832_xxaa
  C:\Keil_v5\ARM\PACK\ARM\CMSIS\4.5.0\CMSIS\Include
  C:\Keil_v5\ARM\PACK\NordicSemiconductor\nRF_DeviceFamilyPack\8.17.0\Device\Include

<h2>Collection of Component Files used:</h2>

   * Component: ARM::CMSIS:CORE:4.3.0

   * Component: NordicSemiconductor::Device:Startup:8.17.0
      Source file:   Device\Source\system_nrf52.c
      Include file:  Device\Include\system_nrf52.h
      Source file:   Device\Source\arm\arm_startup_nrf52.s
Build Time Elapsed:  00:00:02
</pre>
</body>
</html>
