Archive member included to satisfy reference by file (symbol)

c:/program files (x86)/gnu tools arm embedded/7 2018-q2-update/bin/../lib/gcc/arm-none-eabi/7.3.1/../../../../arm-none-eabi/lib/thumb/v7e-m/fpv4-sp/hard\libc_nano.a(lib_a-exit.o)
                              c:/program files (x86)/gnu tools arm embedded/7 2018-q2-update/bin/../lib/gcc/arm-none-eabi/7.3.1/../../../../arm-none-eabi/lib/thumb/v7e-m/fpv4-sp/hard/crt0.o (exit)
c:/program files (x86)/gnu tools arm embedded/7 2018-q2-update/bin/../lib/gcc/arm-none-eabi/7.3.1/../../../../arm-none-eabi/lib/thumb/v7e-m/fpv4-sp/hard\libc_nano.a(lib_a-impure.o)
                              c:/program files (x86)/gnu tools arm embedded/7 2018-q2-update/bin/../lib/gcc/arm-none-eabi/7.3.1/../../../../arm-none-eabi/lib/thumb/v7e-m/fpv4-sp/hard\libc_nano.a(lib_a-exit.o) (_global_impure_ptr)
c:/program files (x86)/gnu tools arm embedded/7 2018-q2-update/bin/../lib/gcc/arm-none-eabi/7.3.1/../../../../arm-none-eabi/lib/thumb/v7e-m/fpv4-sp/hard\libc_nano.a(lib_a-init.o)
                              c:/program files (x86)/gnu tools arm embedded/7 2018-q2-update/bin/../lib/gcc/arm-none-eabi/7.3.1/../../../../arm-none-eabi/lib/thumb/v7e-m/fpv4-sp/hard/crt0.o (__libc_init_array)
c:/program files (x86)/gnu tools arm embedded/7 2018-q2-update/bin/../lib/gcc/arm-none-eabi/7.3.1/../../../../arm-none-eabi/lib/thumb/v7e-m/fpv4-sp/hard\libc_nano.a(lib_a-locale.o)
                              _build/nrf52832_xxaa/nrf_log_str_formatter.c.o (__locale_ctype_ptr)
c:/program files (x86)/gnu tools arm embedded/7 2018-q2-update/bin/../lib/gcc/arm-none-eabi/7.3.1/../../../../arm-none-eabi/lib/thumb/v7e-m/fpv4-sp/hard\libc_nano.a(lib_a-mbtowc_r.o)
                              c:/program files (x86)/gnu tools arm embedded/7 2018-q2-update/bin/../lib/gcc/arm-none-eabi/7.3.1/../../../../arm-none-eabi/lib/thumb/v7e-m/fpv4-sp/hard\libc_nano.a(lib_a-locale.o) (__ascii_mbtowc)
c:/program files (x86)/gnu tools arm embedded/7 2018-q2-update/bin/../lib/gcc/arm-none-eabi/7.3.1/../../../../arm-none-eabi/lib/thumb/v7e-m/fpv4-sp/hard\libc_nano.a(lib_a-memcpy-stub.o)
                              _build/nrf52832_xxaa/nrf_log_frontend.c.o (memcpy)
c:/program files (x86)/gnu tools arm embedded/7 2018-q2-update/bin/../lib/gcc/arm-none-eabi/7.3.1/../../../../arm-none-eabi/lib/thumb/v7e-m/fpv4-sp/hard\libc_nano.a(lib_a-memset.o)
                              c:/program files (x86)/gnu tools arm embedded/7 2018-q2-update/bin/../lib/gcc/arm-none-eabi/7.3.1/../../../../arm-none-eabi/lib/thumb/v7e-m/fpv4-sp/hard/crt0.o (memset)
c:/program files (x86)/gnu tools arm embedded/7 2018-q2-update/bin/../lib/gcc/arm-none-eabi/7.3.1/../../../../arm-none-eabi/lib/thumb/v7e-m/fpv4-sp/hard\libc_nano.a(lib_a-strcmp.o)
                              c:/program files (x86)/gnu tools arm embedded/7 2018-q2-update/bin/../lib/gcc/arm-none-eabi/7.3.1/../../../../arm-none-eabi/lib/thumb/v7e-m/fpv4-sp/hard\libc_nano.a(lib_a-locale.o) (strcmp)
c:/program files (x86)/gnu tools arm embedded/7 2018-q2-update/bin/../lib/gcc/arm-none-eabi/7.3.1/../../../../arm-none-eabi/lib/thumb/v7e-m/fpv4-sp/hard\libc_nano.a(lib_a-strcpy.o)
                              _build/nrf52832_xxaa/SEGGER_RTT.c.o (strcpy)
c:/program files (x86)/gnu tools arm embedded/7 2018-q2-update/bin/../lib/gcc/arm-none-eabi/7.3.1/../../../../arm-none-eabi/lib/thumb/v7e-m/fpv4-sp/hard\libc_nano.a(lib_a-strlen.o)
                              _build/nrf52832_xxaa/nrf_log_frontend.c.o (strlen)
c:/program files (x86)/gnu tools arm embedded/7 2018-q2-update/bin/../lib/gcc/arm-none-eabi/7.3.1/../../../../arm-none-eabi/lib/thumb/v7e-m/fpv4-sp/hard\libc_nano.a(lib_a-wctomb_r.o)
                              c:/program files (x86)/gnu tools arm embedded/7 2018-q2-update/bin/../lib/gcc/arm-none-eabi/7.3.1/../../../../arm-none-eabi/lib/thumb/v7e-m/fpv4-sp/hard\libc_nano.a(lib_a-locale.o) (__ascii_wctomb)
c:/program files (x86)/gnu tools arm embedded/7 2018-q2-update/bin/../lib/gcc/arm-none-eabi/7.3.1/../../../../arm-none-eabi/lib/thumb/v7e-m/fpv4-sp/hard\libc_nano.a(lib_a-ctype_.o)
                              c:/program files (x86)/gnu tools arm embedded/7 2018-q2-update/bin/../lib/gcc/arm-none-eabi/7.3.1/../../../../arm-none-eabi/lib/thumb/v7e-m/fpv4-sp/hard\libc_nano.a(lib_a-locale.o) (_ctype_)
c:/program files (x86)/gnu tools arm embedded/7 2018-q2-update/bin/../lib/gcc/arm-none-eabi/7.3.1/../../../../arm-none-eabi/lib/thumb/v7e-m/fpv4-sp/hard\libnosys.a(_exit.o)
                              c:/program files (x86)/gnu tools arm embedded/7 2018-q2-update/bin/../lib/gcc/arm-none-eabi/7.3.1/../../../../arm-none-eabi/lib/thumb/v7e-m/fpv4-sp/hard\libc_nano.a(lib_a-exit.o) (_exit)

Allocating common symbols
Common symbol       size              file

nrf_drv_uart_use_easy_dma
                    0x1               _build/nrf52832_xxaa/nrf_drv_uart.c.o
_SEGGER_RTT         0x78              _build/nrf52832_xxaa/SEGGER_RTT.c.o

Discarded input sections

[...]
Memory Configuration

Name             Origin             Length             Attributes
FLASH            0x00000000         0x00080000         xr
RAM              0x20000000         0x00010000         xrw
*default*        0x00000000         0xffffffff

Linker script and memory map


.text           0x00000000     0x34b0
 *(.isr_vector)
 .isr_vector    0x00000000      0x200 _build/nrf52832_xxaa/gcc_startup_nrf52.S.o
                0x00000000                __isr_vector
 *(.text*)
 .text          0x00000200       0x40 c:/program files (x86)/gnu tools arm embedded/7 2018-q2-update/bin/../lib/gcc/arm-none-eabi/7.3.1/thumb/v7e-m/fpv4-sp/hard/crtbegin.o
 .text          0x00000240       0x74 c:/program files (x86)/gnu tools arm embedded/7 2018-q2-update/bin/../lib/gcc/arm-none-eabi/7.3.1/../../../../arm-none-eabi/lib/thumb/v7e-m/fpv4-sp/hard/crt0.o
                0x00000240                _start
                0x00000240                _mainCRTStartup
 .text          0x000002b4       0x3c _build/nrf52832_xxaa/gcc_startup_nrf52.S.o
                0x000002b4                Reset_Handler
                0x000002dc                NMI_Handler
                0x000002de                HardFault_Handler
                0x000002e0                MemoryManagement_Handler
                0x000002e2                BusFault_Handler
                0x000002e4                UsageFault_Handler
                0x000002e6                SVC_Handler
                0x000002e8                DebugMon_Handler
                0x000002ea                PendSV_Handler
                0x000002ec                SysTick_Handler
                0x000002ee                SWI0_EGU0_IRQHandler
                0x000002ee                POWER_CLOCK_IRQHandler
                0x000002ee                RADIO_IRQHandler
                0x000002ee                PDM_IRQHandler
                0x000002ee                TEMP_IRQHandler
                0x000002ee                QDEC_IRQHandler
                0x000002ee                TIMER3_IRQHandler
                0x000002ee                FPU_IRQHandler
                0x000002ee                GPIOTE_IRQHandler
                0x000002ee                PWM1_IRQHandler
                0x000002ee                TIMER4_IRQHandler
                0x000002ee                RTC0_IRQHandler
                0x000002ee                SWI4_EGU4_IRQHandler
                0x000002ee                SWI2_EGU2_IRQHandler
                0x000002ee                TIMER1_IRQHandler
                0x000002ee                PWM2_IRQHandler
                0x000002ee                ECB_IRQHandler
                0x000002ee                SPIM1_SPIS1_TWIM1_TWIS1_SPI1_TWI1_IRQHandler
                0x000002ee                Default_Handler
                0x000002ee                CCM_AAR_IRQHandler
                0x000002ee                WDT_IRQHandler
                0x000002ee                SPIM0_SPIS0_TWIM0_TWIS0_SPI0_TWI0_IRQHandler
                0x000002ee                SWI5_EGU5_IRQHandler
                0x000002ee                RNG_IRQHandler
                0x000002ee                RTC2_IRQHandler
                0x000002ee                PWM0_IRQHandler
                0x000002ee                SWI3_EGU3_IRQHandler
                0x000002ee                RTC1_IRQHandler
                0x000002ee                SWI1_EGU1_IRQHandler
                0x000002ee                SPIM2_SPIS2_SPI2_IRQHandler
                0x000002ee                NFCT_IRQHandler
                0x000002ee                I2S_IRQHandler
                0x000002ee                MWU_IRQHandler
                0x000002ee                TIMER2_IRQHandler
                0x000002ee                COMP_LPCOMP_IRQHandler
 .text.nrf_log_backend_serial_put
                0x000002f0       0xd4 _build/nrf52832_xxaa/nrf_log_backend_serial.c.o
                0x000002f0                nrf_log_backend_serial_put
 .text.uart_evt_handler
                0x000003c4        0xc _build/nrf52832_xxaa/nrf_log_backend_uart.c.o
 .text.nrf_log_backend_uart_flush
                0x000003d0        0x4 _build/nrf52832_xxaa/nrf_log_backend_uart.c.o
 .text.nrf_log_backend_uart_put
                0x000003d4       0x20 _build/nrf52832_xxaa/nrf_log_backend_uart.c.o
 .text.serial_tx
                0x000003f4       0x4c _build/nrf52832_xxaa/nrf_log_backend_uart.c.o
 .text.nrf_log_backend_uart_panic_set
                0x00000440       0x60 _build/nrf52832_xxaa/nrf_log_backend_uart.c.o
 .text.nrf_log_backend_uart_init
                0x000004a0       0x48 _build/nrf52832_xxaa/nrf_log_backend_uart.c.o
                0x000004a0                nrf_log_backend_uart_init
 .text.nrf_log_default_backends_init
                0x000004e8       0x20 _build/nrf52832_xxaa/nrf_log_default_backends.c.o
                0x000004e8                nrf_log_default_backends_init
 .text.log_skip
                0x00000508       0xd4 _build/nrf52832_xxaa/nrf_log_frontend.c.o
 .text.nrf_log_init
                0x000005dc       0x3c _build/nrf52832_xxaa/nrf_log_frontend.c.o
                0x000005dc                nrf_log_init
 .text.nrf_log_module_name_get
                0x00000618       0x58 _build/nrf52832_xxaa/nrf_log_frontend.c.o
                0x00000618                nrf_log_module_name_get
 .text.nrf_log_color_id_get
                0x00000670       0x2c _build/nrf52832_xxaa/nrf_log_frontend.c.o
                0x00000670                nrf_log_color_id_get
 .text.nrf_log_frontend_std_0
                0x0000069c       0xe4 _build/nrf52832_xxaa/nrf_log_frontend.c.o
                0x0000069c                nrf_log_frontend_std_0
 .text.nrf_log_frontend_dequeue.part.6
                0x00000780      0x264 _build/nrf52832_xxaa/nrf_log_frontend.c.o
 .text.nrf_log_frontend_std_1
                0x000009e4       0xf0 _build/nrf52832_xxaa/nrf_log_frontend.c.o
                0x000009e4                nrf_log_frontend_std_1
 .text.nrf_log_frontend_dequeue
                0x00000ad4       0x18 _build/nrf52832_xxaa/nrf_log_frontend.c.o
                0x00000ad4                nrf_log_frontend_dequeue
 .text.nrf_log_backend_add
                0x00000aec       0x68 _build/nrf52832_xxaa/nrf_log_frontend.c.o
                0x00000aec                nrf_log_backend_add
 .text.nrf_log_panic
                0x00000b54       0x2c _build/nrf52832_xxaa/nrf_log_frontend.c.o
                0x00000b54                nrf_log_panic
 .text.nrf_log_std_entry_process
                0x00000b80      0x14c _build/nrf52832_xxaa/nrf_log_str_formatter.c.o
                0x00000b80                nrf_log_std_entry_process
 .text.nrf_log_hexdump_entry_process
                0x00000ccc      0x158 _build/nrf52832_xxaa/nrf_log_str_formatter.c.o
                0x00000ccc                nrf_log_hexdump_entry_process
 .text.app_error_handler_bare
                0x00000e24       0x20 _build/nrf52832_xxaa/app_error.c.o
                0x00000e24                app_error_handler_bare
 .text.app_error_fault_handler
                0x00000e44       0x70 _build/nrf52832_xxaa/app_error_weak.c.o
                0x00000e44                app_error_fault_handler
 .text.app_util_critical_region_enter
                0x00000eb4       0x10 _build/nrf52832_xxaa/app_util_platform.c.o
                0x00000eb4                app_util_critical_region_enter
 .text.app_util_critical_region_exit
                0x00000ec4       0x14 _build/nrf52832_xxaa/app_util_platform.c.o
                0x00000ec4                app_util_critical_region_exit
 .text.nrf_atomic_u32_fetch_store
                0x00000ed8       0x14 _build/nrf52832_xxaa/nrf_atomic.c.o
                0x00000ed8                nrf_atomic_u32_fetch_store
 .text.nrf_atomic_u32_add
                0x00000eec       0x18 _build/nrf52832_xxaa/nrf_atomic.c.o
                0x00000eec                nrf_atomic_u32_add
 .text.nrf_atomic_u32_sub
                0x00000f04       0x18 _build/nrf52832_xxaa/nrf_atomic.c.o
                0x00000f04                nrf_atomic_u32_sub
 .text.nrf_atomic_flag_set
                0x00000f1c       0x18 _build/nrf52832_xxaa/nrf_atomic.c.o
                0x00000f1c                nrf_atomic_flag_set
 .text.nrf_atomic_flag_clear_fetch
                0x00000f34       0x18 _build/nrf52832_xxaa/nrf_atomic.c.o
                0x00000f34                nrf_atomic_flag_clear_fetch
 .text.nrf_balloc_init
                0x00000f4c       0x38 _build/nrf52832_xxaa/nrf_balloc.c.o
                0x00000f4c                nrf_balloc_init
 .text.nrf_balloc_alloc
                0x00000f84       0x44 _build/nrf52832_xxaa/nrf_balloc.c.o
                0x00000f84                nrf_balloc_alloc
 .text.nrf_balloc_free
                0x00000fc8       0x2c _build/nrf52832_xxaa/nrf_balloc.c.o
                0x00000fc8                nrf_balloc_free
 .text.nrf_fprintf_buffer_flush
                0x00000ff4       0x18 _build/nrf52832_xxaa/nrf_fprintf.c.o
                0x00000ff4                nrf_fprintf_buffer_flush
 .text.nrf_fprintf
                0x0000100c       0x20 _build/nrf52832_xxaa/nrf_fprintf.c.o
                0x0000100c                nrf_fprintf
 .text.unsigned_print
                0x0000102c      0x10c _build/nrf52832_xxaa/nrf_fprintf_format.c.o
 .text.nrf_fprintf_fmt
                0x00001138      0x5c4 _build/nrf52832_xxaa/nrf_fprintf_format.c.o
                0x00001138                nrf_fprintf_fmt
 .text.nrf_memobj_pool_init
                0x000016fc        0x4 _build/nrf52832_xxaa/nrf_memobj.c.o
                0x000016fc                nrf_memobj_pool_init
 .text.nrf_memobj_alloc
                0x00001700       0x84 _build/nrf52832_xxaa/nrf_memobj.c.o
                0x00001700                nrf_memobj_alloc
 .text.nrf_memobj_get
                0x00001784        0x8 _build/nrf52832_xxaa/nrf_memobj.c.o
                0x00001784                nrf_memobj_get
 .text.nrf_memobj_put
                0x0000178c       0x44 _build/nrf52832_xxaa/nrf_memobj.c.o
                0x0000178c                nrf_memobj_put
 .text.nrf_memobj_write
                0x000017d0       0x68 _build/nrf52832_xxaa/nrf_memobj.c.o
                0x000017d0                nrf_memobj_write
 .text.nrf_memobj_read
                0x00001838       0x68 _build/nrf52832_xxaa/nrf_memobj.c.o
                0x00001838                nrf_memobj_read
 .text.nrf_pwr_mgmt_init
                0x000018a0       0x2c _build/nrf52832_xxaa/nrf_pwr_mgmt.c.o
                0x000018a0                nrf_pwr_mgmt_init
 .text.nrf_pwr_mgmt_run
                0x000018cc       0x34 _build/nrf52832_xxaa/nrf_pwr_mgmt.c.o
                0x000018cc                nrf_pwr_mgmt_run
 .text.nrf_ringbuf_init
                0x00001900       0x1c _build/nrf52832_xxaa/nrf_ringbuf.c.o
                0x00001900                nrf_ringbuf_init
 .text.nrf_section_iter_init
                0x0000191c       0x14 _build/nrf52832_xxaa/nrf_section_iter.c.o
                0x0000191c                nrf_section_iter_init
 .text.nrf_drv_ppi_init
                0x00001930       0x14 _build/nrf52832_xxaa/nrf_drv_ppi.c.o
                0x00001930                nrf_drv_ppi_init
 .text.uarte_evt_handler
                0x00001944       0x34 _build/nrf52832_xxaa/nrf_drv_uart.c.o
 .text.uart_evt_handler
                0x00001978       0x34 _build/nrf52832_xxaa/nrf_drv_uart.c.o
 .text.nrf_drv_uart_init
                0x000019ac       0x80 _build/nrf52832_xxaa/nrf_drv_uart.c.o
                0x000019ac                nrf_drv_uart_init
 .text.nrfx_ppi_channel_alloc
                0x00001a2c       0x64 _build/nrf52832_xxaa/nrfx_ppi.c.o
                0x00001a2c                nrfx_ppi_channel_alloc
 .text.nrfx_ppi_channel_assign
                0x00001a90       0x4c _build/nrf52832_xxaa/nrfx_ppi.c.o
                0x00001a90                nrfx_ppi_channel_assign
 .text.nrfx_ppi_channel_enable
                0x00001adc       0x28 _build/nrf52832_xxaa/nrfx_ppi.c.o
                0x00001adc                nrfx_ppi_channel_enable
 .text.UARTE0_UART0_IRQHandler
                0x00001b04        0xc _build/nrf52832_xxaa/nrfx_prs.c.o
                0x00001b04                UARTE0_UART0_IRQHandler
 .text.nrfx_prs_acquire
                0x00001b10       0x3c _build/nrf52832_xxaa/nrfx_prs.c.o
                0x00001b10                nrfx_prs_acquire
 .text.nrfx_prs_release
                0x00001b4c       0x18 _build/nrf52832_xxaa/nrfx_prs.c.o
                0x00001b4c                nrfx_prs_release
 .text.SAADC_IRQHandler
                0x00001b64      0x1f0 _build/nrf52832_xxaa/nrfx_saadc.c.o
                0x00001b64                SAADC_IRQHandler
 .text.nrfx_saadc_init
                0x00001d54       0x9c _build/nrf52832_xxaa/nrfx_saadc.c.o
                0x00001d54                nrfx_saadc_init
 .text.nrfx_saadc_channel_init
                0x00001df0       0xd8 _build/nrf52832_xxaa/nrfx_saadc.c.o
                0x00001df0                nrfx_saadc_channel_init
 .text.nrfx_saadc_sample_task_get
                0x00001ec8       0x20 _build/nrf52832_xxaa/nrfx_saadc.c.o
                0x00001ec8                nrfx_saadc_sample_task_get
 .text.nrfx_saadc_buffer_convert
                0x00001ee8       0xc4 _build/nrf52832_xxaa/nrfx_saadc.c.o
                0x00001ee8                nrfx_saadc_buffer_convert
 .text.nrfx_timer_init
                0x00001fac       0xfc _build/nrf52832_xxaa/nrfx_timer.c.o
                0x00001fac                nrfx_timer_init
 .text.nrfx_timer_enable
                0x000020a8       0x1c _build/nrf52832_xxaa/nrfx_timer.c.o
                0x000020a8                nrfx_timer_enable
 .text.nrfx_timer_extended_compare
                0x000020c4       0x60 _build/nrf52832_xxaa/nrfx_timer.c.o
                0x000020c4                nrfx_timer_extended_compare
 .text.TIMER0_IRQHandler
                0x00002124       0x58 _build/nrf52832_xxaa/nrfx_timer.c.o
                0x00002124                TIMER0_IRQHandler
 .text.nrfx_uart_0_irq_handler
                0x0000217c      0x1bc _build/nrf52832_xxaa/nrfx_uart.c.o
                0x0000217c                nrfx_uart_0_irq_handler
 .text.nrfx_uart_init
                0x00002338      0x1a4 _build/nrf52832_xxaa/nrfx_uart.c.o
                0x00002338                nrfx_uart_init
 .text.nrfx_uart_uninit
                0x000024dc       0xcc _build/nrf52832_xxaa/nrfx_uart.c.o
                0x000024dc                nrfx_uart_uninit
 .text.nrfx_uart_tx
                0x000025a8       0xcc _build/nrf52832_xxaa/nrfx_uart.c.o
                0x000025a8                nrfx_uart_tx
 .text.nrfx_uarte_0_irq_handler
                0x00002674      0x128 _build/nrf52832_xxaa/nrfx_uarte.c.o
                0x00002674                nrfx_uarte_0_irq_handler
 .text.nrfx_uarte_init
                0x0000279c      0x1c4 _build/nrf52832_xxaa/nrfx_uarte.c.o
                0x0000279c                nrfx_uarte_init
 .text.nrfx_uarte_uninit
                0x00002960       0xd0 _build/nrf52832_xxaa/nrfx_uarte.c.o
                0x00002960                nrfx_uarte_uninit
 .text.nrfx_uarte_tx
                0x00002a30       0xa0 _build/nrf52832_xxaa/nrfx_uarte.c.o
                0x00002a30                nrfx_uarte_tx
 .text.timer_handler
                0x00002ad0        0x4 _build/nrf52832_xxaa/main.c.o
                0x00002ad0                timer_handler
 .text.saadc_callback
                0x00002ad4       0x74 _build/nrf52832_xxaa/main.c.o
                0x00002ad4                saadc_callback
 .text.saadc_sampling_event_init
                0x00002b48       0x94 _build/nrf52832_xxaa/main.c.o
                0x00002b48                saadc_sampling_event_init
 .text.saadc_sampling_event_enable
                0x00002bdc       0x1c _build/nrf52832_xxaa/main.c.o
                0x00002bdc                saadc_sampling_event_enable
 .text.saadc_init
                0x00002bf8       0x68 _build/nrf52832_xxaa/main.c.o
                0x00002bf8                saadc_init
 .text.startup.main
                0x00002c60       0x58 _build/nrf52832_xxaa/main.c.o
                0x00002c60                main
 .text.SystemInit
                0x00002cb8      0x3c0 _build/nrf52832_xxaa/system_nrf52.c.o
                0x00002cb8                SystemInit
 .text.exit     0x00003078       0x28 c:/program files (x86)/gnu tools arm embedded/7 2018-q2-update/bin/../lib/gcc/arm-none-eabi/7.3.1/../../../../arm-none-eabi/lib/thumb/v7e-m/fpv4-sp/hard\libc_nano.a(lib_a-exit.o)
                0x00003078                exit
 .text.__libc_init_array
                0x000030a0       0x48 c:/program files (x86)/gnu tools arm embedded/7 2018-q2-update/bin/../lib/gcc/arm-none-eabi/7.3.1/../../../../arm-none-eabi/lib/thumb/v7e-m/fpv4-sp/hard\libc_nano.a(lib_a-init.o)
                0x000030a0                __libc_init_array
 .text.__locale_ctype_ptr
                0x000030e8       0x1c c:/program files (x86)/gnu tools arm embedded/7 2018-q2-update/bin/../lib/gcc/arm-none-eabi/7.3.1/../../../../arm-none-eabi/lib/thumb/v7e-m/fpv4-sp/hard\libc_nano.a(lib_a-locale.o)
                0x000030e8                __locale_ctype_ptr
 .text.__ascii_mbtowc
                0x00003104       0x24 c:/program files (x86)/gnu tools arm embedded/7 2018-q2-update/bin/../lib/gcc/arm-none-eabi/7.3.1/../../../../arm-none-eabi/lib/thumb/v7e-m/fpv4-sp/hard\libc_nano.a(lib_a-mbtowc_r.o)
                0x00003104                __ascii_mbtowc
 .text.memcpy   0x00003128       0x16 c:/program files (x86)/gnu tools arm embedded/7 2018-q2-update/bin/../lib/gcc/arm-none-eabi/7.3.1/../../../../arm-none-eabi/lib/thumb/v7e-m/fpv4-sp/hard\libc_nano.a(lib_a-memcpy-stub.o)
                0x00003128                memcpy
 .text.memset   0x0000313e       0x10 c:/program files (x86)/gnu tools arm embedded/7 2018-q2-update/bin/../lib/gcc/arm-none-eabi/7.3.1/../../../../arm-none-eabi/lib/thumb/v7e-m/fpv4-sp/hard\libc_nano.a(lib_a-memset.o)
                0x0000313e                memset
 .text          0x0000314e       0x10 c:/program files (x86)/gnu tools arm embedded/7 2018-q2-update/bin/../lib/gcc/arm-none-eabi/7.3.1/../../../../arm-none-eabi/lib/thumb/v7e-m/fpv4-sp/hard\libc_nano.a(lib_a-strlen.o)
                0x0000314e                strlen
 .text.__ascii_wctomb
                0x0000315e       0x1a c:/program files (x86)/gnu tools arm embedded/7 2018-q2-update/bin/../lib/gcc/arm-none-eabi/7.3.1/../../../../arm-none-eabi/lib/thumb/v7e-m/fpv4-sp/hard\libc_nano.a(lib_a-wctomb_r.o)
                0x0000315e                __ascii_wctomb
 .text._exit    0x00003178        0x4 c:/program files (x86)/gnu tools arm embedded/7 2018-q2-update/bin/../lib/gcc/arm-none-eabi/7.3.1/../../../../arm-none-eabi/lib/thumb/v7e-m/fpv4-sp/hard\libnosys.a(_exit.o)
                0x00003178                _exit
 *(.init)
 .init          0x0000317c        0x4 c:/program files (x86)/gnu tools arm embedded/7 2018-q2-update/bin/../lib/gcc/arm-none-eabi/7.3.1/thumb/v7e-m/fpv4-sp/hard/crti.o
                0x0000317c                _init
 .init          0x00003180        0x8 c:/program files (x86)/gnu tools arm embedded/7 2018-q2-update/bin/../lib/gcc/arm-none-eabi/7.3.1/thumb/v7e-m/fpv4-sp/hard/crtn.o
 *(.fini)
 .fini          0x00003188        0x4 c:/program files (x86)/gnu tools arm embedded/7 2018-q2-update/bin/../lib/gcc/arm-none-eabi/7.3.1/thumb/v7e-m/fpv4-sp/hard/crti.o
                0x00003188                _fini
 .fini          0x0000318c        0x8 c:/program files (x86)/gnu tools arm embedded/7 2018-q2-update/bin/../lib/gcc/arm-none-eabi/7.3.1/thumb/v7e-m/fpv4-sp/hard/crtn.o
 *crtbegin.o(.ctors)
 *crtbegin?.o(.ctors)
 *(EXCLUDE_FILE(*crtend.o *crtend?.o) .ctors)
 *(SORT_BY_NAME(.ctors.*))
 *(.ctors)
 *crtbegin.o(.dtors)
 *crtbegin?.o(.dtors)
 *(EXCLUDE_FILE(*crtend.o *crtend?.o) .dtors)
 *(SORT_BY_NAME(.dtors.*))
 *(.dtors)
 *(.rodata*)
 .rodata        0x00003194       0x20 _build/nrf52832_xxaa/nrf_log_backend_uart.c.o
 .rodata.nrf_log_backend_uart_api
                0x000031b4        0xc _build/nrf52832_xxaa/nrf_log_backend_uart.c.o
                0x000031b4                nrf_log_backend_uart_api
 .rodata.str1.4
                0x000031c0       0x11 _build/nrf52832_xxaa/nrf_log_default_backends.c.o
 *fill*         0x000031d1        0x3 
 .rodata.m_log_push_ringbuf
                0x000031d4        0xc _build/nrf52832_xxaa/nrf_log_frontend.c.o
 .rodata.nrf_log_frontend_dequeue.part.6.str1.4
                0x000031e0       0x11 _build/nrf52832_xxaa/nrf_log_frontend.c.o
 *fill*         0x000031f1        0x3 
 .rodata.str1.4
                0x000031f4        0x4 _build/nrf52832_xxaa/nrf_log_frontend.c.o
 .rodata.m_colors
                0x000031f8       0x24 _build/nrf52832_xxaa/nrf_log_str_formatter.c.o
 .rodata.nrf_log_hexdump_entry_process.str1.4
                0x0000321c       0x13 _build/nrf52832_xxaa/nrf_log_str_formatter.c.o
                                 0x16 (size before relaxing)
 *fill*         0x0000322f        0x1 
 .rodata.nrf_log_std_entry_process.str1.4
                0x00003230       0x3b _build/nrf52832_xxaa/nrf_log_str_formatter.c.o
 *fill*         0x0000326b        0x1 
 .rodata.severity_names
                0x0000326c       0x14 _build/nrf52832_xxaa/nrf_log_str_formatter.c.o
 .rodata.str1.4
                0x00003280       0x56 _build/nrf52832_xxaa/nrf_log_str_formatter.c.o
 *fill*         0x000032d6        0x2 
 .rodata.app_error_fault_handler.str1.4
                0x000032d8       0x19 _build/nrf52832_xxaa/app_error_weak.c.o
 *fill*         0x000032f1        0x3 
 .rodata._aV2C.7399
                0x000032f4       0x10 _build/nrf52832_xxaa/nrf_fprintf_format.c.o
 .rodata.pwr_mgmt_data
                0x00003304        0xc _build/nrf52832_xxaa/nrf_pwr_mgmt.c.o
 .rodata.str1.4
                0x00003310        0x9 _build/nrf52832_xxaa/nrf_pwr_mgmt.c.o
 *fill*         0x00003319        0x3 
 .rodata.str1.4
                0x0000331c        0x4 _build/nrf52832_xxaa/nrfx_ppi.c.o
 .rodata.str1.4
                0x00003320        0x4 _build/nrf52832_xxaa/nrfx_prs.c.o
 .rodata.str1.4
                0x00003324        0x6 _build/nrf52832_xxaa/nrfx_saadc.c.o
 *fill*         0x0000332a        0x2 
 .rodata.str1.4
                0x0000332c        0x6 _build/nrf52832_xxaa/nrfx_timer.c.o
 *fill*         0x00003332        0x2 
 .rodata.str1.4
                0x00003334        0x5 _build/nrf52832_xxaa/nrfx_uart.c.o
 *fill*         0x00003339        0x3 
 .rodata.str1.4
                0x0000333c        0x6 _build/nrf52832_xxaa/nrfx_uarte.c.o
 *fill*         0x00003342        0x2 
 .rodata        0x00003344        0x9 _build/nrf52832_xxaa/main.c.o
 *fill*         0x0000334d        0x3 
 .rodata.default_config.8297
                0x00003350        0x4 _build/nrf52832_xxaa/main.c.o
 .rodata.m_timer
                0x00003354        0x8 _build/nrf52832_xxaa/main.c.o
 .rodata.main.str1.4
                0x0000335c       0x22 _build/nrf52832_xxaa/main.c.o
 *fill*         0x0000337e        0x2 
 .rodata.saadc_callback.str1.4
                0x00003380       0x1c _build/nrf52832_xxaa/main.c.o
                                 0x1b (size before relaxing)
 .rodata._global_impure_ptr
                0x0000339c        0x4 c:/program files (x86)/gnu tools arm embedded/7 2018-q2-update/bin/../lib/gcc/arm-none-eabi/7.3.1/../../../../arm-none-eabi/lib/thumb/v7e-m/fpv4-sp/hard\libc_nano.a(lib_a-impure.o)
                0x0000339c                _global_impure_ptr
 .rodata._setlocale_r.str1.1
                0x000033a0        0x8 c:/program files (x86)/gnu tools arm embedded/7 2018-q2-update/bin/../lib/gcc/arm-none-eabi/7.3.1/../../../../arm-none-eabi/lib/thumb/v7e-m/fpv4-sp/hard\libc_nano.a(lib_a-locale.o)
                                  0x9 (size before relaxing)
 .rodata.str1.1
                0x000033a8        0x2 c:/program files (x86)/gnu tools arm embedded/7 2018-q2-update/bin/../lib/gcc/arm-none-eabi/7.3.1/../../../../arm-none-eabi/lib/thumb/v7e-m/fpv4-sp/hard\libc_nano.a(lib_a-locale.o)
 .rodata._ctype_
                0x000033aa      0x101 c:/program files (x86)/gnu tools arm embedded/7 2018-q2-update/bin/../lib/gcc/arm-none-eabi/7.3.1/../../../../arm-none-eabi/lib/thumb/v7e-m/fpv4-sp/hard\libc_nano.a(lib_a-ctype_.o)
                0x000033aa                _ctype_
 *(.eh_frame*)
 *fill*         0x000034ab        0x1 
 .eh_frame      0x000034ac        0x0 c:/program files (x86)/gnu tools arm embedded/7 2018-q2-update/bin/../lib/gcc/arm-none-eabi/7.3.1/thumb/v7e-m/fpv4-sp/hard/crtbegin.o
 .eh_frame      0x000034ac        0x4 c:/program files (x86)/gnu tools arm embedded/7 2018-q2-update/bin/../lib/gcc/arm-none-eabi/7.3.1/thumb/v7e-m/fpv4-sp/hard/crtend.o

.glue_7         0x000034b0        0x0
 .glue_7        0x000034b0        0x0 linker stubs

.glue_7t        0x000034b0        0x0
 .glue_7t       0x000034b0        0x0 linker stubs

.vfp11_veneer   0x000034b0        0x0
 .vfp11_veneer  0x000034b0        0x0 linker stubs

.v4_bx          0x000034b0        0x0
 .v4_bx         0x000034b0        0x0 linker stubs

.iplt           0x000034b0        0x0
 .iplt          0x000034b0        0x0 c:/program files (x86)/gnu tools arm embedded/7 2018-q2-update/bin/../lib/gcc/arm-none-eabi/7.3.1/thumb/v7e-m/fpv4-sp/hard/crtbegin.o

.mem_section_dummy_rom

.pwr_mgmt_data  0x000034b0        0x0
                0x000034b0                PROVIDE (__start_pwr_mgmt_data = .)
 *(SORT_BY_NAME(.pwr_mgmt_data*))
                0x000034b0                PROVIDE (__stop_pwr_mgmt_data = .)

.log_const_data
                0x000034b0       0x40
                0x000034b0                PROVIDE (__start_log_const_data = .)
 *(SORT_BY_NAME(.log_const_data*))
 .log_const_data_PPI
                0x000034b0        0x8 _build/nrf52832_xxaa/nrfx_ppi.c.o
                0x000034b0                m_nrf_log_PPI_logs_data_const
 .log_const_data_PRS
                0x000034b8        0x8 _build/nrf52832_xxaa/nrfx_prs.c.o
                0x000034b8                m_nrf_log_PRS_logs_data_const
 .log_const_data_SAADC
                0x000034c0        0x8 _build/nrf52832_xxaa/nrfx_saadc.c.o
                0x000034c0                m_nrf_log_SAADC_logs_data_const
 .log_const_data_TIMER
                0x000034c8        0x8 _build/nrf52832_xxaa/nrfx_timer.c.o
                0x000034c8                m_nrf_log_TIMER_logs_data_const
 .log_const_data_UART
                0x000034d0        0x8 _build/nrf52832_xxaa/nrfx_uart.c.o
                0x000034d0                m_nrf_log_UART_logs_data_const
 .log_const_data_UARTE
                0x000034d8        0x8 _build/nrf52832_xxaa/nrfx_uarte.c.o
                0x000034d8                m_nrf_log_UARTE_logs_data_const
 .log_const_data_app
                0x000034e0        0x8 _build/nrf52832_xxaa/nrf_log_frontend.c.o
                0x000034e0                m_nrf_log_app_logs_data_const
 .log_const_data_pwr_mgmt
                0x000034e8        0x8 _build/nrf52832_xxaa/nrf_pwr_mgmt.c.o
                0x000034e8                m_nrf_log_pwr_mgmt_logs_data_const
                0x000034f0                PROVIDE (__stop_log_const_data = .)

.log_backends   0x000034f0       0x10
                [!provide]                PROVIDE (__start_log_backends = .)
 *(SORT_BY_NAME(.log_backends*))
 .log_backends  0x000034f0       0x10 _build/nrf52832_xxaa/nrf_log_default_backends.c.o
                [!provide]                PROVIDE (__stop_log_backends = .)

.nrf_balloc     0x00003500       0x14
                [!provide]                PROVIDE (__start_nrf_balloc = .)
 *(.nrf_balloc)
 .nrf_balloc    0x00003500       0x14 _build/nrf52832_xxaa/nrf_log_frontend.c.o
                0x00003500                log_mempool
                [!provide]                PROVIDE (__stop_nrf_balloc = .)

.ARM.extab
 *(.ARM.extab* .gnu.linkonce.armextab.*)
                0x00003514                __exidx_start = .

.ARM.exidx      0x00003514        0x8
 *(.ARM.exidx* .gnu.linkonce.armexidx.*)
 .ARM.exidx     0x00003514        0x8 c:/program files (x86)/gnu tools arm embedded/7 2018-q2-update/bin/../lib/gcc/arm-none-eabi/7.3.1/../../../../arm-none-eabi/lib/thumb/v7e-m/fpv4-sp/hard/crt0.o
                0x0000351c                __exidx_end = .
                0x0000351c                __etext = .

.rel.dyn        0x0000351c        0x0
 .rel.iplt      0x0000351c        0x0 c:/program files (x86)/gnu tools arm embedded/7 2018-q2-update/bin/../lib/gcc/arm-none-eabi/7.3.1/thumb/v7e-m/fpv4-sp/hard/crtbegin.o

.data           0x20000000      0x1f8 load address 0x0000351c
                0x20000000                __data_start__ = .
 *(vtable)
 *(.data*)
 .data.m_uart   0x20000000       0x14 _build/nrf52832_xxaa/nrf_log_backend_uart.c.o
                0x20000000                m_uart
 .data.log_backend_cb_uart_log_backend
                0x20000014        0x8 _build/nrf52832_xxaa/nrf_log_default_backends.c.o
 .data.SystemCoreClock
                0x2000001c        0x4 _build/nrf52832_xxaa/system_nrf52.c.o
                0x2000001c                SystemCoreClock
 .data._impure_ptr
                0x20000020        0x4 c:/program files (x86)/gnu tools arm embedded/7 2018-q2-update/bin/../lib/gcc/arm-none-eabi/7.3.1/../../../../arm-none-eabi/lib/thumb/v7e-m/fpv4-sp/hard\libc_nano.a(lib_a-impure.o)
                0x20000020                _impure_ptr
 .data.impure_data
                0x20000024       0x60 c:/program files (x86)/gnu tools arm embedded/7 2018-q2-update/bin/../lib/gcc/arm-none-eabi/7.3.1/../../../../arm-none-eabi/lib/thumb/v7e-m/fpv4-sp/hard\libc_nano.a(lib_a-impure.o)
 .data.__global_locale
                0x20000084      0x16c c:/program files (x86)/gnu tools arm embedded/7 2018-q2-update/bin/../lib/gcc/arm-none-eabi/7.3.1/../../../../arm-none-eabi/lib/thumb/v7e-m/fpv4-sp/hard\libc_nano.a(lib_a-locale.o)
                0x20000084                __global_locale
                0x200001f0                . = ALIGN (0x4)
                0x200001f0                PROVIDE (__preinit_array_start = .)
 *(.preinit_array)
                0x200001f0                PROVIDE (__preinit_array_end = .)
                0x200001f0                . = ALIGN (0x4)
                0x200001f0                PROVIDE (__init_array_start = .)
 *(SORT_BY_NAME(.init_array.*))
 *(.init_array)
 .init_array    0x200001f0        0x4 c:/program files (x86)/gnu tools arm embedded/7 2018-q2-update/bin/../lib/gcc/arm-none-eabi/7.3.1/thumb/v7e-m/fpv4-sp/hard/crtbegin.o
                0x200001f4                PROVIDE (__init_array_end = .)
                0x200001f4                . = ALIGN (0x4)
                [!provide]                PROVIDE (__fini_array_start = .)
 *(SORT_BY_NAME(.fini_array.*))
 *(.fini_array)
 .fini_array    0x200001f4        0x4 c:/program files (x86)/gnu tools arm embedded/7 2018-q2-update/bin/../lib/gcc/arm-none-eabi/7.3.1/thumb/v7e-m/fpv4-sp/hard/crtbegin.o
                [!provide]                PROVIDE (__fini_array_end = .)
 *(.jcr*)
                0x200001f8                . = ALIGN (0x4)
                0x200001f8                __data_end__ = .
LOAD c:/program files (x86)/gnu tools arm embedded/7 2018-q2-update/bin/../lib/gcc/arm-none-eabi/7.3.1/thumb/v7e-m/fpv4-sp/hard/crti.o
LOAD c:/program files (x86)/gnu tools arm embedded/7 2018-q2-update/bin/../lib/gcc/arm-none-eabi/7.3.1/thumb/v7e-m/fpv4-sp/hard/crtbegin.o
LOAD c:/program files (x86)/gnu tools arm embedded/7 2018-q2-update/bin/../lib/gcc/arm-none-eabi/7.3.1/../../../../arm-none-eabi/lib/thumb/v7e-m/fpv4-sp/hard/crt0.o
LOAD _build/nrf52832_xxaa/gcc_startup_nrf52.S.o
LOAD _build/nrf52832_xxaa/nrf_log_backend_rtt.c.o
LOAD _build/nrf52832_xxaa/nrf_log_backend_serial.c.o
LOAD _build/nrf52832_xxaa/nrf_log_backend_uart.c.o
LOAD _build/nrf52832_xxaa/nrf_log_default_backends.c.o
LOAD _build/nrf52832_xxaa/nrf_log_frontend.c.o
LOAD _build/nrf52832_xxaa/nrf_log_str_formatter.c.o
LOAD _build/nrf52832_xxaa/boards.c.o
LOAD _build/nrf52832_xxaa/app_error.c.o
LOAD _build/nrf52832_xxaa/app_error_handler_gcc.c.o
LOAD _build/nrf52832_xxaa/app_error_weak.c.o
LOAD _build/nrf52832_xxaa/app_util_platform.c.o
LOAD _build/nrf52832_xxaa/nrf_assert.c.o
LOAD _build/nrf52832_xxaa/nrf_atomic.c.o
LOAD _build/nrf52832_xxaa/nrf_balloc.c.o
LOAD _build/nrf52832_xxaa/nrf_fprintf.c.o
LOAD _build/nrf52832_xxaa/nrf_fprintf_format.c.o
LOAD _build/nrf52832_xxaa/nrf_memobj.c.o
LOAD _build/nrf52832_xxaa/nrf_pwr_mgmt.c.o
LOAD _build/nrf52832_xxaa/nrf_ringbuf.c.o
LOAD _build/nrf52832_xxaa/nrf_section_iter.c.o
LOAD _build/nrf52832_xxaa/nrf_strerror.c.o
LOAD _build/nrf52832_xxaa/nrf_drv_ppi.c.o
LOAD _build/nrf52832_xxaa/nrf_drv_uart.c.o
LOAD _build/nrf52832_xxaa/nrfx_ppi.c.o
LOAD _build/nrf52832_xxaa/nrfx_prs.c.o
LOAD _build/nrf52832_xxaa/nrfx_saadc.c.o
LOAD _build/nrf52832_xxaa/nrfx_timer.c.o
LOAD _build/nrf52832_xxaa/nrfx_uart.c.o
LOAD _build/nrf52832_xxaa/nrfx_uarte.c.o
LOAD _build/nrf52832_xxaa/main.c.o
LOAD _build/nrf52832_xxaa/SEGGER_RTT.c.o
LOAD _build/nrf52832_xxaa/SEGGER_RTT_Syscalls_GCC.c.o
LOAD _build/nrf52832_xxaa/SEGGER_RTT_printf.c.o
LOAD _build/nrf52832_xxaa/system_nrf52.c.o
LOAD c:/program files (x86)/gnu tools arm embedded/7 2018-q2-update/bin/../lib/gcc/arm-none-eabi/7.3.1/../../../../arm-none-eabi/lib/thumb/v7e-m/fpv4-sp/hard\libc_nano.a
LOAD c:/program files (x86)/gnu tools arm embedded/7 2018-q2-update/bin/../lib/gcc/arm-none-eabi/7.3.1/../../../../arm-none-eabi/lib/thumb/v7e-m/fpv4-sp/hard\libnosys.a
LOAD c:/program files (x86)/gnu tools arm embedded/7 2018-q2-update/bin/../lib/gcc/arm-none-eabi/7.3.1/../../../../arm-none-eabi/lib/thumb/v7e-m/fpv4-sp/hard\libm.a
START GROUP
LOAD c:/program files (x86)/gnu tools arm embedded/7 2018-q2-update/bin/../lib/gcc/arm-none-eabi/7.3.1/thumb/v7e-m/fpv4-sp/hard\libgcc.a
LOAD c:/program files (x86)/gnu tools arm embedded/7 2018-q2-update/bin/../lib/gcc/arm-none-eabi/7.3.1/../../../../arm-none-eabi/lib/thumb/v7e-m/fpv4-sp/hard\libg_nano.a
LOAD c:/program files (x86)/gnu tools arm embedded/7 2018-q2-update/bin/../lib/gcc/arm-none-eabi/7.3.1/../../../../arm-none-eabi/lib/thumb/v7e-m/fpv4-sp/hard\libc_nano.a
END GROUP
START GROUP
LOAD c:/program files (x86)/gnu tools arm embedded/7 2018-q2-update/bin/../lib/gcc/arm-none-eabi/7.3.1/thumb/v7e-m/fpv4-sp/hard\libgcc.a
LOAD c:/program files (x86)/gnu tools arm embedded/7 2018-q2-update/bin/../lib/gcc/arm-none-eabi/7.3.1/../../../../arm-none-eabi/lib/thumb/v7e-m/fpv4-sp/hard\libc_nano.a
END GROUP
LOAD c:/program files (x86)/gnu tools arm embedded/7 2018-q2-update/bin/../lib/gcc/arm-none-eabi/7.3.1/thumb/v7e-m/fpv4-sp/hard/crtend.o
LOAD c:/program files (x86)/gnu tools arm embedded/7 2018-q2-update/bin/../lib/gcc/arm-none-eabi/7.3.1/thumb/v7e-m/fpv4-sp/hard/crtn.o
START GROUP
LOAD c:/program files (x86)/gnu tools arm embedded/7 2018-q2-update/bin/../lib/gcc/arm-none-eabi/7.3.1/thumb/v7e-m/fpv4-sp/hard\libgcc.a
LOAD c:/program files (x86)/gnu tools arm embedded/7 2018-q2-update/bin/../lib/gcc/arm-none-eabi/7.3.1/../../../../arm-none-eabi/lib/thumb/v7e-m/fpv4-sp/hard\libc.a
LOAD c:/program files (x86)/gnu tools arm embedded/7 2018-q2-update/bin/../lib/gcc/arm-none-eabi/7.3.1/../../../../arm-none-eabi/lib/thumb/v7e-m/fpv4-sp/hard\libnosys.a
END GROUP

.igot.plt       0x200001f8        0x0 load address 0x00003714
 .igot.plt      0x200001f8        0x0 c:/program files (x86)/gnu tools arm embedded/7 2018-q2-update/bin/../lib/gcc/arm-none-eabi/7.3.1/thumb/v7e-m/fpv4-sp/hard/crtbegin.o
                0x200001f8                . = ALIGN (0x4)

.mem_section_dummy_ram

.log_dynamic_data
                0x200001f8        0x0
                0x200001f8                PROVIDE (__start_log_dynamic_data = .)
 *(SORT_BY_NAME(.log_dynamic_data*))
                [!provide]                PROVIDE (__stop_log_dynamic_data = .)

.log_filter_data
                0x200001f8        0x0
                [!provide]                PROVIDE (__start_log_filter_data = .)
 *(SORT_BY_NAME(.log_filter_data*))
                [!provide]                PROVIDE (__stop_log_filter_data = .)

.bss            0x200001f8      0x6c8 load address 0x00003714
                0x200001f8                . = ALIGN (0x4)
                0x200001f8                __bss_start__ = .
 *(.bss*)
 .bss           0x200001f8       0x1c c:/program files (x86)/gnu tools arm embedded/7 2018-q2-update/bin/../lib/gcc/arm-none-eabi/7.3.1/thumb/v7e-m/fpv4-sp/hard/crtbegin.o
 .bss.m_async_mode
                0x20000214        0x1 _build/nrf52832_xxaa/nrf_log_backend_uart.c.o
 *fill*         0x20000215        0x3 
 .bss.m_string_buff
                0x20000218       0x40 _build/nrf52832_xxaa/nrf_log_backend_uart.c.o
 .bss.m_xfer_done
                0x20000258        0x1 _build/nrf52832_xxaa/nrf_log_backend_uart.c.o
 *fill*         0x20000259        0x3 
 .bss.log_mempool_nrf_balloc_cb
                0x2000025c        0x8 _build/nrf52832_xxaa/nrf_log_frontend.c.o
 .bss.log_mempool_nrf_balloc_pool_mem
                0x20000264       0xc0 _build/nrf52832_xxaa/nrf_log_frontend.c.o
 .bss.log_mempool_nrf_balloc_pool_stack
                0x20000324        0x8 _build/nrf52832_xxaa/nrf_log_frontend.c.o
 .bss.m_log_data
                0x2000032c      0x424 _build/nrf52832_xxaa/nrf_log_frontend.c.o
 .bss.m_log_push_ringbuf_buf
                0x20000750       0x80 _build/nrf52832_xxaa/nrf_log_frontend.c.o
 .bss.m_log_push_ringbuf_cb
                0x200007d0       0x18 _build/nrf52832_xxaa/nrf_log_frontend.c.o
 .bss.m_in_critical_region
                0x200007e8        0x4 _build/nrf52832_xxaa/app_util_platform.c.o
 .bss.m_handlers_iter
                0x200007ec        0x8 _build/nrf52832_xxaa/nrf_pwr_mgmt.c.o
 .bss.m_shutdown_started
                0x200007f4        0x1 _build/nrf52832_xxaa/nrf_pwr_mgmt.c.o
 *fill*         0x200007f5        0x3 
 .bss.m_sysoff_mtx
                0x200007f8        0x4 _build/nrf52832_xxaa/nrf_pwr_mgmt.c.o
 .bss.m_drv_state
                0x200007fc        0x1 _build/nrf52832_xxaa/nrf_drv_ppi.c.o
 *fill*         0x200007fd        0x3 
 .bss.m_contexts
                0x20000800        0x4 _build/nrf52832_xxaa/nrf_drv_uart.c.o
 .bss.m_handlers
                0x20000804        0x4 _build/nrf52832_xxaa/nrf_drv_uart.c.o
 .bss.m_channels_allocated
                0x20000808        0x4 _build/nrf52832_xxaa/nrfx_ppi.c.o
 .bss.m_prs_box_4
                0x2000080c        0x8 _build/nrf52832_xxaa/nrfx_prs.c.o
 .bss.m_cb      0x20000814       0x30 _build/nrf52832_xxaa/nrfx_saadc.c.o
 .bss.m_cb      0x20000844        0xc _build/nrf52832_xxaa/nrfx_timer.c.o
 .bss.m_cb      0x20000850       0x2c _build/nrf52832_xxaa/nrfx_uart.c.o
 .bss.m_cb      0x2000087c       0x24 _build/nrf52832_xxaa/nrfx_uarte.c.o
 .bss.m_adc_evt_counter
                0x200008a0        0x4 _build/nrf52832_xxaa/main.c.o
 .bss.m_buffer_pool
                0x200008a4       0x14 _build/nrf52832_xxaa/main.c.o
 .bss.m_ppi_channel
                0x200008b8        0x1 _build/nrf52832_xxaa/main.c.o
 *(COMMON)
 *fill*         0x200008b9        0x3 
 COMMON         0x200008bc        0x1 _build/nrf52832_xxaa/nrf_drv_uart.c.o
                0x200008bc                nrf_drv_uart_use_easy_dma
                0x200008c0                . = ALIGN (0x4)
 *fill*         0x200008bd        0x3 
                0x200008c0                __bss_end__ = .

.heap           0x200008c0     0x2000
                0x200008c0                __HeapBase = .
                0x200008c0                __end__ = .
                [!provide]                PROVIDE (end = .)
 *(.heap*)
 .heap          0x200008c0     0x2000 _build/nrf52832_xxaa/gcc_startup_nrf52.S.o
                0x200028c0                __HeapLimit = .

.stack_dummy    0x200008c0     0x2000
 *(.stack*)
 .stack         0x200008c0     0x2000 _build/nrf52832_xxaa/gcc_startup_nrf52.S.o
                0x20010000                __StackTop = (ORIGIN (RAM) + LENGTH (RAM))
                0x2000e000                __StackLimit = (__StackTop - SIZEOF (.stack_dummy))
                0x20010000                PROVIDE (__stack = __StackTop)
                0x00000001                ASSERT ((__StackLimit >= __HeapLimit), region RAM overflowed with stack)
                0x000001f8                DataInitFlashUsed = (__bss_start__ - __data_start__)
                0x0000351c                CodeFlashUsed = (__etext - ORIGIN (FLASH))
                0x00003714                TotalFlashUsed = (CodeFlashUsed + DataInitFlashUsed)
                0x00000001                ASSERT ((TotalFlashUsed <= LENGTH (FLASH)), region FLASH overflowed with .data and user data)
OUTPUT(_build/nrf52832_xxaa.out elf32-littlearm)

.ARM.attributes
                0x00000000       0x30
 .ARM.attributes
                0x00000000       0x22 c:/program files (x86)/gnu tools arm embedded/7 2018-q2-update/bin/../lib/gcc/arm-none-eabi/7.3.1/thumb/v7e-m/fpv4-sp/hard/crti.o
 .ARM.attributes
                0x00000022       0x34 c:/program files (x86)/gnu tools arm embedded/7 2018-q2-update/bin/../lib/gcc/arm-none-eabi/7.3.1/thumb/v7e-m/fpv4-sp/hard/crtbegin.o
 .ARM.attributes
                0x00000056       0x20 c:/program files (x86)/gnu tools arm embedded/7 2018-q2-update/bin/../lib/gcc/arm-none-eabi/7.3.1/../../../../arm-none-eabi/lib/thumb/v7e-m/fpv4-sp/hard/crt0.o
 .ARM.attributes
                0x00000076       0x20 _build/nrf52832_xxaa/gcc_startup_nrf52.S.o
 .ARM.attributes
                0x00000096       0x39 _build/nrf52832_xxaa/nrf_log_backend_serial.c.o
 .ARM.attributes
                0x000000cf       0x39 _build/nrf52832_xxaa/nrf_log_backend_uart.c.o
 .ARM.attributes
                0x00000108       0x39 _build/nrf52832_xxaa/nrf_log_default_backends.c.o
 .ARM.attributes
                0x00000141       0x39 _build/nrf52832_xxaa/nrf_log_frontend.c.o
 .ARM.attributes
                0x0000017a       0x39 _build/nrf52832_xxaa/nrf_log_str_formatter.c.o
 .ARM.attributes
                0x000001b3       0x39 _build/nrf52832_xxaa/app_error.c.o
 .ARM.attributes
                0x000001ec       0x39 _build/nrf52832_xxaa/app_error_weak.c.o
 .ARM.attributes
                0x00000225       0x39 _build/nrf52832_xxaa/app_util_platform.c.o
 .ARM.attributes
                0x0000025e       0x39 _build/nrf52832_xxaa/nrf_atomic.c.o
 .ARM.attributes
                0x00000297       0x39 _build/nrf52832_xxaa/nrf_balloc.c.o
 .ARM.attributes
                0x000002d0       0x39 _build/nrf52832_xxaa/nrf_fprintf.c.o
 .ARM.attributes
                0x00000309       0x39 _build/nrf52832_xxaa/nrf_fprintf_format.c.o
 .ARM.attributes
                0x00000342       0x39 _build/nrf52832_xxaa/nrf_memobj.c.o
 .ARM.attributes
                0x0000037b       0x39 _build/nrf52832_xxaa/nrf_pwr_mgmt.c.o
 .ARM.attributes
                0x000003b4       0x39 _build/nrf52832_xxaa/nrf_ringbuf.c.o
 .ARM.attributes
                0x000003ed       0x39 _build/nrf52832_xxaa/nrf_section_iter.c.o
 .ARM.attributes
                0x00000426       0x39 _build/nrf52832_xxaa/nrf_drv_ppi.c.o
 .ARM.attributes
                0x0000045f       0x39 _build/nrf52832_xxaa/nrf_drv_uart.c.o
 .ARM.attributes
                0x00000498       0x39 _build/nrf52832_xxaa/nrfx_ppi.c.o
 .ARM.attributes
                0x000004d1       0x39 _build/nrf52832_xxaa/nrfx_prs.c.o
 .ARM.attributes
                0x0000050a       0x39 _build/nrf52832_xxaa/nrfx_saadc.c.o
 .ARM.attributes
                0x00000543       0x39 _build/nrf52832_xxaa/nrfx_timer.c.o
 .ARM.attributes
                0x0000057c       0x39 _build/nrf52832_xxaa/nrfx_uart.c.o
 .ARM.attributes
                0x000005b5       0x39 _build/nrf52832_xxaa/nrfx_uarte.c.o
 .ARM.attributes
                0x000005ee       0x39 _build/nrf52832_xxaa/main.c.o
 .ARM.attributes
                0x00000627       0x39 _build/nrf52832_xxaa/system_nrf52.c.o
 .ARM.attributes
                0x00000660       0x34 c:/program files (x86)/gnu tools arm embedded/7 2018-q2-update/bin/../lib/gcc/arm-none-eabi/7.3.1/../../../../arm-none-eabi/lib/thumb/v7e-m/fpv4-sp/hard\libc_nano.a(lib_a-exit.o)
 .ARM.attributes
                0x00000694       0x34 c:/program files (x86)/gnu tools arm embedded/7 2018-q2-update/bin/../lib/gcc/arm-none-eabi/7.3.1/../../../../arm-none-eabi/lib/thumb/v7e-m/fpv4-sp/hard\libc_nano.a(lib_a-impure.o)
 .ARM.attributes
                0x000006c8       0x34 c:/program files (x86)/gnu tools arm embedded/7 2018-q2-update/bin/../lib/gcc/arm-none-eabi/7.3.1/../../../../arm-none-eabi/lib/thumb/v7e-m/fpv4-sp/hard\libc_nano.a(lib_a-init.o)
 .ARM.attributes
                0x000006fc       0x34 c:/program files (x86)/gnu tools arm embedded/7 2018-q2-update/bin/../lib/gcc/arm-none-eabi/7.3.1/../../../../arm-none-eabi/lib/thumb/v7e-m/fpv4-sp/hard\libc_nano.a(lib_a-locale.o)
 .ARM.attributes
                0x00000730       0x34 c:/program files (x86)/gnu tools arm embedded/7 2018-q2-update/bin/../lib/gcc/arm-none-eabi/7.3.1/../../../../arm-none-eabi/lib/thumb/v7e-m/fpv4-sp/hard\libc_nano.a(lib_a-mbtowc_r.o)
 .ARM.attributes
                0x00000764       0x34 c:/program files (x86)/gnu tools arm embedded/7 2018-q2-update/bin/../lib/gcc/arm-none-eabi/7.3.1/../../../../arm-none-eabi/lib/thumb/v7e-m/fpv4-sp/hard\libc_nano.a(lib_a-memcpy-stub.o)
 .ARM.attributes
                0x00000798       0x34 c:/program files (x86)/gnu tools arm embedded/7 2018-q2-update/bin/../lib/gcc/arm-none-eabi/7.3.1/../../../../arm-none-eabi/lib/thumb/v7e-m/fpv4-sp/hard\libc_nano.a(lib_a-memset.o)
 .ARM.attributes
                0x000007cc       0x1b c:/program files (x86)/gnu tools arm embedded/7 2018-q2-update/bin/../lib/gcc/arm-none-eabi/7.3.1/../../../../arm-none-eabi/lib/thumb/v7e-m/fpv4-sp/hard\libc_nano.a(lib_a-strlen.o)
 .ARM.attributes
                0x000007e7       0x34 c:/program files (x86)/gnu tools arm embedded/7 2018-q2-update/bin/../lib/gcc/arm-none-eabi/7.3.1/../../../../arm-none-eabi/lib/thumb/v7e-m/fpv4-sp/hard\libc_nano.a(lib_a-wctomb_r.o)
 .ARM.attributes
                0x0000081b       0x34 c:/program files (x86)/gnu tools arm embedded/7 2018-q2-update/bin/../lib/gcc/arm-none-eabi/7.3.1/../../../../arm-none-eabi/lib/thumb/v7e-m/fpv4-sp/hard\libc_nano.a(lib_a-ctype_.o)
 .ARM.attributes
                0x0000084f       0x34 c:/program files (x86)/gnu tools arm embedded/7 2018-q2-update/bin/../lib/gcc/arm-none-eabi/7.3.1/../../../../arm-none-eabi/lib/thumb/v7e-m/fpv4-sp/hard\libnosys.a(_exit.o)
 .ARM.attributes
                0x00000883       0x34 c:/program files (x86)/gnu tools arm embedded/7 2018-q2-update/bin/../lib/gcc/arm-none-eabi/7.3.1/thumb/v7e-m/fpv4-sp/hard/crtend.o
 .ARM.attributes
                0x000008b7       0x22 c:/program files (x86)/gnu tools arm embedded/7 2018-q2-update/bin/../lib/gcc/arm-none-eabi/7.3.1/thumb/v7e-m/fpv4-sp/hard/crtn.o

.comment        0x00000000       0x7f
 .comment       0x00000000       0x7f _build/nrf52832_xxaa/nrf_log_backend_serial.c.o
                                 0x80 (size before relaxing)
 .comment       0x0000007f       0x80 _build/nrf52832_xxaa/nrf_log_backend_uart.c.o
 .comment       0x0000007f       0x80 _build/nrf52832_xxaa/nrf_log_default_backends.c.o
 .comment       0x0000007f       0x80 _build/nrf52832_xxaa/nrf_log_frontend.c.o
 .comment       0x0000007f       0x80 _build/nrf52832_xxaa/nrf_log_str_formatter.c.o
 .comment       0x0000007f       0x80 _build/nrf52832_xxaa/app_error.c.o
 .comment       0x0000007f       0x80 _build/nrf52832_xxaa/app_error_weak.c.o
 .comment       0x0000007f       0x80 _build/nrf52832_xxaa/app_util_platform.c.o
 .comment       0x0000007f       0x80 _build/nrf52832_xxaa/nrf_atomic.c.o
 .comment       0x0000007f       0x80 _build/nrf52832_xxaa/nrf_balloc.c.o
 .comment       0x0000007f       0x80 _build/nrf52832_xxaa/nrf_fprintf.c.o
 .comment       0x0000007f       0x80 _build/nrf52832_xxaa/nrf_fprintf_format.c.o
 .comment       0x0000007f       0x80 _build/nrf52832_xxaa/nrf_memobj.c.o
 .comment       0x0000007f       0x80 _build/nrf52832_xxaa/nrf_pwr_mgmt.c.o
 .comment       0x0000007f       0x80 _build/nrf52832_xxaa/nrf_ringbuf.c.o
 .comment       0x0000007f       0x80 _build/nrf52832_xxaa/nrf_section_iter.c.o
 .comment       0x0000007f       0x80 _build/nrf52832_xxaa/nrf_drv_ppi.c.o
 .comment       0x0000007f       0x80 _build/nrf52832_xxaa/nrf_drv_uart.c.o
 .comment       0x0000007f       0x80 _build/nrf52832_xxaa/nrfx_ppi.c.o
 .comment       0x0000007f       0x80 _build/nrf52832_xxaa/nrfx_prs.c.o
 .comment       0x0000007f       0x80 _build/nrf52832_xxaa/nrfx_saadc.c.o
 .comment       0x0000007f       0x80 _build/nrf52832_xxaa/nrfx_timer.c.o
 .comment       0x0000007f       0x80 _build/nrf52832_xxaa/nrfx_uart.c.o
 .comment       0x0000007f       0x80 _build/nrf52832_xxaa/nrfx_uarte.c.o
 .comment       0x0000007f       0x80 _build/nrf52832_xxaa/main.c.o
 .comment       0x0000007f       0x80 _build/nrf52832_xxaa/system_nrf52.c.o

.debug_line     0x00000000     0xef43
 .debug_line    0x00000000       0x86 _build/nrf52832_xxaa/gcc_startup_nrf52.S.o
 .debug_line    0x00000086      0x7f4 _build/nrf52832_xxaa/nrf_log_backend_serial.c.o
 .debug_line    0x0000087a      0xa5e _build/nrf52832_xxaa/nrf_log_backend_uart.c.o
 .debug_line    0x000012d8      0x772 _build/nrf52832_xxaa/nrf_log_default_backends.c.o
 .debug_line    0x00001a4a      0xe97 _build/nrf52832_xxaa/nrf_log_frontend.c.o
 .debug_line    0x000028e1      0x84e _build/nrf52832_xxaa/nrf_log_str_formatter.c.o
 .debug_line    0x0000312f      0x503 _build/nrf52832_xxaa/app_error.c.o
 .debug_line    0x00003632      0x7c7 _build/nrf52832_xxaa/app_error_weak.c.o
 .debug_line    0x00003df9      0x5a2 _build/nrf52832_xxaa/app_util_platform.c.o
 .debug_line    0x0000439b      0x6b4 _build/nrf52832_xxaa/nrf_atomic.c.o
 .debug_line    0x00004a4f      0x73d _build/nrf52832_xxaa/nrf_balloc.c.o
 .debug_line    0x0000518c      0x54d _build/nrf52832_xxaa/nrf_fprintf.c.o
 .debug_line    0x000056d9      0x74a _build/nrf52832_xxaa/nrf_fprintf_format.c.o
 .debug_line    0x00005e23      0x821 _build/nrf52832_xxaa/nrf_memobj.c.o
 .debug_line    0x00006644      0xaf7 _build/nrf52832_xxaa/nrf_pwr_mgmt.c.o
 .debug_line    0x0000713b      0x6e0 _build/nrf52832_xxaa/nrf_ringbuf.c.o
 .debug_line    0x0000781b      0x557 _build/nrf52832_xxaa/nrf_section_iter.c.o
 .debug_line    0x00007d72      0x73d _build/nrf52832_xxaa/nrf_drv_ppi.c.o
 .debug_line    0x000084af      0x7b0 _build/nrf52832_xxaa/nrf_drv_uart.c.o
 .debug_line    0x00008c5f      0xc3b _build/nrf52832_xxaa/nrfx_ppi.c.o
 .debug_line    0x0000989a      0x8ac _build/nrf52832_xxaa/nrfx_prs.c.o
 .debug_line    0x0000a146     0x1263 _build/nrf52832_xxaa/nrfx_saadc.c.o
 .debug_line    0x0000b3a9      0xca4 _build/nrf52832_xxaa/nrfx_timer.c.o
 .debug_line    0x0000c04d      0xf97 _build/nrf52832_xxaa/nrfx_uart.c.o
 .debug_line    0x0000cfe4      0xed7 _build/nrf52832_xxaa/nrfx_uarte.c.o
 .debug_line    0x0000debb      0xbe9 _build/nrf52832_xxaa/main.c.o
 .debug_line    0x0000eaa4      0x49f _build/nrf52832_xxaa/system_nrf52.c.o

.debug_info     0x00000000    0x267e4
 .debug_info    0x00000000       0x26 _build/nrf52832_xxaa/gcc_startup_nrf52.S.o
 .debug_info    0x00000026     0x10d4 _build/nrf52832_xxaa/nrf_log_backend_serial.c.o
 .debug_info    0x000010fa     0x1a7a _build/nrf52832_xxaa/nrf_log_backend_uart.c.o
 .debug_info    0x00002b74      0xc7b _build/nrf52832_xxaa/nrf_log_default_backends.c.o
 .debug_info    0x000037ef     0x3848 _build/nrf52832_xxaa/nrf_log_frontend.c.o
 .debug_info    0x00007037     0x132b _build/nrf52832_xxaa/nrf_log_str_formatter.c.o
 .debug_info    0x00008362      0xaeb _build/nrf52832_xxaa/app_error.c.o
 .debug_info    0x00008e4d      0xecd _build/nrf52832_xxaa/app_error_weak.c.o
 .debug_info    0x00009d1a      0xfa6 _build/nrf52832_xxaa/app_util_platform.c.o
 .debug_info    0x0000acc0     0x122a _build/nrf52832_xxaa/nrf_atomic.c.o
 .debug_info    0x0000beea      0xd20 _build/nrf52832_xxaa/nrf_balloc.c.o
 .debug_info    0x0000cc0a      0xaa8 _build/nrf52832_xxaa/nrf_fprintf.c.o
 .debug_info    0x0000d6b2     0x11eb _build/nrf52832_xxaa/nrf_fprintf_format.c.o
 .debug_info    0x0000e89d     0x1320 _build/nrf52832_xxaa/nrf_memobj.c.o
 .debug_info    0x0000fbbd     0x1a14 _build/nrf52832_xxaa/nrf_pwr_mgmt.c.o
 .debug_info    0x000115d1      0xdee _build/nrf52832_xxaa/nrf_ringbuf.c.o
 .debug_info    0x000123bf      0xa21 _build/nrf52832_xxaa/nrf_section_iter.c.o
 .debug_info    0x00012de0      0x990 _build/nrf52832_xxaa/nrf_drv_ppi.c.o
 .debug_info    0x00013770     0x18e8 _build/nrf52832_xxaa/nrf_drv_uart.c.o
 .debug_info    0x00015058     0x1b67 _build/nrf52832_xxaa/nrfx_ppi.c.o
 .debug_info    0x00016bbf     0x107f _build/nrf52832_xxaa/nrfx_prs.c.o
 .debug_info    0x00017c3e     0x2d6b _build/nrf52832_xxaa/nrfx_saadc.c.o
 .debug_info    0x0001a9a9     0x227a _build/nrf52832_xxaa/nrfx_timer.c.o
 .debug_info    0x0001cc23     0x3825 _build/nrf52832_xxaa/nrfx_uart.c.o
 .debug_info    0x00020448     0x352c _build/nrf52832_xxaa/nrfx_uarte.c.o
 .debug_info    0x00023974     0x1d37 _build/nrf52832_xxaa/main.c.o
 .debug_info    0x000256ab     0x1139 _build/nrf52832_xxaa/system_nrf52.c.o

.debug_abbrev   0x00000000     0x554f
 .debug_abbrev  0x00000000       0x14 _build/nrf52832_xxaa/gcc_startup_nrf52.S.o
 .debug_abbrev  0x00000014      0x27f _build/nrf52832_xxaa/nrf_log_backend_serial.c.o
 .debug_abbrev  0x00000293      0x3ca _build/nrf52832_xxaa/nrf_log_backend_uart.c.o
 .debug_abbrev  0x0000065d      0x256 _build/nrf52832_xxaa/nrf_log_default_backends.c.o
 .debug_abbrev  0x000008b3      0x598 _build/nrf52832_xxaa/nrf_log_frontend.c.o
 .debug_abbrev  0x00000e4b      0x2ba _build/nrf52832_xxaa/nrf_log_str_formatter.c.o
 .debug_abbrev  0x00001105      0x235 _build/nrf52832_xxaa/app_error.c.o
 .debug_abbrev  0x0000133a      0x298 _build/nrf52832_xxaa/app_error_weak.c.o
 .debug_abbrev  0x000015d2      0x326 _build/nrf52832_xxaa/app_util_platform.c.o
 .debug_abbrev  0x000018f8      0x31f _build/nrf52832_xxaa/nrf_atomic.c.o
 .debug_abbrev  0x00001c17      0x2f1 _build/nrf52832_xxaa/nrf_balloc.c.o
 .debug_abbrev  0x00001f08      0x239 _build/nrf52832_xxaa/nrf_fprintf.c.o
 .debug_abbrev  0x00002141      0x352 _build/nrf52832_xxaa/nrf_fprintf_format.c.o
 .debug_abbrev  0x00002493      0x350 _build/nrf52832_xxaa/nrf_memobj.c.o
 .debug_abbrev  0x000027e3      0x40b _build/nrf52832_xxaa/nrf_pwr_mgmt.c.o
 .debug_abbrev  0x00002bee      0x265 _build/nrf52832_xxaa/nrf_ringbuf.c.o
 .debug_abbrev  0x00002e53      0x1da _build/nrf52832_xxaa/nrf_section_iter.c.o
 .debug_abbrev  0x0000302d      0x214 _build/nrf52832_xxaa/nrf_drv_ppi.c.o
 .debug_abbrev  0x00003241      0x298 _build/nrf52832_xxaa/nrf_drv_uart.c.o
 .debug_abbrev  0x000034d9      0x402 _build/nrf52832_xxaa/nrfx_ppi.c.o
 .debug_abbrev  0x000038db      0x305 _build/nrf52832_xxaa/nrfx_prs.c.o
 .debug_abbrev  0x00003be0      0x56d _build/nrf52832_xxaa/nrfx_saadc.c.o
 .debug_abbrev  0x0000414d      0x471 _build/nrf52832_xxaa/nrfx_timer.c.o
 .debug_abbrev  0x000045be      0x4fe _build/nrf52832_xxaa/nrfx_uart.c.o
 .debug_abbrev  0x00004abc      0x4f5 _build/nrf52832_xxaa/nrfx_uarte.c.o
 .debug_abbrev  0x00004fb1      0x3bc _build/nrf52832_xxaa/main.c.o
 .debug_abbrev  0x0000536d      0x1e2 _build/nrf52832_xxaa/system_nrf52.c.o

.debug_aranges  0x00000000      0x7c8
 .debug_aranges
                0x00000000       0x20 _build/nrf52832_xxaa/gcc_startup_nrf52.S.o
 .debug_aranges
                0x00000020       0x20 _build/nrf52832_xxaa/nrf_log_backend_serial.c.o
 .debug_aranges
                0x00000040       0x48 _build/nrf52832_xxaa/nrf_log_backend_uart.c.o
 .debug_aranges
                0x00000088       0x20 _build/nrf52832_xxaa/nrf_log_default_backends.c.o
 .debug_aranges
                0x000000a8       0xc8 _build/nrf52832_xxaa/nrf_log_frontend.c.o
 .debug_aranges
                0x00000170       0x30 _build/nrf52832_xxaa/nrf_log_str_formatter.c.o
 .debug_aranges
                0x000001a0       0x28 _build/nrf52832_xxaa/app_error.c.o
 .debug_aranges
                0x000001c8       0x20 _build/nrf52832_xxaa/app_error_weak.c.o
 .debug_aranges
                0x000001e8       0x48 _build/nrf52832_xxaa/app_util_platform.c.o
 .debug_aranges
                0x00000230       0xb0 _build/nrf52832_xxaa/nrf_atomic.c.o
 .debug_aranges
                0x000002e0       0x30 _build/nrf52832_xxaa/nrf_balloc.c.o
 .debug_aranges
                0x00000310       0x28 _build/nrf52832_xxaa/nrf_fprintf.c.o
 .debug_aranges
                0x00000338       0x28 _build/nrf52832_xxaa/nrf_fprintf_format.c.o
 .debug_aranges
                0x00000360       0x50 _build/nrf52832_xxaa/nrf_memobj.c.o
 .debug_aranges
                0x000003b0       0x38 _build/nrf52832_xxaa/nrf_pwr_mgmt.c.o
 .debug_aranges
                0x000003e8       0x50 _build/nrf52832_xxaa/nrf_ringbuf.c.o
 .debug_aranges
                0x00000438       0x28 _build/nrf52832_xxaa/nrf_section_iter.c.o
 .debug_aranges
                0x00000460       0x28 _build/nrf52832_xxaa/nrf_drv_ppi.c.o
 .debug_aranges
                0x00000488       0x30 _build/nrf52832_xxaa/nrf_drv_uart.c.o
 .debug_aranges
                0x000004b8       0x80 _build/nrf52832_xxaa/nrfx_ppi.c.o
 .debug_aranges
                0x00000538       0x30 _build/nrf52832_xxaa/nrfx_prs.c.o
 .debug_aranges
                0x00000568       0x80 _build/nrf52832_xxaa/nrfx_saadc.c.o
 .debug_aranges
                0x000005e8       0x90 _build/nrf52832_xxaa/nrfx_timer.c.o
 .debug_aranges
                0x00000678       0x78 _build/nrf52832_xxaa/nrfx_uart.c.o
 .debug_aranges
                0x000006f0       0x68 _build/nrf52832_xxaa/nrfx_uarte.c.o
 .debug_aranges
                0x00000758       0x48 _build/nrf52832_xxaa/main.c.o
 .debug_aranges
                0x000007a0       0x28 _build/nrf52832_xxaa/system_nrf52.c.o

.debug_str      0x00000000    0x7ca37
 .debug_str     0x00000000       0xa7 _build/nrf52832_xxaa/gcc_startup_nrf52.S.o
 .debug_str     0x000000a7    0x6da46 _build/nrf52832_xxaa/nrf_log_backend_serial.c.o
                              0x6eb71 (size before relaxing)
 .debug_str     0x0006daed     0x40b1 _build/nrf52832_xxaa/nrf_log_backend_uart.c.o
                              0x7275b (size before relaxing)
 .debug_str     0x00071b9e      0x11c _build/nrf52832_xxaa/nrf_log_default_backends.c.o
                              0x6e928 (size before relaxing)
 .debug_str     0x00071cba     0x1366 _build/nrf52832_xxaa/nrf_log_frontend.c.o
                              0x6fdd3 (size before relaxing)
 .debug_str     0x00073020      0x689 _build/nrf52832_xxaa/nrf_log_str_formatter.c.o
                              0x6f06e (size before relaxing)
 .debug_str     0x000736a9       0xf4 _build/nrf52832_xxaa/app_error.c.o
                              0x60948 (size before relaxing)
 .debug_str     0x0007379d       0xd9 _build/nrf52832_xxaa/app_error_weak.c.o
                              0x6eff1 (size before relaxing)
 .debug_str     0x00073876      0x3a7 _build/nrf52832_xxaa/app_util_platform.c.o
                              0x6113a (size before relaxing)
 .debug_str     0x00073c1d      0x6b9 _build/nrf52832_xxaa/nrf_atomic.c.o
                              0x6aa40 (size before relaxing)
 .debug_str     0x000742d6      0x164 _build/nrf52832_xxaa/nrf_balloc.c.o
                              0x6e989 (size before relaxing)
 .debug_str     0x0007443a      0x144 _build/nrf52832_xxaa/nrf_fprintf.c.o
                              0x6a699 (size before relaxing)
 .debug_str     0x0007457e      0x11d _build/nrf52832_xxaa/nrf_fprintf_format.c.o
                              0x6a78e (size before relaxing)
 .debug_str     0x0007469b      0x1ac _build/nrf52832_xxaa/nrf_memobj.c.o
                              0x6cd53 (size before relaxing)
 .debug_str     0x00074847      0xef2 _build/nrf52832_xxaa/nrf_pwr_mgmt.c.o
                              0x7309c (size before relaxing)
 .debug_str     0x00075739       0xdc _build/nrf52832_xxaa/nrf_ringbuf.c.o
                              0x6b445 (size before relaxing)
 .debug_str     0x00075815       0x54 _build/nrf52832_xxaa/nrf_section_iter.c.o
                              0x6a868 (size before relaxing)
 .debug_str     0x00075869      0x713 _build/nrf52832_xxaa/nrf_drv_ppi.c.o
                              0x6e1e8 (size before relaxing)
 .debug_str     0x00075f7c      0x470 _build/nrf52832_xxaa/nrf_drv_uart.c.o
                              0x6ef75 (size before relaxing)
 .debug_str     0x000763ec      0x92c _build/nrf52832_xxaa/nrfx_ppi.c.o
                              0x71527 (size before relaxing)
 .debug_str     0x00076d18      0x341 _build/nrf52832_xxaa/nrfx_prs.c.o
                              0x71199 (size before relaxing)
 .debug_str     0x00077059     0x17cf _build/nrf52832_xxaa/nrfx_saadc.c.o
                              0x72a77 (size before relaxing)
 .debug_str     0x00078828     0x1052 _build/nrf52832_xxaa/nrfx_timer.c.o
                              0x722bb (size before relaxing)
 .debug_str     0x0007987a      0x9f5 _build/nrf52832_xxaa/nrfx_uart.c.o
                              0x7234a (size before relaxing)
 .debug_str     0x0007a26f      0x8c8 _build/nrf52832_xxaa/nrfx_uarte.c.o
                              0x7273c (size before relaxing)
 .debug_str     0x0007ab37     0x1b9e _build/nrf52832_xxaa/main.c.o
                              0x75f83 (size before relaxing)
 .debug_str     0x0007c6d5      0x362 _build/nrf52832_xxaa/system_nrf52.c.o
                              0x5c4a7 (size before relaxing)

.debug_loc      0x00000000     0xae6b
 .debug_loc     0x00000000      0x160 _build/nrf52832_xxaa/nrf_log_backend_serial.c.o
 .debug_loc     0x00000160      0x227 _build/nrf52832_xxaa/nrf_log_backend_uart.c.o
 .debug_loc     0x00000387       0x15 _build/nrf52832_xxaa/nrf_log_default_backends.c.o
 .debug_loc     0x0000039c     0x27e7 _build/nrf52832_xxaa/nrf_log_frontend.c.o
 .debug_loc     0x00002b83      0x471 _build/nrf52832_xxaa/nrf_log_str_formatter.c.o
 .debug_loc     0x00002ff4       0xca _build/nrf52832_xxaa/app_error.c.o
 .debug_loc     0x000030be       0x63 _build/nrf52832_xxaa/app_error_weak.c.o
 .debug_loc     0x00003121       0xc3 _build/nrf52832_xxaa/app_util_platform.c.o
 .debug_loc     0x000031e4      0x35c _build/nrf52832_xxaa/nrf_atomic.c.o
 .debug_loc     0x00003540      0x21b _build/nrf52832_xxaa/nrf_balloc.c.o
 .debug_loc     0x0000375b       0x4a _build/nrf52832_xxaa/nrf_fprintf.c.o
 .debug_loc     0x000037a5      0xf2c _build/nrf52832_xxaa/nrf_fprintf_format.c.o
 .debug_loc     0x000046d1      0xb27 _build/nrf52832_xxaa/nrf_memobj.c.o
 .debug_loc     0x000051f8       0xc8 _build/nrf52832_xxaa/nrf_pwr_mgmt.c.o
 .debug_loc     0x000052c0      0x5d5 _build/nrf52832_xxaa/nrf_ringbuf.c.o
 .debug_loc     0x00005895      0x1ae _build/nrf52832_xxaa/nrf_drv_uart.c.o
 .debug_loc     0x00005a43      0x8c4 _build/nrf52832_xxaa/nrfx_ppi.c.o
 .debug_loc     0x00006307       0xc6 _build/nrf52832_xxaa/nrfx_prs.c.o
 .debug_loc     0x000063cd     0x1331 _build/nrf52832_xxaa/nrfx_saadc.c.o
 .debug_loc     0x000076fe      0x870 _build/nrf52832_xxaa/nrfx_timer.c.o
 .debug_loc     0x00007f6e     0x1902 _build/nrf52832_xxaa/nrfx_uart.c.o
 .debug_loc     0x00009870     0x1352 _build/nrf52832_xxaa/nrfx_uarte.c.o
 .debug_loc     0x0000abc2      0x2a9 _build/nrf52832_xxaa/main.c.o

.debug_ranges   0x00000000     0x2b60
 .debug_ranges  0x00000000       0x28 _build/nrf52832_xxaa/nrf_log_backend_serial.c.o
 .debug_ranges  0x00000028       0xb0 _build/nrf52832_xxaa/nrf_log_backend_uart.c.o
 .debug_ranges  0x000000d8       0x10 _build/nrf52832_xxaa/nrf_log_default_backends.c.o
 .debug_ranges  0x000000e8      0x860 _build/nrf52832_xxaa/nrf_log_frontend.c.o
 .debug_ranges  0x00000948       0xb0 _build/nrf52832_xxaa/nrf_log_str_formatter.c.o
 .debug_ranges  0x000009f8       0x18 _build/nrf52832_xxaa/app_error.c.o
 .debug_ranges  0x00000a10       0x10 _build/nrf52832_xxaa/app_error_weak.c.o
 .debug_ranges  0x00000a20       0x50 _build/nrf52832_xxaa/app_util_platform.c.o
 .debug_ranges  0x00000a70       0xb8 _build/nrf52832_xxaa/nrf_atomic.c.o
 .debug_ranges  0x00000b28       0x38 _build/nrf52832_xxaa/nrf_balloc.c.o
 .debug_ranges  0x00000b60       0x18 _build/nrf52832_xxaa/nrf_fprintf.c.o
 .debug_ranges  0x00000b78      0x1e8 _build/nrf52832_xxaa/nrf_fprintf_format.c.o
 .debug_ranges  0x00000d60       0xb0 _build/nrf52832_xxaa/nrf_memobj.c.o
 .debug_ranges  0x00000e10       0x88 _build/nrf52832_xxaa/nrf_pwr_mgmt.c.o
 .debug_ranges  0x00000e98       0x40 _build/nrf52832_xxaa/nrf_ringbuf.c.o
 .debug_ranges  0x00000ed8       0x18 _build/nrf52832_xxaa/nrf_section_iter.c.o
 .debug_ranges  0x00000ef0       0x18 _build/nrf52832_xxaa/nrf_drv_ppi.c.o
 .debug_ranges  0x00000f08       0x20 _build/nrf52832_xxaa/nrf_drv_uart.c.o
 .debug_ranges  0x00000f28      0x260 _build/nrf52832_xxaa/nrfx_ppi.c.o
 .debug_ranges  0x00001188       0x38 _build/nrf52832_xxaa/nrfx_prs.c.o
 .debug_ranges  0x000011c0      0xb68 _build/nrf52832_xxaa/nrfx_saadc.c.o
 .debug_ranges  0x00001d28      0x2a0 _build/nrf52832_xxaa/nrfx_timer.c.o
 .debug_ranges  0x00001fc8      0x4a0 _build/nrf52832_xxaa/nrfx_uart.c.o
 .debug_ranges  0x00002468      0x420 _build/nrf52832_xxaa/nrfx_uarte.c.o
 .debug_ranges  0x00002888      0x170 _build/nrf52832_xxaa/main.c.o
 .debug_ranges  0x000029f8      0x168 _build/nrf52832_xxaa/system_nrf52.c.o

.debug_macro    0x00000000     0x7031
 .debug_macro   0x00000000      0x371 _build/nrf52832_xxaa/nrf_log_backend_serial.c.o
 .debug_macro   0x00000371       0x16 _build/nrf52832_xxaa/nrf_log_backend_serial.c.o
 .debug_macro   0x00000387       0x22 _build/nrf52832_xxaa/nrf_log_backend_serial.c.o
 .debug_macro   0x000003a9       0x1c _build/nrf52832_xxaa/nrf_log_backend_serial.c.o
 .debug_macro   0x000003c5       0x10 _build/nrf52832_xxaa/nrf_log_backend_serial.c.o
 .debug_macro   0x000003d5       0x10 _build/nrf52832_xxaa/nrf_log_backend_serial.c.o
 .debug_macro   0x000003e5       0xb6 _build/nrf52832_xxaa/nrf_log_backend_serial.c.o
 .debug_macro   0x0000049b       0x16 _build/nrf52832_xxaa/nrf_log_backend_serial.c.o
 .debug_macro   0x000004b1      0x129 _build/nrf52832_xxaa/nrf_log_backend_serial.c.o
 .debug_macro   0x000005da       0x49 _build/nrf52832_xxaa/nrf_log_backend_serial.c.o
 .debug_macro   0x00000623       0x8c _build/nrf52832_xxaa/nrf_log_backend_serial.c.o
 .debug_macro   0x000006af       0x31 _build/nrf52832_xxaa/nrf_log_backend_serial.c.o
 .debug_macro   0x000006e0       0x55 _build/nrf52832_xxaa/nrf_log_backend_serial.c.o
 .debug_macro   0x00000735       0x98 _build/nrf52832_xxaa/nrf_log_backend_serial.c.o
 .debug_macro   0x000007cd       0x10 _build/nrf52832_xxaa/nrf_log_backend_serial.c.o
 .debug_macro   0x000007dd       0x1d _build/nrf52832_xxaa/nrf_log_backend_serial.c.o
 .debug_macro   0x000007fa       0x2e _build/nrf52832_xxaa/nrf_log_backend_serial.c.o
 .debug_macro   0x00000828       0x1c _build/nrf52832_xxaa/nrf_log_backend_serial.c.o
 .debug_macro   0x00000844      0x185 _build/nrf52832_xxaa/nrf_log_backend_serial.c.o
 .debug_macro   0x000009c9      0x43e _build/nrf52832_xxaa/nrf_log_backend_uart.c.o
 .debug_macro   0x00000e07      0x3a3 _build/nrf52832_xxaa/nrf_log_backend_uart.c.o
 .debug_macro   0x000011aa       0x3d _build/nrf52832_xxaa/nrf_log_backend_uart.c.o
 .debug_macro   0x000011e7      0x2bf _build/nrf52832_xxaa/nrf_log_backend_uart.c.o
 .debug_macro   0x000014a6      0x11f _build/nrf52832_xxaa/nrf_log_backend_uart.c.o
 .debug_macro   0x000015c5       0x5a _build/nrf52832_xxaa/nrf_log_backend_uart.c.o
 .debug_macro   0x0000161f       0x16 _build/nrf52832_xxaa/nrf_log_backend_uart.c.o
 .debug_macro   0x00001635       0x82 _build/nrf52832_xxaa/nrf_log_backend_uart.c.o
 .debug_macro   0x000016b7       0x64 _build/nrf52832_xxaa/nrf_log_backend_uart.c.o
 .debug_macro   0x0000171b       0x20 _build/nrf52832_xxaa/nrf_log_backend_uart.c.o
 .debug_macro   0x0000173b       0x10 _build/nrf52832_xxaa/nrf_log_backend_uart.c.o
 .debug_macro   0x0000174b       0x10 _build/nrf52832_xxaa/nrf_log_backend_uart.c.o
 .debug_macro   0x0000175b       0x10 _build/nrf52832_xxaa/nrf_log_backend_uart.c.o
 .debug_macro   0x0000176b       0x10 _build/nrf52832_xxaa/nrf_log_backend_uart.c.o
 .debug_macro   0x0000177b       0x10 _build/nrf52832_xxaa/nrf_log_backend_uart.c.o
 .debug_macro   0x0000178b       0x3f _build/nrf52832_xxaa/nrf_log_backend_uart.c.o
 .debug_macro   0x000017ca      0x362 _build/nrf52832_xxaa/nrf_log_default_backends.c.o
 .debug_macro   0x00001b2c       0x10 _build/nrf52832_xxaa/nrf_log_default_backends.c.o
 .debug_macro   0x00001b3c      0x3e3 _build/nrf52832_xxaa/nrf_log_frontend.c.o
 .debug_macro   0x00001f1f       0x16 _build/nrf52832_xxaa/nrf_log_frontend.c.o
 .debug_macro   0x00001f35       0x9a _build/nrf52832_xxaa/nrf_log_frontend.c.o
 .debug_macro   0x00001fcf       0x9e _build/nrf52832_xxaa/nrf_log_frontend.c.o
 .debug_macro   0x0000206d      0x3ad _build/nrf52832_xxaa/nrf_log_str_formatter.c.o
 .debug_macro   0x0000241a       0x9c _build/nrf52832_xxaa/nrf_log_str_formatter.c.o
 .debug_macro   0x000024b6      0x21f _build/nrf52832_xxaa/app_error.c.o
 .debug_macro   0x000026d5       0x35 _build/nrf52832_xxaa/app_error.c.o
 .debug_macro   0x0000270a       0x97 _build/nrf52832_xxaa/app_error.c.o
 .debug_macro   0x000027a1       0xf6 _build/nrf52832_xxaa/app_error.c.o
 .debug_macro   0x00002897      0x361 _build/nrf52832_xxaa/app_error_weak.c.o
 .debug_macro   0x00002bf8       0x16 _build/nrf52832_xxaa/app_error_weak.c.o
 .debug_macro   0x00002c0e       0x92 _build/nrf52832_xxaa/app_error_weak.c.o
 .debug_macro   0x00002ca0      0x235 _build/nrf52832_xxaa/app_util_platform.c.o
 .debug_macro   0x00002ed5      0x223 _build/nrf52832_xxaa/nrf_atomic.c.o
 .debug_macro   0x000030f8       0x42 _build/nrf52832_xxaa/nrf_atomic.c.o
 .debug_macro   0x0000313a      0x326 _build/nrf52832_xxaa/nrf_balloc.c.o
 .debug_macro   0x00003460       0x10 _build/nrf52832_xxaa/nrf_balloc.c.o
 .debug_macro   0x00003470      0x22f _build/nrf52832_xxaa/nrf_fprintf.c.o
 .debug_macro   0x0000369f       0x58 _build/nrf52832_xxaa/nrf_fprintf.c.o
 .debug_macro   0x000036f7      0x241 _build/nrf52832_xxaa/nrf_fprintf_format.c.o
 .debug_macro   0x00003938      0x309 _build/nrf52832_xxaa/nrf_memobj.c.o
 .debug_macro   0x00003c41      0x10e _build/nrf52832_xxaa/nrf_memobj.c.o
 .debug_macro   0x00003d4f       0x86 _build/nrf52832_xxaa/nrf_memobj.c.o
 .debug_macro   0x00003dd5       0x54 _build/nrf52832_xxaa/nrf_memobj.c.o
 .debug_macro   0x00003e29      0x4cf _build/nrf52832_xxaa/nrf_pwr_mgmt.c.o
 .debug_macro   0x000042f8       0x11 _build/nrf52832_xxaa/nrf_pwr_mgmt.c.o
 .debug_macro   0x00004309       0x10 _build/nrf52832_xxaa/nrf_pwr_mgmt.c.o
 .debug_macro   0x00004319       0x45 _build/nrf52832_xxaa/nrf_pwr_mgmt.c.o
 .debug_macro   0x0000435e       0x22 _build/nrf52832_xxaa/nrf_pwr_mgmt.c.o
 .debug_macro   0x00004380      0x17f _build/nrf52832_xxaa/nrf_pwr_mgmt.c.o
 .debug_macro   0x000044ff      0x2b8 _build/nrf52832_xxaa/nrf_ringbuf.c.o
 .debug_macro   0x000047b7      0x232 _build/nrf52832_xxaa/nrf_section_iter.c.o
 .debug_macro   0x000049e9      0x326 _build/nrf52832_xxaa/nrf_drv_ppi.c.o
 .debug_macro   0x00004d0f       0x10 _build/nrf52832_xxaa/nrf_drv_ppi.c.o
 .debug_macro   0x00004d1f       0x16 _build/nrf52832_xxaa/nrf_drv_ppi.c.o
 .debug_macro   0x00004d35       0x88 _build/nrf52832_xxaa/nrf_drv_ppi.c.o
 .debug_macro   0x00004dbd      0x34f _build/nrf52832_xxaa/nrf_drv_uart.c.o
 .debug_macro   0x0000510c      0x3b9 _build/nrf52832_xxaa/nrfx_ppi.c.o
 .debug_macro   0x000054c5       0x1c _build/nrf52832_xxaa/nrfx_ppi.c.o
 .debug_macro   0x000054e1       0x37 _build/nrf52832_xxaa/nrfx_ppi.c.o
 .debug_macro   0x00005518       0x42 _build/nrf52832_xxaa/nrfx_ppi.c.o
 .debug_macro   0x0000555a      0x3bc _build/nrf52832_xxaa/nrfx_prs.c.o
 .debug_macro   0x00005916       0x28 _build/nrf52832_xxaa/nrfx_prs.c.o
 .debug_macro   0x0000593e      0x3e3 _build/nrf52832_xxaa/nrfx_saadc.c.o
 .debug_macro   0x00005d21       0x10 _build/nrf52832_xxaa/nrfx_saadc.c.o
 .debug_macro   0x00005d31       0x22 _build/nrf52832_xxaa/nrfx_saadc.c.o
 .debug_macro   0x00005d53      0x3c7 _build/nrf52832_xxaa/nrfx_timer.c.o
 .debug_macro   0x0000611a       0x22 _build/nrf52832_xxaa/nrfx_timer.c.o
 .debug_macro   0x0000613c       0x10 _build/nrf52832_xxaa/nrfx_timer.c.o
 .debug_macro   0x0000614c      0x3d7 _build/nrf52832_xxaa/nrfx_uart.c.o
 .debug_macro   0x00006523       0x1c _build/nrf52832_xxaa/nrfx_uart.c.o
 .debug_macro   0x0000653f      0x3e9 _build/nrf52832_xxaa/nrfx_uarte.c.o
 .debug_macro   0x00006928      0x4d0 _build/nrf52832_xxaa/main.c.o
 .debug_macro   0x00006df8       0x94 _build/nrf52832_xxaa/main.c.o
 .debug_macro   0x00006e8c       0x94 _build/nrf52832_xxaa/main.c.o
 .debug_macro   0x00006f20       0x10 _build/nrf52832_xxaa/main.c.o
 .debug_macro   0x00006f30       0x10 _build/nrf52832_xxaa/main.c.o
 .debug_macro   0x00006f40       0xf1 _build/nrf52832_xxaa/system_nrf52.c.o

.debug_frame    0x00000000     0x166c
 .debug_frame   0x00000000       0x40 _build/nrf52832_xxaa/nrf_log_backend_serial.c.o
 .debug_frame   0x00000040       0xb0 _build/nrf52832_xxaa/nrf_log_backend_uart.c.o
 .debug_frame   0x000000f0       0x28 _build/nrf52832_xxaa/nrf_log_default_backends.c.o
 .debug_frame   0x00000118      0x300 _build/nrf52832_xxaa/nrf_log_frontend.c.o
 .debug_frame   0x00000418       0x7c _build/nrf52832_xxaa/nrf_log_str_formatter.c.o
 .debug_frame   0x00000494       0x54 _build/nrf52832_xxaa/app_error.c.o
 .debug_frame   0x000004e8       0x28 _build/nrf52832_xxaa/app_error_weak.c.o
 .debug_frame   0x00000510       0x70 _build/nrf52832_xxaa/app_util_platform.c.o
 .debug_frame   0x00000580      0x150 _build/nrf52832_xxaa/nrf_atomic.c.o
 .debug_frame   0x000006d0       0x6c _build/nrf52832_xxaa/nrf_balloc.c.o
 .debug_frame   0x0000073c       0x5c _build/nrf52832_xxaa/nrf_fprintf.c.o
 .debug_frame   0x00000798       0x9c _build/nrf52832_xxaa/nrf_fprintf_format.c.o
 .debug_frame   0x00000834       0xd8 _build/nrf52832_xxaa/nrf_memobj.c.o
 .debug_frame   0x0000090c       0x70 _build/nrf52832_xxaa/nrf_pwr_mgmt.c.o
 .debug_frame   0x0000097c       0xd8 _build/nrf52832_xxaa/nrf_ringbuf.c.o
 .debug_frame   0x00000a54       0x30 _build/nrf52832_xxaa/nrf_section_iter.c.o
 .debug_frame   0x00000a84       0x3c _build/nrf52832_xxaa/nrf_drv_ppi.c.o
 .debug_frame   0x00000ac0       0x7c _build/nrf52832_xxaa/nrf_drv_uart.c.o
 .debug_frame   0x00000b3c      0x168 _build/nrf52832_xxaa/nrfx_ppi.c.o
 .debug_frame   0x00000ca4       0x4c _build/nrf52832_xxaa/nrfx_prs.c.o
 .debug_frame   0x00000cf0      0x224 _build/nrf52832_xxaa/nrfx_saadc.c.o
 .debug_frame   0x00000f14      0x19c _build/nrf52832_xxaa/nrfx_timer.c.o
 .debug_frame   0x000010b0      0x198 _build/nrf52832_xxaa/nrfx_uart.c.o
 .debug_frame   0x00001248      0x188 _build/nrf52832_xxaa/nrfx_uarte.c.o
 .debug_frame   0x000013d0       0xb4 _build/nrf52832_xxaa/main.c.o
 .debug_frame   0x00001484       0x40 _build/nrf52832_xxaa/system_nrf52.c.o
 .debug_frame   0x000014c4       0x28 c:/program files (x86)/gnu tools arm embedded/7 2018-q2-update/bin/../lib/gcc/arm-none-eabi/7.3.1/../../../../arm-none-eabi/lib/thumb/v7e-m/fpv4-sp/hard\libc_nano.a(lib_a-exit.o)
 .debug_frame   0x000014ec       0x2c c:/program files (x86)/gnu tools arm embedded/7 2018-q2-update/bin/../lib/gcc/arm-none-eabi/7.3.1/../../../../arm-none-eabi/lib/thumb/v7e-m/fpv4-sp/hard\libc_nano.a(lib_a-init.o)
 .debug_frame   0x00001518       0x68 c:/program files (x86)/gnu tools arm embedded/7 2018-q2-update/bin/../lib/gcc/arm-none-eabi/7.3.1/../../../../arm-none-eabi/lib/thumb/v7e-m/fpv4-sp/hard\libc_nano.a(lib_a-locale.o)
 .debug_frame   0x00001580       0x48 c:/program files (x86)/gnu tools arm embedded/7 2018-q2-update/bin/../lib/gcc/arm-none-eabi/7.3.1/../../../../arm-none-eabi/lib/thumb/v7e-m/fpv4-sp/hard\libc_nano.a(lib_a-mbtowc_r.o)
 .debug_frame   0x000015c8       0x28 c:/program files (x86)/gnu tools arm embedded/7 2018-q2-update/bin/../lib/gcc/arm-none-eabi/7.3.1/../../../../arm-none-eabi/lib/thumb/v7e-m/fpv4-sp/hard\libc_nano.a(lib_a-memcpy-stub.o)
 .debug_frame   0x000015f0       0x20 c:/program files (x86)/gnu tools arm embedded/7 2018-q2-update/bin/../lib/gcc/arm-none-eabi/7.3.1/../../../../arm-none-eabi/lib/thumb/v7e-m/fpv4-sp/hard\libc_nano.a(lib_a-memset.o)
 .debug_frame   0x00001610       0x3c c:/program files (x86)/gnu tools arm embedded/7 2018-q2-update/bin/../lib/gcc/arm-none-eabi/7.3.1/../../../../arm-none-eabi/lib/thumb/v7e-m/fpv4-sp/hard\libc_nano.a(lib_a-wctomb_r.o)
 .debug_frame   0x0000164c       0x20 c:/program files (x86)/gnu tools arm embedded/7 2018-q2-update/bin/../lib/gcc/arm-none-eabi/7.3.1/../../../../arm-none-eabi/lib/thumb/v7e-m/fpv4-sp/hard\libnosys.a(_exit.o)
